Component: ARM Compiler 5.05 update 2 (build 169) Tool: armlink [4d0f33]

==============================================================================

Section Cross References

    adc14.o(i.ADC14_configureConversionMemory) refers to adc14.o(i.ADCIsConversionRunning) for ADCIsConversionRunning
    adc14.o(i.ADC14_configureConversionMemory) refers to adc14.o(i._getIndexForMemRegister) for _getIndexForMemRegister
    adc14.o(i.ADC14_configureConversionMemory) refers to adc14.o(.constdata) for _ctlRegs
    adc14.o(i.ADC14_configureMultiSequenceMode) refers to adc14.o(i.ADCIsConversionRunning) for ADCIsConversionRunning
    adc14.o(i.ADC14_configureMultiSequenceMode) refers to adc14.o(i._getIndexForMemRegister) for _getIndexForMemRegister
    adc14.o(i.ADC14_configureMultiSequenceMode) refers to adc14.o(.constdata) for _ctlRegs
    adc14.o(i.ADC14_configureSingleSampleMode) refers to adc14.o(i.ADCIsConversionRunning) for ADCIsConversionRunning
    adc14.o(i.ADC14_configureSingleSampleMode) refers to adc14.o(i._getIndexForMemRegister) for _getIndexForMemRegister
    adc14.o(i.ADC14_disableComparatorWindow) refers to adc14.o(i.ADCIsConversionRunning) for ADCIsConversionRunning
    adc14.o(i.ADC14_disableComparatorWindow) refers to adc14.o(i._getIndexForMemRegister) for _getIndexForMemRegister
    adc14.o(i.ADC14_disableComparatorWindow) refers to adc14.o(.constdata) for _ctlRegs
    adc14.o(i.ADC14_disableModule) refers to adc14.o(i.ADCIsConversionRunning) for ADCIsConversionRunning
    adc14.o(i.ADC14_disableReferenceBurst) refers to adc14.o(i.ADCIsConversionRunning) for ADCIsConversionRunning
    adc14.o(i.ADC14_disableSampleTimer) refers to adc14.o(i.ADCIsConversionRunning) for ADCIsConversionRunning
    adc14.o(i.ADC14_enableComparatorWindow) refers to adc14.o(i.ADCIsConversionRunning) for ADCIsConversionRunning
    adc14.o(i.ADC14_enableComparatorWindow) refers to adc14.o(i._getIndexForMemRegister) for _getIndexForMemRegister
    adc14.o(i.ADC14_enableComparatorWindow) refers to adc14.o(.constdata) for _ctlRegs
    adc14.o(i.ADC14_enableConversion) refers to adc14.o(i.ADCIsConversionRunning) for ADCIsConversionRunning
    adc14.o(i.ADC14_enableReferenceBurst) refers to adc14.o(i.ADCIsConversionRunning) for ADCIsConversionRunning
    adc14.o(i.ADC14_enableSampleTimer) refers to adc14.o(i.ADCIsConversionRunning) for ADCIsConversionRunning
    adc14.o(i.ADC14_getEnabledInterruptStatus) refers to adc14.o(i.ADC14_getInterruptStatus) for ADC14_getInterruptStatus
    adc14.o(i.ADC14_getMultiSequenceResult) refers to adc14.o(.constdata) for _ctlRegs
    adc14.o(i.ADC14_getResult) refers to adc14.o(i._getIndexForMemRegister) for _getIndexForMemRegister
    adc14.o(i.ADC14_getResult) refers to adc14.o(.constdata) for _ctlRegs
    adc14.o(i.ADC14_getResultArray) refers to adc14.o(i._getIndexForMemRegister) for _getIndexForMemRegister
    adc14.o(i.ADC14_getResultArray) refers to adc14.o(.constdata) for _ctlRegs
    adc14.o(i.ADC14_initModule) refers to adc14.o(i.ADCIsConversionRunning) for ADCIsConversionRunning
    adc14.o(i.ADC14_registerInterrupt) refers to interrupt.o(i.Interrupt_registerInterrupt) for Interrupt_registerInterrupt
    adc14.o(i.ADC14_registerInterrupt) refers to interrupt.o(i.Interrupt_enableInterrupt) for Interrupt_enableInterrupt
    adc14.o(i.ADC14_setComparatorWindowValue) refers to adc14.o(i.ADCIsConversionRunning) for ADCIsConversionRunning
    adc14.o(i.ADC14_setPowerMode) refers to adc14.o(i.ADCIsConversionRunning) for ADCIsConversionRunning
    adc14.o(i.ADC14_setResultFormat) refers to adc14.o(i.ADCIsConversionRunning) for ADCIsConversionRunning
    adc14.o(i.ADC14_setSampleHoldTime) refers to adc14.o(i.ADCIsConversionRunning) for ADCIsConversionRunning
    adc14.o(i.ADC14_setSampleHoldTrigger) refers to adc14.o(i.ADCIsConversionRunning) for ADCIsConversionRunning
    adc14.o(i.ADC14_unregisterInterrupt) refers to interrupt.o(i.Interrupt_disableInterrupt) for Interrupt_disableInterrupt
    adc14.o(i.ADC14_unregisterInterrupt) refers to interrupt.o(i.Interrupt_unregisterInterrupt) for Interrupt_unregisterInterrupt
    cs.o(i.CS_getACLK) refers to cs.o(i._CSComputeCLKFrequency) for _CSComputeCLKFrequency
    cs.o(i.CS_getBCLK) refers to cs.o(i._CSComputeCLKFrequency) for _CSComputeCLKFrequency
    cs.o(i.CS_getDCOFrequency) refers to sysctl.o(i.SysCtl_getTLVInfo) for SysCtl_getTLVInfo
    cs.o(i.CS_getDCOFrequency) refers to cs.o(i._CSGetDOCFrequency) for _CSGetDOCFrequency
    cs.o(i.CS_getEnabledInterruptStatus) refers to cs.o(i.CS_getInterruptStatus) for CS_getInterruptStatus
    cs.o(i.CS_getHSMCLK) refers to cs.o(i._CSComputeCLKFrequency) for _CSComputeCLKFrequency
    cs.o(i.CS_getMCLK) refers to cs.o(i._CSComputeCLKFrequency) for _CSComputeCLKFrequency
    cs.o(i.CS_getSMCLK) refers to cs.o(i._CSComputeCLKFrequency) for _CSComputeCLKFrequency
    cs.o(i.CS_registerInterrupt) refers to interrupt.o(i.Interrupt_registerInterrupt) for Interrupt_registerInterrupt
[...]
    rt_raise.o(.text) refers to sys_exit.o(.text) for _sys_exit
    defsig_exit.o(.text) refers to sys_exit.o(.text) for _sys_exit
    defsig_rtmem_inner.o(.text) refers to defsig_general.o(.text) for __default_signal_display
    __raise.o(.text) refers to defsig.o(CL$$defsig) for __default_signal_handler
    defsig_general.o(.text) refers to sys_wrch.o(.text) for _ttywrch
    sys_wrch.o(.text) refers (Special) to use_no_semi.o(.text) for __I$use$semihosting
    sys_wrch.o(.text) refers (Special) to indicate_semi.o(.text) for __semihosting_library_function
    defsig.o(CL$$defsig) refers to defsig_rtmem_inner.o(.text) for __rt_SIGRTMEM_inner
    defsig_abrt_inner.o(.text) refers to defsig_general.o(.text) for __default_signal_display
    defsig_fpe_inner.o(.text) refers to defsig_general.o(.text) for __default_signal_display
    defsig_rtred_inner.o(.text) refers to defsig_general.o(.text) for __default_signal_display
    defsig_stak_inner.o(.text) refers to defsig_general.o(.text) for __default_signal_display
    defsig_pvfn_inner.o(.text) refers to defsig_general.o(.text) for __default_signal_display
    defsig_cppl_inner.o(.text) refers to defsig_general.o(.text) for __default_signal_display
    defsig_segv_inner.o(.text) refers to defsig_general.o(.text) for __default_signal_display
    defsig_other.o(.text) refers to defsig_general.o(.text) for __default_signal_display


==============================================================================

Removing Unused input sections from the image.

    Removing adc14.o(.rev16_text), (4 bytes).
    Removing adc14.o(.revsh_text), (4 bytes).
    Removing adc14.o(.rrx_text), (6 bytes).
    Removing adc14.o(i.ADC14_clearInterruptFlag), (40 bytes).
    Removing adc14.o(i.ADC14_configureConversionMemory), (120 bytes).
    Removing adc14.o(i.ADC14_configureMultiSequenceMode), (140 bytes).
    Removing adc14.o(i.ADC14_configureSingleSampleMode), (76 bytes).
    Removing adc14.o(i.ADC14_disableComparatorWindow), (76 bytes).
    Removing adc14.o(i.ADC14_disableConversion), (20 bytes).
    Removing adc14.o(i.ADC14_disableInterrupt), (40 bytes).
    Removing adc14.o(i.ADC14_disableModule), (28 bytes).
    Removing adc14.o(i.ADC14_disableReferenceBurst), (28 bytes).
    Removing adc14.o(i.ADC14_disableSampleTimer), (28 bytes).
    Removing adc14.o(i.ADC14_enableComparatorWindow), (100 bytes).
    Removing adc14.o(i.ADC14_enableConversion), (44 bytes).
    Removing adc14.o(i.ADC14_enableInterrupt), (40 bytes).
    Removing adc14.o(i.ADC14_enableModule), (12 bytes).
    Removing adc14.o(i.ADC14_enableReferenceBurst), (28 bytes).
    Removing adc14.o(i.ADC14_enableSampleTimer), (48 bytes).
    Removing adc14.o(i.ADC14_getEnabledInterruptStatus), (40 bytes).
    Removing adc14.o(i.ADC14_getInterruptStatus), (32 bytes).
    Removing adc14.o(i.ADC14_getMultiSequenceResult), (80 bytes).
    Removing adc14.o(i.ADC14_getResolution), (16 bytes).
    Removing adc14.o(i.ADC14_getResult), (28 bytes).
    Removing adc14.o(i.ADC14_getResultArray), (88 bytes).
    Removing adc14.o(i.ADC14_initModule), (68 bytes).
    Removing adc14.o(i.ADC14_isBusy), (20 bytes).
    Removing adc14.o(i.ADC14_registerInterrupt), (20 bytes).
    Removing adc14.o(i.ADC14_setComparatorWindowValue), (92 bytes).
    Removing adc14.o(i.ADC14_setPowerMode), (68 bytes).
    Removing adc14.o(i.ADC14_setResolution), (20 bytes).
    Removing adc14.o(i.ADC14_setResultFormat), (44 bytes).
    Removing adc14.o(i.ADC14_setSampleHoldTime), (44 bytes).
    Removing adc14.o(i.ADC14_setSampleHoldTrigger), (60 bytes).
    Removing adc14.o(i.ADC14_toggleConversionTrigger), (40 bytes).
    Removing adc14.o(i.ADC14_unregisterInterrupt), (16 bytes).
    Removing adc14.o(i.ADCIsConversionRunning), (20 bytes).
    Removing adc14.o(i._getIndexForMemRegister), (348 bytes).
    Removing adc14.o(.constdata), (128 bytes).
    Removing cpu.o(.rev16_text), (4 bytes).
    Removing cpu.o(.revsh_text), (4 bytes).
    Removing cpu.o(.rrx_text), (6 bytes).
    Removing cpu.o(.emb_text), (38 bytes).
    Removing cs.o(.rev16_text), (4 bytes).
    Removing cs.o(.revsh_text), (4 bytes).
    Removing cs.o(.rrx_text), (6 bytes).
    Removing cs.o(i.CS_disableClockRequest), (40 bytes).
    Removing cs.o(i.CS_disableDCOExternalResistor), (32 bytes).
    Removing cs.o(i.CS_disableFaultCounter), (48 bytes).
    Removing cs.o(i.CS_disableInterrupt), (40 bytes).
    Removing cs.o(i.CS_enableClockRequest), (40 bytes).
    Removing cs.o(i.CS_enableDCOExternalResistor), (32 bytes).
    Removing cs.o(i.CS_enableFaultCounter), (48 bytes).
    Removing cs.o(i.CS_enableInterrupt), (40 bytes).
    Removing cs.o(i.CS_getBCLK), (32 bytes).
    Removing cs.o(i.CS_getEnabledInterruptStatus), (20 bytes).
    Removing cs.o(i.CS_getHSMCLK), (36 bytes).
    Removing cs.o(i.CS_getInterruptStatus), (12 bytes).
    Removing cs.o(i.CS_initClockSignal), (312 bytes).
    Removing cs.o(i.CS_registerInterrupt), (20 bytes).
    Removing cs.o(i.CS_resetFaultCounter), (48 bytes).
    Removing cs.o(i.CS_setDCOCenteredFrequency), (40 bytes).
    Removing cs.o(i.CS_setDCOExternalResistorCalibration), (124 bytes).
    Removing cs.o(i.CS_setDCOFrequency), (364 bytes).
    Removing cs.o(i.CS_setReferenceOscillatorFrequency), (32 bytes).
    Removing cs.o(i.CS_startFaultCounter), (68 bytes).
    Removing cs.o(i.CS_startLFXT), (14 bytes).
    Removing cs.o(i.CS_startLFXTWithTimeout), (188 bytes).
    Removing cs.o(i.CS_tuneDCOFrequency), (84 bytes).
    Removing cs.o(i.CS_unregisterInterrupt), (16 bytes).
    Removing dma.o(.rev16_text), (4 bytes).
    Removing dma.o(.revsh_text), (4 bytes).
    Removing dma.o(.rrx_text), (6 bytes).
    Removing dma.o(i.DMA_assignChannel), (432 bytes).
    Removing dma.o(i.DMA_assignInterrupt), (92 bytes).
    Removing dma.o(i.DMA_clearErrorStatus), (12 bytes).
    Removing dma.o(i.DMA_clearInterruptFlag), (28 bytes).
    Removing dma.o(i.DMA_disableChannel), (20 bytes).
    Removing dma.o(i.DMA_disableChannelAttribute), (68 bytes).
    Removing dma.o(i.DMA_disableInterrupt), (72 bytes).
    Removing dma.o(i.DMA_disableModule), (44 bytes).
    Removing dma.o(i.DMA_enableChannel), (20 bytes).
    Removing dma.o(i.DMA_enableChannelAttribute), (68 bytes).
    Removing dma.o(i.DMA_enableInterrupt), (72 bytes).
    Removing dma.o(i.DMA_enableModule), (12 bytes).
    Removing dma.o(i.DMA_getChannelAttribute), (80 bytes).
    Removing dma.o(i.DMA_getChannelMode), (48 bytes).
    Removing dma.o(i.DMA_getChannelSize), (44 bytes).
    Removing dma.o(i.DMA_getControlAlternateBase), (12 bytes).
    Removing dma.o(i.DMA_getControlBase), (12 bytes).
    Removing dma.o(i.DMA_getErrorStatus), (12 bytes).
    Removing dma.o(i.DMA_getInterruptStatus), (12 bytes).
    Removing dma.o(i.DMA_isChannelEnabled), (32 bytes).
    Removing dma.o(i.DMA_registerInterrupt), (22 bytes).
    Removing dma.o(i.DMA_requestChannel), (20 bytes).
    Removing dma.o(i.DMA_requestSoftwareTransfer), (20 bytes).
    Removing dma.o(i.DMA_setChannelControl), (40 bytes).
    Removing dma.o(i.DMA_setChannelScatterGather), (92 bytes).
    Removing dma.o(i.DMA_setChannelTransfer), (172 bytes).
    Removing dma.o(i.DMA_setControlBase), (12 bytes).
    Removing dma.o(i.DMA_unregisterInterrupt), (18 bytes).
    Removing flash.o(.rev16_text), (4 bytes).
    Removing flash.o(.revsh_text), (4 bytes).
    Removing flash.o(.rrx_text), (6 bytes).
    Removing flash.o(i.FlashCtl_clearInterruptFlag), (20 bytes).
    Removing flash.o(i.FlashCtl_clearProgramVerification), (60 bytes).
    Removing flash.o(i.FlashCtl_disableInterrupt), (20 bytes).
    Removing flash.o(i.FlashCtl_disableReadBuffering), (68 bytes).
    Removing flash.o(i.FlashCtl_disableWordProgramming), (12 bytes).
    Removing flash.o(i.FlashCtl_enableInterrupt), (20 bytes).
    Removing flash.o(i.FlashCtl_enableReadBuffering), (68 bytes).
    Removing flash.o(i.FlashCtl_enableWordProgramming), (40 bytes).
    Removing flash.o(i.FlashCtl_eraseSector), (268 bytes).
    Removing flash.o(i.FlashCtl_getEnabledInterruptStatus), (20 bytes).
    Removing flash.o(i.FlashCtl_getInterruptStatus), (12 bytes).
    Removing flash.o(i.FlashCtl_getMemoryInfo), (40 bytes).
    Removing flash.o(i.FlashCtl_getReadMode), (36 bytes).
    Removing flash.o(i.FlashCtl_getWaitState), (36 bytes).
    Removing flash.o(i.FlashCtl_initiateMassErase), (32 bytes).
    Removing flash.o(i.FlashCtl_initiateSectorErase), (120 bytes).
    Removing flash.o(i.FlashCtl_isSectorProtected), (100 bytes).
    Removing flash.o(i.FlashCtl_isWordProgrammingEnabled), (32 bytes).
    Removing flash.o(i.FlashCtl_performMassErase), (284 bytes).
    Removing flash.o(i.FlashCtl_programMemory), (250 bytes).
    Removing flash.o(i.FlashCtl_protectSector), (112 bytes).
    Removing flash.o(i.FlashCtl_registerInterrupt), (20 bytes).
    Removing flash.o(i.FlashCtl_setProgramVerification), (60 bytes).
    Removing flash.o(i.FlashCtl_setReadMode), (100 bytes).
    Removing flash.o(i.FlashCtl_setWaitState), (48 bytes).
    Removing flash.o(i.FlashCtl_unprotectSector), (116 bytes).
    Removing flash.o(i.FlashCtl_unregisterInterrupt), (16 bytes).
    Removing flash.o(i.FlashCtl_verifyMemory), (512 bytes).
    Removing flash.o(i._FlashCtl_Program32), (160 bytes).
    Removing flash.o(i._FlashCtl_Program8), (160 bytes).
    Removing flash.o(i._FlashCtl_ProgramBurst), (396 bytes).
    Removing flash.o(i.__FlashCtl_remaskBurstDataPost), (240 bytes).
    Removing flash.o(i.__FlashCtl_remaskBurstDataPre), (252 bytes).
    Removing flash.o(i.__FlashCtl_remaskData32Post), (184 bytes).
    Removing flash.o(i.__FlashCtl_remaskData32Pre), (184 bytes).
    Removing flash.o(i.__FlashCtl_remaskData8Post), (108 bytes).
    Removing flash.o(i.__FlashCtl_remaskData8Pre), (108 bytes).
    Removing flash.o(i.getUserFlashSector), (242 bytes).
    Removing flash.o(.data), (64 bytes).
    Removing fpu.o(.rev16_text), (4 bytes).
    Removing fpu.o(.revsh_text), (4 bytes).
    Removing fpu.o(.rrx_text), (6 bytes).
    Removing fpu.o(i.FPU_disableModule), (20 bytes).
    Removing fpu.o(i.FPU_disableStacking), (20 bytes).
    Removing fpu.o(i.FPU_enableStacking), (24 bytes).
    Removing fpu.o(i.FPU_setFlushToZeroMode), (20 bytes).
    Removing fpu.o(i.FPU_setHalfPrecisionMode), (20 bytes).
    Removing fpu.o(i.FPU_setNaNMode), (20 bytes).
    Removing fpu.o(i.FPU_setRoundingMode), (20 bytes).
    Removing gpio.o(.rev16_text), (4 bytes).
    Removing gpio.o(.revsh_text), (4 bytes).
    Removing gpio.o(.rrx_text), (6 bytes).
    Removing gpio.o(i.GPIO_disableInterrupt), (20 bytes).
    Removing gpio.o(i.GPIO_enableInterrupt), (20 bytes).
    Removing gpio.o(i.GPIO_getEnabledInterruptStatus), (84 bytes).
    Removing gpio.o(i.GPIO_getInterruptStatus), (20 bytes).
    Removing gpio.o(i.GPIO_registerInterrupt), (32 bytes).
    Removing gpio.o(i.GPIO_setAsPeripheralModuleFunctionInputPin), (80 bytes).
    Removing gpio.o(i.GPIO_setAsPeripheralModuleFunctionOutputPin), (80 bytes).
    Removing gpio.o(i.GPIO_setDriveStrengthHigh), (20 bytes).
    Removing gpio.o(i.GPIO_setDriveStrengthLow), (20 bytes).
    Removing gpio.o(i.GPIO_toggleOutputOnPin), (20 bytes).
    Removing gpio.o(i.GPIO_unregisterInterrupt), (28 bytes).
    Removing i2c.o(.rev16_text), (4 bytes).
    Removing i2c.o(.revsh_text), (4 bytes).
    Removing i2c.o(.rrx_text), (6 bytes).
    Removing i2c.o(i.I2C_clearInterruptFlag), (8 bytes).
    Removing i2c.o(i.I2C_disableInterrupt), (8 bytes).
    Removing i2c.o(i.I2C_disableModule), (14 bytes).
    Removing i2c.o(i.I2C_disableMultiMasterMode), (24 bytes).
    Removing i2c.o(i.I2C_enableInterrupt), (8 bytes).
    Removing i2c.o(i.I2C_enableModule), (14 bytes).
    Removing i2c.o(i.I2C_enableMultiMasterMode), (22 bytes).
    Removing i2c.o(i.I2C_getEnabledInterruptStatus), (14 bytes).
    Removing i2c.o(i.I2C_getInterruptStatus), (8 bytes).
    Removing i2c.o(i.I2C_getMode), (10 bytes).
    Removing i2c.o(i.I2C_getReceiveBufferAddressForDMA), (8 bytes).
    Removing i2c.o(i.I2C_getTransmitBufferAddressForDMA), (8 bytes).
    Removing i2c.o(i.I2C_initMaster), (64 bytes).
    Removing i2c.o(i.I2C_initSlave), (38 bytes).
    Removing i2c.o(i.I2C_isBusBusy), (18 bytes).
    Removing i2c.o(i.I2C_masterIsStartSent), (22 bytes).
    Removing i2c.o(i.I2C_masterIsStopSent), (14 bytes).
    Removing i2c.o(i.I2C_masterReceiveMultiByteFinish), (56 bytes).
    Removing i2c.o(i.I2C_masterReceiveMultiByteFinishWithTimeout), (82 bytes).
    Removing i2c.o(i.I2C_masterReceiveMultiByteNext), (8 bytes).
    Removing i2c.o(i.I2C_masterReceiveMultiByteStop), (14 bytes).
    Removing i2c.o(i.I2C_masterReceiveSingle), (44 bytes).
    Removing i2c.o(i.I2C_masterReceiveSingleByte), (48 bytes).
    Removing i2c.o(i.I2C_masterReceiveStart), (14 bytes).
    Removing i2c.o(i.I2C_masterSendMultiByteFinish), (110 bytes).
    Removing i2c.o(i.I2C_masterSendMultiByteFinishWithTimeout), (114 bytes).
    Removing i2c.o(i.I2C_masterSendMultiByteNext), (40 bytes).
    Removing i2c.o(i.I2C_masterSendMultiByteNextWithTimeout), (56 bytes).
    Removing i2c.o(i.I2C_masterSendMultiByteStart), (72 bytes).
    Removing i2c.o(i.I2C_masterSendMultiByteStartWithTimeout), (84 bytes).
    Removing i2c.o(i.I2C_masterSendMultiByteStop), (50 bytes).
    Removing i2c.o(i.I2C_masterSendMultiByteStopWithTimeout), (66 bytes).
    Removing i2c.o(i.I2C_masterSendSingleByte), (100 bytes).
    Removing i2c.o(i.I2C_masterSendSingleByteWithTimeout), (124 bytes).
    Removing i2c.o(i.I2C_masterSendStart), (14 bytes).
    Removing i2c.o(i.I2C_registerInterrupt), (108 bytes).
    Removing i2c.o(i.I2C_setMode), (12 bytes).
    Removing i2c.o(i.I2C_setSlaveAddress), (4 bytes).
    Removing i2c.o(i.I2C_setTimeout), (44 bytes).
    Removing i2c.o(i.I2C_slaveGetData), (8 bytes).
    Removing i2c.o(i.I2C_slavePutData), (4 bytes).
    Removing i2c.o(i.I2C_slaveSendNAK), (14 bytes).
    Removing i2c.o(i.I2C_unregisterInterrupt), (96 bytes).
    Removing interrupt.o(.rev16_text), (4 bytes).
    Removing interrupt.o(.revsh_text), (4 bytes).
    Removing interrupt.o(.rrx_text), (6 bytes).
    Removing interrupt.o(i.IntDefaultHandler), (4 bytes).
    Removing interrupt.o(i.Interrupt_disableMaster), (16 bytes).
    Removing interrupt.o(i.Interrupt_enableMaster), (16 bytes).
    Removing interrupt.o(i.Interrupt_enableSleepOnIsrExit), (20 bytes).
    Removing interrupt.o(i.Interrupt_getPriority), (28 bytes).
    Removing interrupt.o(i.Interrupt_getPriorityGrouping), (44 bytes).
    Removing interrupt.o(i.Interrupt_getPriorityMask), (10 bytes).
    Removing interrupt.o(i.Interrupt_getVectorTableAddress), (12 bytes).
    Removing interrupt.o(i.Interrupt_isEnabled), (116 bytes).
    Removing interrupt.o(i.Interrupt_pendInterrupt), (96 bytes).
    Removing interrupt.o(i.Interrupt_registerInterrupt), (60 bytes).
    Removing interrupt.o(i.Interrupt_setPriority), (52 bytes).
    Removing interrupt.o(i.Interrupt_setPriorityMask), (12 bytes).
    Removing interrupt.o(i.Interrupt_setVectorTableAddress), (12 bytes).
    Removing interrupt.o(i.Interrupt_unpendInterrupt), (76 bytes).
    Removing interrupt.o(i.Interrupt_unregisterInterrupt), (20 bytes).
    Removing interrupt.o(vtable), (232 bytes).
    Removing ref_a.o(.rev16_text), (4 bytes).
    Removing ref_a.o(.revsh_text), (4 bytes).
    Removing ref_a.o(.rrx_text), (6 bytes).
    Removing ref_a.o(i.REF_A_disableReferenceVoltage), (18 bytes).
    Removing ref_a.o(i.REF_A_disableReferenceVoltageOutput), (18 bytes).
    Removing ref_a.o(i.REF_A_disableTempSensor), (18 bytes).
    Removing ref_a.o(i.REF_A_enableReferenceVoltage), (18 bytes).
    Removing ref_a.o(i.REF_A_enableReferenceVoltageOutput), (18 bytes).
    Removing ref_a.o(i.REF_A_enableTempSensor), (18 bytes).
    Removing ref_a.o(i.REF_A_getBandgapMode), (16 bytes).
    Removing ref_a.o(i.REF_A_getBufferedBandgapVoltageStatus), (26 bytes).
    Removing ref_a.o(i.REF_A_getVariableReferenceVoltageStatus), (26 bytes).
    Removing ref_a.o(i.REF_A_isBandgapActive), (26 bytes).
    Removing ref_a.o(i.REF_A_isRefGenActive), (26 bytes).
    Removing ref_a.o(i.REF_A_isRefGenBusy), (26 bytes).
    Removing ref_a.o(i.REF_A_setBufferedBandgapVoltageOneTimeTrigger), (18 bytes).
    Removing ref_a.o(i.REF_A_setReferenceVoltage), (20 bytes).
    Removing ref_a.o(i.REF_A_setReferenceVoltageOneTimeTrigger), (18 bytes).
    Removing sysctl.o(.rev16_text), (4 bytes).
    Removing sysctl.o(.revsh_text), (4 bytes).
    Removing sysctl.o(.rrx_text), (6 bytes).
    Removing sysctl.o(i.SysCtl_disableGlitchFilter), (20 bytes).
    Removing sysctl.o(i.SysCtl_disablePeripheralAtCPUHalt), (16 bytes).
    Removing sysctl.o(i.SysCtl_disableSRAMBank), (96 bytes).
    Removing sysctl.o(i.SysCtl_disableSRAMBankRetention), (32 bytes).
    Removing sysctl.o(i.SysCtl_enableGlitchFilter), (20 bytes).
    Removing sysctl.o(i.SysCtl_enablePeripheralAtCPUHalt), (16 bytes).
    Removing sysctl.o(i.SysCtl_enableSRAMBank), (28 bytes).
    Removing sysctl.o(i.SysCtl_enableSRAMBankRetention), (32 bytes).
    Removing sysctl.o(i.SysCtl_getFlashSize), (12 bytes).
    Removing sysctl.o(i.SysCtl_getSRAMSize), (12 bytes).
    Removing sysctl.o(i.SysCtl_getTempCalibrationConstant), (16 bytes).
    Removing sysctl.o(i.SysCtl_rebootDevice), (16 bytes).
    Removing sysctl.o(i.SysCtl_setWDTPasswordViolationResetType), (36 bytes).
    Removing sysctl.o(i.SysCtl_setWDTTimeoutResetType), (36 bytes).
    Removing systick.o(.rev16_text), (4 bytes).
    Removing systick.o(.revsh_text), (4 bytes).
    Removing systick.o(.rrx_text), (6 bytes).
    Removing systick.o(i.SysTick_disableInterrupt), (18 bytes).
    Removing systick.o(i.SysTick_disableModule), (18 bytes).
    Removing systick.o(i.SysTick_enableInterrupt), (18 bytes).
    Removing systick.o(i.SysTick_enableModule), (18 bytes).
    Removing systick.o(i.SysTick_getPeriod), (10 bytes).
    Removing systick.o(i.SysTick_getValue), (8 bytes).
    Removing systick.o(i.SysTick_registerInterrupt), (14 bytes).
    Removing systick.o(i.SysTick_setPeriod), (10 bytes).
    Removing systick.o(i.SysTick_unregisterInterrupt), (10 bytes).
    Removing timer_a.o(.rev16_text), (4 bytes).
    Removing timer_a.o(.revsh_text), (4 bytes).
    Removing timer_a.o(.rrx_text), (6 bytes).
    Removing timer_a.o(i.Timer_A_clearCaptureCompareInterrupt), (30 bytes).
    Removing timer_a.o(i.Timer_A_clearInterruptFlag), (14 bytes).
    Removing timer_a.o(i.Timer_A_clearTimer), (14 bytes).
    Removing timer_a.o(i.Timer_A_configureContinuousMode), (40 bytes).
    Removing timer_a.o(i.Timer_A_configureUpDownMode), (84 bytes).
    Removing timer_a.o(i.Timer_A_configureUpMode), (84 bytes).
    Removing timer_a.o(i.Timer_A_disableCaptureCompareInterrupt), (30 bytes).
    Removing timer_a.o(i.Timer_A_disableInterrupt), (14 bytes).
    Removing timer_a.o(i.Timer_A_enableCaptureCompareInterrupt), (30 bytes).
    Removing timer_a.o(i.Timer_A_enableInterrupt), (14 bytes).
    Removing timer_a.o(i.Timer_A_generatePWM), (90 bytes).
    Removing timer_a.o(i.Timer_A_getCaptureCompareCount), (20 bytes).
    Removing timer_a.o(i.Timer_A_getCaptureCompareEnabledInterruptStatus), (48 bytes).
    Removing timer_a.o(i.Timer_A_getCaptureCompareInterruptStatus), (22 bytes).
    Removing timer_a.o(i.Timer_A_getCounterValue), (38 bytes).
    Removing timer_a.o(i.Timer_A_getEnabledInterruptStatus), (24 bytes).
    Removing timer_a.o(i.Timer_A_getInterruptStatus), (10 bytes).
    Removing timer_a.o(i.Timer_A_getOutputForOutputModeOutBitValue), (38 bytes).
    Removing timer_a.o(i.Timer_A_getSynchronizedCaptureCompareInput), (30 bytes).
    Removing timer_a.o(i.Timer_A_initCapture), (58 bytes).
    Removing timer_a.o(i.Timer_A_initCompare), (52 bytes).
    Removing timer_a.o(i.Timer_A_registerInterrupt), (208 bytes).
    Removing timer_a.o(i.Timer_A_setCompareValue), (20 bytes).
    Removing timer_a.o(i.Timer_A_setOutputForOutputModeOutBitValue), (32 bytes).
    Removing timer_a.o(i.Timer_A_startCounter), (8 bytes).
    Removing timer_a.o(i.Timer_A_stopTimer), (10 bytes).
    Removing timer_a.o(i.Timer_A_unregisterInterrupt), (192 bytes).
    Removing timer_a.o(i.privateTimer_AProcessClockSourceDivider), (232 bytes).
    Removing timer32.o(.rev16_text), (4 bytes).
    Removing timer32.o(.revsh_text), (4 bytes).
    Removing timer32.o(.rrx_text), (6 bytes).
    Removing timer32.o(i.Timer32_disableInterrupt), (10 bytes).
    Removing timer32.o(i.Timer32_getInterruptStatus), (6 bytes).
    Removing timer32.o(i.Timer32_haltTimer), (10 bytes).
    Removing timer32.o(i.Timer32_registerInterrupt), (22 bytes).
    Removing timer32.o(i.Timer32_setCountInBackground), (34 bytes).
    Removing timer32.o(i.Timer32_unregisterInterrupt), (18 bytes).
    Removing uart.o(.rev16_text), (4 bytes).
    Removing uart.o(.revsh_text), (4 bytes).
    Removing uart.o(.rrx_text), (6 bytes).
    Removing uart.o(i.UART_clearInterruptFlag), (8 bytes).
    Removing uart.o(i.UART_disableInterrupt), (22 bytes).
    Removing uart.o(i.UART_disableModule), (14 bytes).
    Removing uart.o(i.UART_enableInterrupt), (22 bytes).
    Removing uart.o(i.UART_enableModule), (14 bytes).
    Removing uart.o(i.UART_getEnabledInterruptStatus), (62 bytes).
    Removing uart.o(i.UART_getInterruptStatus), (8 bytes).
    Removing uart.o(i.UART_getReceiveBufferAddressForDMA), (8 bytes).
    Removing uart.o(i.UART_getTransmitBufferAddressForDMA), (8 bytes).
    Removing uart.o(i.UART_initModule), (212 bytes).
    Removing uart.o(i.UART_queryStatusFlags), (8 bytes).
    Removing uart.o(i.UART_receiveData), (44 bytes).
    Removing uart.o(i.UART_registerInterrupt), (108 bytes).
    Removing uart.o(i.UART_resetDormant), (14 bytes).
    Removing uart.o(i.UART_selectDeglitchTime), (12 bytes).
    Removing uart.o(i.UART_setDormant), (14 bytes).
    Removing uart.o(i.UART_transmitAddress), (18 bytes).
    Removing uart.o(i.UART_transmitBreak), (72 bytes).
    Removing uart.o(i.UART_transmitData), (40 bytes).
    Removing uart.o(i.UART_unregisterInterrupt), (96 bytes).
    Removing wdt_a.o(.rev16_text), (4 bytes).
    Removing wdt_a.o(.revsh_text), (4 bytes).
    Removing wdt_a.o(.rrx_text), (6 bytes).
    Removing wdt_a.o(i.WDT_A_clearTimer), (24 bytes).
    Removing wdt_a.o(i.WDT_A_holdTimer), (24 bytes).
    Removing wdt_a.o(i.WDT_A_initIntervalTimer), (20 bytes).
    Removing wdt_a.o(i.WDT_A_initWatchdogTimer), (20 bytes).
    Removing wdt_a.o(i.WDT_A_registerInterrupt), (20 bytes).
    Removing wdt_a.o(i.WDT_A_setPasswordViolationReset), (12 bytes).
    Removing wdt_a.o(i.WDT_A_setTimeoutReset), (12 bytes).
    Removing wdt_a.o(i.WDT_A_startTimer), (24 bytes).
    Removing wdt_a.o(i.WDT_A_unregisterInterrupt), (16 bytes).
    Removing main.o(.rev16_text), (4 bytes).
    Removing main.o(.revsh_text), (4 bytes).
    Removing main.o(.rrx_text), (6 bytes).
    Removing my_task.o(.rev16_text), (4 bytes).
    Removing my_task.o(.revsh_text), (4 bytes).
    Removing my_task.o(.rrx_text), (6 bytes).
    Removing key1.o(.rev16_text), (4 bytes).
    Removing key1.o(.revsh_text), (4 bytes).
    Removing key1.o(.rrx_text), (6 bytes).
    Removing key1.o(i.Key1_Init), (132 bytes).
    Removing key1.o(i.Matrix_Key_Scan), (1800 bytes).
    Removing key1.o(i.opv_modeselect), (536 bytes).
    Removing bling.o(.rev16_text), (4 bytes).
    Removing bling.o(.revsh_text), (4 bytes).
    Removing bling.o(.rrx_text), (6 bytes).
    Removing calibration.o(.rev16_text), (4 bytes).
    Removing calibration.o(.revsh_text), (4 bytes).
    Removing calibration.o(.rrx_text), (6 bytes).
    Removing calibration.o(i.Calibrationer), (164 bytes).
    Removing calibration.o(i.Headless_Mode_Calibration_Check), (316 bytes).
    Removing calibration.o(i.Mag_Calibartion), (1428 bytes).
    Removing calibration.o(i.Mag_LS_Init), (16 bytes).
    Removing filter.o(.rev16_text), (4 bytes).
    Removing filter.o(.revsh_text), (4 bytes).
    Removing filter.o(.rrx_text), (6 bytes).
    Removing key.o(.rev16_text), (4 bytes).
    Removing key.o(.revsh_text), (4 bytes).
    Removing key.o(.rrx_text), (6 bytes).
    Removing mpu6050.o(.rev16_text), (4 bytes).
    Removing mpu6050.o(.revsh_text), (4 bytes).
    Removing mpu6050.o(.rrx_text), (6 bytes).
    Removing myiic.o(.rev16_text), (4 bytes).
    Removing myiic.o(.revsh_text), (4 bytes).
    Removing myiic.o(.rrx_text), (6 bytes).
    Removing myiic.o(i.Double_ReadI2C_Adjust), (38 bytes).
    Removing myiic.o(i.I2C_Delay_Adjust), (22 bytes).
    Removing myiic.o(i.I2C_RecvByte), (54 bytes).
    Removing myiic.o(i.I2C_RecvByte_Adjust), (62 bytes).
    Removing myiic.o(i.I2C_SendByte), (86 bytes).
    Removing myiic.o(i.I2C_SendByte_Adjust), (98 bytes).
    Removing myiic.o(i.I2C_SlaveAck), (68 bytes).
    Removing myiic.o(i.I2C_SlaveAck_Adjust), (84 bytes).
    Removing myiic.o(i.I2C_Start), (32 bytes).
    Removing myiic.o(i.I2C_Start_Adjust), (40 bytes).
    Removing myiic.o(i.I2C_Stop), (40 bytes).
    Removing myiic.o(i.I2C_Stop_Adjust), (56 bytes).
    Removing myiic.o(i.Single_ReadI2C_Adjust), (148 bytes).
    Removing myiic.o(i.Single_WriteI2C_Adjust), (64 bytes).
    Removing myiic.o(i.Three_ReadI2C), (40 bytes).
    Removing myiic.o(i.Three_ReadI2C_Adjust), (56 bytes).
    Removing myiic.o(i.nc_iic_read_regs), (84 bytes).
    Removing myiic.o(i.nc_iic_write_len), (64 bytes).
    Removing myiic.o(.constdata), (20 bytes).
    Removing oled.o(.rev16_text), (4 bytes).
    Removing oled.o(.revsh_text), (4 bytes).
    Removing oled.o(.rrx_text), (6 bytes).
    Removing oled.o(i.Draw_Logo), (56 bytes).
    Removing oled.o(i.LCD_Fill), (58 bytes).
    Removing oled.o(i.LCD_P8x16Char), (124 bytes).
    Removing oled.o(i.OLEDInit), (212 bytes).
    Removing oled.o(i.OLED_CLS), (56 bytes).
    Removing oled.o(i.OLED_Fill), (58 bytes).
    Removing oled.o(i.OLED_GPIO_Init), (76 bytes).
    Removing oled.o(i.OLED_IIC_Start), (44 bytes).
    Removing oled.o(i.OLED_IIC_Stop), (44 bytes).
    Removing oled.o(i.OLED_Init_I2C), (192 bytes).
    Removing oled.o(i.OLED_Set_Pos), (40 bytes).
    Removing oled.o(i.OLED_WrCmd), (32 bytes).
    Removing oled.o(i.OLED_WrDat), (32 bytes).
    Removing oled.o(i.Write_IIC_Byte), (100 bytes).
    Removing oled.o(i.write_16_16_CN), (84 bytes).
    Removing oled.o(i.write_8_16_number), (388 bytes).
    Removing pid.o(.rev16_text), (4 bytes).
    Removing pid.o(.revsh_text), (4 bytes).
    Removing pid.o(.rrx_text), (6 bytes).
    Removing pid.o(i.Differential_Forward_PID_Control_Div_LPF), (756 bytes).
    Removing pid.o(i.PID_Control_Err_LPF), (532 bytes).
    Removing ppm.o(.rev16_text), (4 bytes).
    Removing ppm.o(.revsh_text), (4 bytes).
    Removing ppm.o(.rrx_text), (6 bytes).
    Removing rc.o(.rev16_text), (4 bytes).
    Removing rc.o(.revsh_text), (4 bytes).
    Removing rc.o(.rrx_text), (6 bytes).
    Removing ringbuf.o(.rev16_text), (4 bytes).
    Removing ringbuf.o(.revsh_text), (4 bytes).
    Removing ringbuf.o(.rrx_text), (6 bytes).
    Removing ringbuf.o(i.Read_RingBuff), (46 bytes).
    Removing ringbuf.o(i.RingBuf_Read), (42 bytes).
    Removing ringbuf.o(i.RingBuff_Init), (10 bytes).
    Removing ringbuf.o(i.Write_RingBuff), (46 bytes).
    Removing sins.o(.rev16_text), (4 bytes).
    Removing sins.o(.revsh_text), (4 bytes).
    Removing sins.o(.rrx_text), (6 bytes).
    Removing sins.o(i.Strapdown_INS_Reset), (176 bytes).
    Removing sins.o(i.Vector_From_EarthFrame2BodyFrame), (128 bytes).
    Removing spl06.o(.rev16_text), (4 bytes).
    Removing spl06.o(.revsh_text), (4 bytes).
    Removing spl06.o(.rrx_text), (6 bytes).
    Removing spl06.o(i.spl0601_start_pressure), (14 bytes).
    Removing spl06.o(i.spl0601_start_temperature), (14 bytes).
    Removing ssd1306.o(.rev16_text), (4 bytes).
    Removing ssd1306.o(.revsh_text), (4 bytes).
    Removing ssd1306.o(.rrx_text), (6 bytes).
    Removing ssd1306.o(i.set_rotation), (100 bytes).
    Removing ssd1306.o(i.ssd1306_cp437), (20 bytes).
    Removing ssd1306.o(i.ssd1306_data), (12 bytes).
    Removing ssd1306.o(i.ssd1306_dim), (44 bytes).
    Removing ssd1306.o(i.ssd1306_draw_bitmap), (100 bytes).
    Removing ssd1306.o(i.ssd1306_draw_bitmap_bg), (118 bytes).
    Removing ssd1306.o(i.ssd1306_draw_char), (268 bytes).
    Removing ssd1306.o(i.ssd1306_draw_circle_helper), (230 bytes).
    Removing ssd1306.o(i.ssd1306_draw_fast_hline), (168 bytes).
    Removing ssd1306.o(i.ssd1306_draw_rect), (76 bytes).
    Removing ssd1306.o(i.ssd1306_draw_round_rect), (210 bytes).
    Removing ssd1306.o(i.ssd1306_draw_triangle), (64 bytes).
    Removing ssd1306.o(i.ssd1306_draw_xbitmap), (110 bytes).
    Removing ssd1306.o(i.ssd1306_fill_rect), (46 bytes).
    Removing ssd1306.o(i.ssd1306_fill_round_rect), (108 bytes).
    Removing ssd1306.o(i.ssd1306_fill_screen), (36 bytes).
    Removing ssd1306.o(i.ssd1306_fill_triangle), (400 bytes).
    Removing ssd1306.o(i.ssd1306_get_cursor_x), (12 bytes).
    Removing ssd1306.o(i.ssd1306_get_cursor_y), (12 bytes).
    Removing ssd1306.o(i.ssd1306_get_rotation), (12 bytes).
    Removing ssd1306.o(i.ssd1306_invert_display), (22 bytes).
    Removing ssd1306.o(i.ssd1306_puts), (18 bytes).
    Removing ssd1306.o(i.ssd1306_putstring), (22 bytes).
    Removing ssd1306.o(i.ssd1306_set_cursor), (20 bytes).
    Removing ssd1306.o(i.ssd1306_set_rotation), (100 bytes).
    Removing ssd1306.o(i.ssd1306_set_textcolor), (20 bytes).
    Removing ssd1306.o(i.ssd1306_set_textcolor_bg), (20 bytes).
    Removing ssd1306.o(i.ssd1306_set_textsize), (20 bytes).
    Removing ssd1306.o(i.ssd1306_set_textwrap), (20 bytes).
    Removing ssd1306.o(i.ssd1306_start_scroll_diag_left), (68 bytes).
    Removing ssd1306.o(i.ssd1306_start_scroll_diag_right), (68 bytes).
    Removing ssd1306.o(i.ssd1306_start_scroll_left), (56 bytes).
    Removing ssd1306.o(i.ssd1306_start_scroll_right), (56 bytes).
    Removing ssd1306.o(i.ssd1306_stop_scroll), (10 bytes).
    Removing ssd1306.o(i.ssd1306_write), (184 bytes).
    Removing ssd1306.o(.constdata), (1275 bytes).
    Removing system.o(.rev16_text), (4 bytes).
    Removing system.o(.revsh_text), (4 bytes).
    Removing system.o(.rrx_text), (6 bytes).
    Removing time.o(.rev16_text), (4 bytes).
    Removing time.o(.revsh_text), (4 bytes).
    Removing time.o(.rrx_text), (6 bytes).
    Removing time.o(i.Delay_Us), (12 bytes).
    Removing time_cnt.o(.rev16_text), (4 bytes).
    Removing time_cnt.o(.revsh_text), (4 bytes).
    Removing time_cnt.o(.rrx_text), (6 bytes).
    Removing us_100.o(.rev16_text), (4 bytes).
    Removing us_100.o(.revsh_text), (4 bytes).
    Removing us_100.o(.rrx_text), (6 bytes).
    Removing us_100.o(i.US100_Init), (60 bytes).
    Removing usart.o(.rev16_text), (4 bytes).
    Removing usart.o(.revsh_text), (4 bytes).
    Removing usart.o(.rrx_text), (6 bytes).
    Removing usart.o(i.Serial_Data_Send_Dma), (112 bytes).
    Removing usart.o(i.USART0_Send), (40 bytes).
    Removing usart.o(i.USART1_Send_Byte), (28 bytes).
    Removing usart.o(i.USART3_Send_Byte), (28 bytes).
    Removing wp_adc.o(.rev16_text), (4 bytes).
    Removing wp_adc.o(.revsh_text), (4 bytes).
    Removing wp_adc.o(.rrx_text), (6 bytes).
    Removing wp_adc.o(.bss), (32 bytes).
    Removing wp_flash.o(.rev16_text), (4 bytes).
    Removing wp_flash.o(.revsh_text), (4 bytes).
    Removing wp_flash.o(.rrx_text), (6 bytes).
    Removing wp_flash.o(i.ReadFlashParameterALL), (18 bytes).
    Removing wp_flash.o(.data), (1 bytes).
    Removing wp_math.o(.rev16_text), (4 bytes).
    Removing wp_math.o(.revsh_text), (4 bytes).
    Removing wp_math.o(.rrx_text), (6 bytes).
    Removing wp_math.o(i.FastLn), (296 bytes).
    Removing wp_math.o(i.FastSinCos), (412 bytes).
    Removing wp_math.o(i.constrain_int16), (22 bytes).
    Removing wp_math.o(i.constrain_int32), (22 bytes).
    Removing wp_math.o(i.degrees), (20 bytes).
    Removing wp_math.o(i.fast_atan2), (256 bytes).
    Removing wp_math.o(i.radians), (20 bytes).
    Removing wp_math.o(i.safe_asin), (92 bytes).
    Removing wp_pwm.o(.rev16_text), (4 bytes).
    Removing wp_pwm.o(.revsh_text), (4 bytes).
    Removing wp_pwm.o(.rrx_text), (6 bytes).
    Removing ist8310.o(.rev16_text), (4 bytes).
    Removing ist8310.o(.revsh_text), (4 bytes).
    Removing ist8310.o(.rrx_text), (6 bytes).
    Removing ist8310.o(i.IST8310_Init), (48 bytes).
    Removing opticalflow_lc306.o(.rev16_text), (4 bytes).
    Removing opticalflow_lc306.o(.revsh_text), (4 bytes).
    Removing opticalflow_lc306.o(.rrx_text), (6 bytes).
    Removing soft_i2c.o(.rev16_text), (4 bytes).
    Removing soft_i2c.o(.revsh_text), (4 bytes).
    Removing soft_i2c.o(.rrx_text), (6 bytes).
    Removing soft_i2c.o(i.I2C_GPIO_Config), (64 bytes).
    Removing soft_i2c.o(i.I2C_SDA_IN), (12 bytes).
    Removing soft_i2c.o(i.I2C_SDA_OUT), (12 bytes).
    Removing soft_i2c.o(i.Single_ReadI2C0), (16 bytes).
    Removing soft_i2c.o(i.Single_WriteI2C0), (20 bytes).
    Removing soft_i2c.o(i.i2cAck), (52 bytes).
    Removing soft_i2c.o(i.i2cDelay), (2 bytes).
    Removing soft_i2c.o(i.i2cNoAck), (52 bytes).
    Removing soft_i2c.o(i.i2cReadBytes), (116 bytes).
    Removing soft_i2c.o(i.i2cReadOneBytes), (66 bytes).
    Removing soft_i2c.o(i.i2cReceiveByte), (84 bytes).
    Removing soft_i2c.o(i.i2cSendByte), (88 bytes).
    Removing soft_i2c.o(i.i2cStart), (74 bytes).
    Removing soft_i2c.o(i.i2cStop), (48 bytes).
    Removing soft_i2c.o(i.i2cWaitAck), (84 bytes).
    Removing soft_i2c.o(i.i2cWriteBytes), (96 bytes).
    Removing soft_i2c.o(i.i2cWriteOneByte), (64 bytes).
    Removing tfmini.o(.rev16_text), (4 bytes).
    Removing tfmini.o(.revsh_text), (4 bytes).
    Removing tfmini.o(.rrx_text), (6 bytes).
    Removing tfmini.o(i.TFmini_Statemachine), (336 bytes).
    Removing tfmini.o(.bss), (28 bytes).
    Removing tfmini.o(.data), (8 bytes).
    Removing license.o(.rev16_text), (4 bytes).
    Removing license.o(.revsh_text), (4 bytes).
    Removing license.o(.rrx_text), (6 bytes).
    Removing license.o(i.AT24CXX_Erase_All), (28 bytes).
    Removing license.o(i.AT24CXX_ReadLenByte), (44 bytes).
    Removing license.o(i.AT24CXX_WriteLenByte), (42 bytes).
    Removing license.o(i.Version_Declaration), (1548 bytes).
    Removing stflash.o(.rev16_text), (4 bytes).
    Removing stflash.o(.revsh_text), (4 bytes).
    Removing stflash.o(.rrx_text), (6 bytes).
    Removing softiic.o(.rev16_text), (4 bytes).
    Removing softiic.o(.revsh_text), (4 bytes).
    Removing softiic.o(.rrx_text), (6 bytes).
    Removing gy53l1x.o(.rev16_text), (4 bytes).
    Removing gy53l1x.o(.revsh_text), (4 bytes).
    Removing gy53l1x.o(.rrx_text), (6 bytes).
    Removing qmc5883.o(.rev16_text), (4 bytes).
    Removing qmc5883.o(.revsh_text), (4 bytes).
    Removing qmc5883.o(.rrx_text), (6 bytes).
    Removing qmc5883.o(i.QMC5883L_DataIsOverflow), (32 bytes).
    Removing qmc5883.o(i.QMC5883L_DataIsReady), (32 bytes).
    Removing qmc5883.o(i.QMC5883L_DataIsSkipped), (30 bytes).
    Removing qmc5883.o(i.QMC5883L_Heading), (488 bytes).
    Removing qmc5883.o(i.QMC5883L_Init), (26 bytes).
    Removing qmc5883.o(i.QMC5883L_Initialize), (40 bytes).
    Removing qmc5883.o(i.QMC5883L_InterruptConfig), (28 bytes).
    Removing qmc5883.o(i.QMC5883L_Read_Data), (80 bytes).
    Removing qmc5883.o(i.QMC5883L_Read_Reg), (14 bytes).
    Removing qmc5883.o(i.QMC5883L_Read_Temperature), (30 bytes).
    Removing qmc5883.o(i.QMC5883L_Reset), (12 bytes).
    Removing qmc5883.o(i.QMC5883L_ResetCalibration), (52 bytes).
    Removing qmc5883.o(i.QMC5883L_Scale), (104 bytes).
    Removing qmc5883.o(i.QMC5883L_Write_Reg), (18 bytes).
    Removing qmc5883.o(.data), (22 bytes).
    Removing calibrationroutines.o(.rev16_text), (4 bytes).
    Removing calibrationroutines.o(.revsh_text), (4 bytes).
    Removing calibrationroutines.o(.rrx_text), (6 bytes).
    Removing calibrationroutines.o(i.sphere_fit_least_squares), (1928 bytes).
    Removing control_althold.o(.rev16_text), (4 bytes).
    Removing control_althold.o(.revsh_text), (4 bytes).
    Removing control_althold.o(.rrx_text), (6 bytes).
    Removing control_althold.o(i.ncq_control_althold), (468 bytes).
    Removing control_land.o(.rev16_text), (4 bytes).
    Removing control_land.o(.revsh_text), (4 bytes).
    Removing control_land.o(.rrx_text), (6 bytes).
    Removing control_land.o(i.GPS_ok), (4 bytes).
    Removing control_poshold.o(.rev16_text), (4 bytes).
    Removing control_poshold.o(.revsh_text), (4 bytes).
    Removing control_poshold.o(.rrx_text), (6 bytes).
    Removing control_poshold.o(i.get_stopping_point_xy), (224 bytes).
    Removing control_poshold.o(i.ncq_control_poshold), (1200 bytes).
    Removing control_poshold.o(i.ncq_speed_mapping), (116 bytes).
    Removing control_poshold.o(.bss), (24 bytes).
    Removing earth_declination.o(.rev16_text), (4 bytes).
    Removing earth_declination.o(.revsh_text), (4 bytes).
    Removing earth_declination.o(.rrx_text), (6 bytes).
    Removing earth_declination.o(i.get_declination), (404 bytes).
    Removing earth_declination.o(i.get_lookup_value), (340 bytes).
    Removing earth_declination.o(i.pgm_read_byte_far), (6 bytes).
    Removing earth_declination.o(.constdata), (2000 bytes).
    Removing namelesscotrun_sdk.o(.rev16_text), (4 bytes).
    Removing namelesscotrun_sdk.o(.revsh_text), (4 bytes).
    Removing namelesscotrun_sdk.o(.rrx_text), (6 bytes).
    Removing namelesscotrun_sdk.o(i.Get_Camera_Wide_Angle), (136 bytes).
    Removing namelesscotrun_sdk.o(i.NCQ_SDK_Circle), (536 bytes).
    Removing namelesscotrun_sdk.o(i.NCQ_SDK_Reset), (68 bytes).
    Removing namelesscotrun_sdk.o(i.SDK_DT_Send_Data), (20 bytes).
    Removing namelesscotrun_sdk.o(i.move_with_base_target), (192 bytes).
    Removing namelesscotrun_sdk.o(i.move_with_speed_target), (264 bytes).
    Removing namelesscotrun_sdk.o(i.move_with_target), (236 bytes).
    Removing opticalflow_control.o(.rev16_text), (4 bytes).
    Removing opticalflow_control.o(.revsh_text), (4 bytes).
    Removing opticalflow_control.o(.rrx_text), (6 bytes).
    Removing opticalflow_control.o(i.OPT_Is_Fix), (28 bytes).
    Removing opticalflow_control.o(i.OpticalFlow_Set_Target_Point), (32 bytes).
    Removing opticalflow_control.o(i.OpticalFlow_Set_Target_Vel), (32 bytes).
    Removing opticalflow_control.o(i.OpticalFlow_X_Vel_Control), (320 bytes).
    Removing opticalflow_control.o(i.OpticalFlow_Y_Vel_Control), (324 bytes).
    Removing opticalflow_control.o(i.SDK_Pos_Ctrl_Reset), (80 bytes).
    Removing sensor.o(.rev16_text), (4 bytes).
    Removing sensor.o(.revsh_text), (4 bytes).
    Removing sensor.o(.rrx_text), (6 bytes).
    Removing sensor.o(i.sqf), (10 bytes).
    Removing wp_ctrl.o(.rev16_text), (4 bytes).
    Removing wp_ctrl.o(.revsh_text), (4 bytes).
    Removing wp_ctrl.o(.rrx_text), (6 bytes).
    Removing temperature_ctrl.o(.rev16_text), (4 bytes).
    Removing temperature_ctrl.o(.revsh_text), (4 bytes).
    Removing temperature_ctrl.o(.rrx_text), (6 bytes).
    Removing namelesscorun_opticalflow.o(.rev16_text), (4 bytes).
    Removing namelesscorun_opticalflow.o(.revsh_text), (4 bytes).
    Removing namelesscorun_opticalflow.o(.rrx_text), (6 bytes).
    Removing compass.o(.rev16_text), (4 bytes).
    Removing compass.o(.revsh_text), (4 bytes).
    Removing compass.o(.rrx_text), (6 bytes).
    Removing compass.o(i.Compass_Init), (56 bytes).
    Removing compass.o(i.Compass_Read_Data), (240 bytes).
    Removing nclink.o(.rev16_text), (4 bytes).
    Removing nclink.o(.revsh_text), (4 bytes).
    Removing nclink.o(.rrx_text), (6 bytes).
    Removing nclink.o(i.Byte2Float), (44 bytes).
    Removing nclink.o(i.Float2Byte), (100 bytes).
    Removing nclink.o(i.NCLink_SEND_StateMachine), (888 bytes).
    Removing nclink.o(i.NCLink_Send_CalParadata1), (216 bytes).
    Removing nclink.o(i.NCLink_Send_CalParadata2), (216 bytes).
    Removing nclink.o(i.NCLink_Send_CalParadata3), (160 bytes).
    Removing nclink.o(i.NCLink_Send_CalRawdata1), (224 bytes).
    Removing nclink.o(i.NCLink_Send_CalRawdata2), (172 bytes).
    Removing nclink.o(i.NCLink_Send_Check), (136 bytes).
    Removing nclink.o(i.NCLink_Send_Check_Status_Parameter), (1248 bytes).
    Removing nclink.o(i.NCLink_Send_Fusion_NE), (592 bytes).
    Removing nclink.o(i.NCLink_Send_Fusion_U), (328 bytes).
    Removing nclink.o(i.NCLink_Send_GPSData), (312 bytes).
    Removing nclink.o(i.NCLink_Send_Obs_NE), (404 bytes).
    Removing nclink.o(i.NCLink_Send_Obs_UOP), (404 bytes).
    Removing nclink.o(i.NCLink_Send_PID), (608 bytes).
    Removing nclink.o(i.NCLink_Send_Parameter), (388 bytes).
    Removing nclink.o(i.NCLink_Send_RCData), (340 bytes).
    Removing nclink.o(i.NCLink_Send_Senser), (420 bytes).
    Removing nclink.o(i.NCLink_Send_Status), (656 bytes).
    Removing nclink.o(i.NCLink_Send_Userdata), (216 bytes).
    Removing nclink.o(i.Serial_Data_Send), (20 bytes).
    Removing madgwick.o(i.madgwick_getangle), (312 bytes).
    Removing madgwick.o(i.madgwick_init), (80 bytes).
    Removing madgwick.o(i.madgwick_invsqrt), (80 bytes).
    Removing madgwick.o(i.madgwick_update), (2596 bytes).
    Removing madgwick.o(i.madgwick_updateimu), (988 bytes).
    Removing madgwick.o(.data), (37 bytes).
    Removing adrc.o(.rev16_text), (4 bytes).
    Removing adrc.o(.revsh_text), (4 bytes).
    Removing adrc.o(.rrx_text), (6 bytes).
    Removing adrc.o(i.ADRC_Control), (256 bytes).
    Removing adrc.o(i.ADRC_Integrate_Reset), (16 bytes).
    Removing adrc.o(i.ADRC_LPF), (110 bytes).
    Removing adrc.o(i.ADRC_TD_Control), (100 bytes).
    Removing adrc.o(i.Constrain_Float), (42 bytes).
    Removing adrc.o(i.ESO_ADRC), (218 bytes).
    Removing adrc.o(i.Fal_ADRC), (196 bytes).
    Removing adrc.o(i.Fhan_ADRC), (476 bytes).
    Removing adrc.o(i.Fsg_ADRC), (52 bytes).
    Removing adrc.o(i.Nolinear_Conbination_ADRC), (132 bytes).
    Removing adrc.o(i.Sign_ADRC), (52 bytes).
    Removing adrc.o(.data), (24 bytes).
    Removing developer_mode.o(.rev16_text), (4 bytes).
    Removing developer_mode.o(.revsh_text), (4 bytes).
    Removing developer_mode.o(.rrx_text), (6 bytes).
    Removing myfile.o(.rev16_text), (4 bytes).
    Removing myfile.o(.revsh_text), (4 bytes).
    Removing myfile.o(.rrx_text), (6 bytes).
    Removing myfile.o(i.control_yaw), (380 bytes).
    Removing myfile.o(i.control_yaw_delta), (188 bytes).
    Removing myfile.o(i.control_yaw_delta_max), (280 bytes).
    Removing myfile.o(i.control_yaw_rotate), (356 bytes).
    Removing system_msp432p401r.o(.rev16_text), (4 bytes).
    Removing system_msp432p401r.o(.revsh_text), (4 bytes).
    Removing system_msp432p401r.o(.rrx_text), (6 bytes).
    Removing system_msp432p401r.o(i.SystemCoreClockUpdate), (628 bytes).

728 unused section(s) (total 61057 bytes) removed from the image.

==============================================================================

Memory Map of the image

  Image Entry point : 0x00000000

  Load Region LR_IROM1 (Base: 0x00000000, Size: 0x0001b0d0, Max: 0x00040000, ABSOLUTE)

    Execution Region ER_IROM1 (Base: 0x00000000, Size: 0x0001a580, Max: 0x00040000, ABSOLUTE)

    Base Addr    Size         Type   Attr      Idx    E Section Name        Object

    0x00000000   0x00000144   Data   RO         7579    RESET               startup_msp432p401r_uvision.o
    0x00000144   0x00000008   Code   RO         7650  * !!!main             c_w.l(__main.o)
    0x0000014c   0x00000002   Code   RO         7934    .ARM.Collect$$libinit$$00000000  c_w.l(libinit.o)
    0x0000014e   0x00000004   Code   RO         7937    .ARM.Collect$$libinit$$00000001  c_w.l(libinit2.o)
    0x00000152   0x00000000   Code   RO         7940    .ARM.Collect$$libinit$$00000004  c_w.l(libinit2.o)
    0x00000152   0x00000000   Code   RO         7943    .ARM.Collect$$libinit$$0000000A  c_w.l(libinit2.o)
    0x00000152   0x00000000   Code   RO         7945    .ARM.Collect$$libinit$$0000000C  c_w.l(libinit2.o)
    0x00000152   0x00000000   Code   RO         7947    .ARM.Collect$$libinit$$0000000E  c_w.l(libinit2.o)
    0x00000152   0x00000000   Code   RO         7950    .ARM.Collect$$libinit$$00000011  c_w.l(libinit2.o)
    0x00000152   0x00000000   Code   RO         7952    .ARM.Collect$$libinit$$00000013  c_w.l(libinit2.o)
    0x00000152   0x00000000   Code   RO         7954    .ARM.Collect$$libinit$$00000015  c_w.l(libinit2.o)
    0x00000152   0x00000000   Code   RO         7956    .ARM.Collect$$libinit$$00000017  c_w.l(libinit2.o)
    0x00000152   0x00000000   Code   RO         7958    .ARM.Collect$$libinit$$00000019  c_w.l(libinit2.o)
    0x00000152   0x00000000   Code   RO         7960    .ARM.Collect$$libinit$$0000001B  c_w.l(libinit2.o)
    0x00000152   0x00000000   Code   RO         7962    .ARM.Collect$$libinit$$0000001D  c_w.l(libinit2.o)
    0x00000152   0x00000000   Code   RO         7964    .ARM.Collect$$libinit$$0000001F  c_w.l(libinit2.o)
    0x00000152   0x00000000   Code   RO         7966    .ARM.Collect$$libinit$$00000021  c_w.l(libinit2.o)
    0x00000152   0x00000000   Code   RO         7968    .ARM.Collect$$libinit$$00000023  c_w.l(libinit2.o)
    0x00000152   0x00000000   Code   RO         7970    .ARM.Collect$$libinit$$00000025  c_w.l(libinit2.o)
    0x00000152   0x00000000   Code   RO         7974    .ARM.Collect$$libinit$$0000002C  c_w.l(libinit2.o)
    0x00000152   0x00000000   Code   RO         7976    .ARM.Collect$$libinit$$0000002E  c_w.l(libinit2.o)
    0x00000152   0x00000000   Code   RO         7978    .ARM.Collect$$libinit$$00000030  c_w.l(libinit2.o)
    0x00000152   0x00000000   Code   RO         7980    .ARM.Collect$$libinit$$00000032  c_w.l(libinit2.o)
    0x00000152   0x00000002   Code   RO         7981    .ARM.Collect$$libinit$$00000033  c_w.l(libinit2.o)
    0x00000154   0x00000002   Code   RO         8001    .ARM.Collect$$libshutdown$$00000000  c_w.l(libshutdown.o)
    0x00000156   0x00000000   Code   RO         8015    .ARM.Collect$$libshutdown$$00000003  c_w.l(libshutdown2.o)
    0x00000156   0x00000000   Code   RO         8018    .ARM.Collect$$libshutdown$$00000006  c_w.l(libshutdown2.o)
    0x00000156   0x00000000   Code   RO         8021    .ARM.Collect$$libshutdown$$00000009  c_w.l(libshutdown2.o)
    0x00000156   0x00000000   Code   RO         8023    .ARM.Collect$$libshutdown$$0000000B  c_w.l(libshutdown2.o)
    0x00000156   0x00000000   Code   RO         8026    .ARM.Collect$$libshutdown$$0000000E  c_w.l(libshutdown2.o)
    0x00000156   0x00000002   Code   RO         8027    .ARM.Collect$$libshutdown$$0000000F  c_w.l(libshutdown2.o)
    0x00000158   0x00000000   Code   RO         7812    .ARM.Collect$$rtentry$$00000000  c_w.l(__rtentry.o)
    0x00000158   0x00000000   Code   RO         7895    .ARM.Collect$$rtentry$$00000002  c_w.l(__rtentry2.o)
    0x00000158   0x00000006   Code   RO         7907    .ARM.Collect$$rtentry$$00000004  c_w.l(__rtentry4.o)
    0x0000015e   0x00000000   Code   RO         7897    .ARM.Collect$$rtentry$$00000009  c_w.l(__rtentry2.o)
    0x0000015e   0x00000004   Code   RO         7898    .ARM.Collect$$rtentry$$0000000A  c_w.l(__rtentry2.o)
    0x00000162   0x00000000   Code   RO         7900    .ARM.Collect$$rtentry$$0000000C  c_w.l(__rtentry2.o)
    0x00000162   0x00000008   Code   RO         7901    .ARM.Collect$$rtentry$$0000000D  c_w.l(__rtentry2.o)
    0x0000016a   0x00000002   Code   RO         7935    .ARM.Collect$$rtexit$$00000000  c_w.l(rtexit.o)
    0x0000016c   0x00000000   Code   RO         7983    .ARM.Collect$$rtexit$$00000002  c_w.l(rtexit2.o)
    0x0000016c   0x00000004   Code   RO         7984    .ARM.Collect$$rtexit$$00000003  c_w.l(rtexit2.o)
    0x00000170   0x00000006   Code   RO         7985    .ARM.Collect$$rtexit$$00000004  c_w.l(rtexit2.o)
    0x00000176   0x00000002   PAD
    0x00000178   0x0000003c   Code   RO         7580    .text               startup_msp432p401r_uvision.o
    0x000001b4   0x0000008a   Code   RO         7638    .text               c_w.l(rt_memcpy_v6.o)
    0x0000023e   0x00000064   Code   RO         7642    .text               c_w.l(rt_memcpy_w.o)
    0x000002a2   0x00000044   Code   RO         7644    .text               c_w.l(rt_memclr.o)
    0x000002e6   0x0000004e   Code   RO         7646    .text               c_w.l(rt_memclr_w.o)
    0x00000334   0x00000006   Code   RO         7648    .text               c_w.l(heapauxi.o)
    0x0000033a   0x00000016   Code   RO         7813    .text               c_w.l(_rserrno.o)
    0x00000350   0x00000008   Code   RO         7912    .text               c_w.l(rt_errno_addr_intlibspace.o)
    0x00000358   0x00000008   Code   RO         7922    .text               c_w.l(libspace.o)
    0x00000360   0x0000004a   Code   RO         7925    .text               c_w.l(sys_stackheap_outer.o)
    0x000003aa   0x0000000c   Code   RO         7927    .text               c_w.l(exit.o)
    0x000003b6   0x00000002   PAD
    0x000003b8   0x0000000c   Code   RO         7993    .text               c_w.l(sys_exit.o)
    0x000003c4   0x00000002   Code   RO         8004    .text               c_w.l(use_no_semi.o)
    0x000003c6   0x00000000   Code   RO         8006    .text               c_w.l(indicate_semi.o)
    0x000003c6   0x00000002   PAD
    0x000003c8   0x00000044   Code   RO         4952    i.ADC14_IRQHandler  wp_adc.o
    0x0000040c   0x00000080   Code   RO         4953    i.ADC_Init          wp_adc.o
    0x0000048c   0x000000f4   Code   RO         7397    i.ADRC_Init         adrc.o
    0x00000580   0x000000c0   Code   RO         5501    i.AT24CXX_Check     license.o
    0x00000640   0x0000001a   Code   RO         5503    i.AT24CXX_Init      license.o
    0x0000065a   0x00000022   Code   RO         5504    i.AT24CXX_Read      license.o
    0x0000067c   0x00000058   Code   RO         5506    i.AT24CXX_ReadOneByte  license.o
    0x000006d4   0x0000001a   Code   RO         5507    i.AT24CXX_Read_Float  license.o
    0x000006ee   0x00000024   Code   RO         5508    i.AT24CXX_Write     license.o
    0x00000712   0x00000050   Code   RO         5510    i.AT24CXX_WriteOneByte  license.o
    0x00000762   0x00000030   Code   RO         5511    i.AT24CXX_Write_Data  license.o
    0x00000792   0x00000002   PAD
    0x00000794   0x0000024c   Code   RO         2941    i.Accel_Calibartion  calibration.o
    0x000009e0   0x000004a8   Code   RO         2942    i.Accel_Calibration_Check  calibration.o
    0x00000e88   0x000000f0   Code   RO         6932    i.Angle_Control_Target  wp_ctrl.o
    0x00000f78   0x0000002c   Code   RO         6933    i.Attitude_Control  wp_ctrl.o
    0x00000fa4   0x000001a4   Code   RO         7495    i.Auto_Flight_Ctrl  developer_mode.o
    0x00001148   0x0000002c   Code   RO         2756    i.Bling_Init        bling.o
    0x00001174   0x00000088   Code   RO         2757    i.Bling_Process     bling.o
    0x000011fc   0x0000001e   Code   RO         2758    i.Bling_Set         bling.o
    0x0000121a   0x00000002   PAD
    0x0000121c   0x00000218   Code   RO         2759    i.Bling_Working     bling.o
    0x00001434   0x000000e0   Code   RO         3169    i.Butterworth_Parameter_Init  filter.o
    0x00001514   0x00000028   Code   RO          304    i.CS_clearInterruptFlag  cs.o
    0x0000153c   0x00000024   Code   RO          313    i.CS_getACLK        cs.o
    0x00001560   0x000000d4   Code   RO          315    i.CS_getDCOFrequency  cs.o
    0x00001634   0x00000024   Code   RO          319    i.CS_getMCLK        cs.o
    0x00001658   0x00000020   Code   RO          320    i.CS_getSMCLK       cs.o
    0x00001678   0x00000014   Code   RO          327    i.CS_setExternalClockSourceFrequency  cs.o
    0x0000168c   0x0000000e   Code   RO          330    i.CS_startHFXT      cs.o
    0x0000169a   0x00000002   PAD
    0x0000169c   0x000000c0   Code   RO          331    i.CS_startHFXTWithTimeout  cs.o
    0x0000175c   0x00000164   Code   RO         2943    i.Calibrate_Find_Delta  calibration.o
    0x000018c0   0x00000044   Code   RO         2944    i.Calibrate_Reset_Matrices  calibration.o
    0x00001904   0x000000f6   Code   RO         2945    i.Calibrate_Update_Matrices  calibration.o
    0x000019fa   0x00000002   PAD
    0x000019fc   0x000002a8   Code   RO         2946    i.Calibrate_accel   calibration.o
    0x00001ca4   0x00000014   Code   RO         2948    i.Check_All_Calibartion  calibration.o
    0x00001cb8   0x00000034   Code   RO         2949    i.Check_Calibration_Flag  calibration.o
    0x00001cec   0x000001c8   Code   RO         2950    i.Check_Plane_Sampling_Okay  calibration.o
    0x00001eb4   0x00000110   Code   RO         6697    i.Color_Block_Control_Pliot  opticalflow_control.o
    0x00001fc4   0x000000dc   Code   RO         7134    i.Compass_Fault_Check  compass.o
    0x000020a0   0x0000012c   Code   RO         5325    i.Config_Init_Uart  opticalflow_lc306.o
    0x000021cc   0x0000006e   Code   RO         3793    i.Control_Device_LPF  pid.o
    0x0000223a   0x00000002   PAD
    0x0000223c   0x0000059c   Code   RO         6934    i.Control_Output    wp_ctrl.o
    0x000027d8   0x00000120   Code   RO         6935    i.Controler_Mode_Select  wp_ctrl.o
    0x000028f8   0x000001fc   Code   RO         5512    i.Copyright_Show    license.o
    0x00002af4   0x0000000c   Code   RO         4612    i.Delay_Ms          time.o
    0x00002b00   0x00000022   Code   RO         3358    i.Double_ReadI2C    myiic.o
    0x00002b22   0x00000002   PAD
    0x00002b24   0x00000038   Code   RO         3593    i.Draw_Logo1        oled.o
    0x00002b5c   0x0000002a   Code   RO         5513    i.EEPROM_Read_N_Data  license.o
    0x00002b86   0x00000028   Code   RO         5514    i.EEPROM_Write_N_Data  license.o
    0x00002bae   0x00000002   PAD
    0x00002bb0   0x00000018   Code   RO         5231    i.EPWM_GPIO_Init    wp_pwm.o
    0x00002bc8   0x00000050   Code   RO         5232    i.EPWM_Output       wp_pwm.o
    0x00002c18   0x00000018   Code   RO         2951    i.ESC_Calibration   calibration.o
    0x00002c30   0x0000017c   Code   RO         2952    i.ESC_Calibration_Check  calibration.o
    0x00002dac   0x00000100   Code   RO         5515    i.ESC_HardWave_Init  license.o
    0x00002eac   0x00000044   Code   RO         4817    i.EUSCIA0_IRQHandler  usart.o
    0x00002ef0   0x00000054   Code   RO         4818    i.EUSCIA1_IRQHandler  usart.o
    0x00002f44   0x00000040   Code   RO         4819    i.EUSCIA2_IRQHandler  usart.o
    0x00002f84   0x00000054   Code   RO         4820    i.EUSCIA3_IRQHandler  usart.o
    0x00002fd8   0x0000004c   Code   RO         3360    i.EUSCIB1_IRQHandler  myiic.o
    0x00003024   0x0000039c   Code   RO         6825    i.Euler_Angle_Init  sensor.o
    0x000033c0   0x0000098c   Code   RO         6826    i.Euler_Angle_Init_Again  sensor.o
    0x00003d4c   0x00000014   Code   RO          980    i.FPU_enableLazyStacking  fpu.o
    0x00003d60   0x00000014   Code   RO          981    i.FPU_enableModule  fpu.o
    0x00003d74   0x00000140   Code   RO         5067    i.FastAsin          wp_math.o
    0x00003eb4   0x000001b4   Code   RO         5068    i.FastAtan2         wp_math.o
    0x00004068   0x00000090   Code   RO         5069    i.FastCos           wp_math.o
    0x000040f8   0x00000486   Code   RO         5071    i.FastPow           wp_math.o
    0x0000457e   0x00000002   PAD
    0x00004580   0x0000008c   Code   RO         5072    i.FastSin           wp_math.o
    0x0000460c   0x00000014   Code   RO         5074    i.FastSqrt          wp_math.o
    0x00004620   0x00000048   Code   RO         5075    i.FastSqrtI         wp_math.o
    0x00004668   0x00000194   Code   RO         5076    i.FastTan           wp_math.o
    0x000047fc   0x00000378   Code   RO         6345    i.Flight_Alt_Hold_Control  control_althold.o
    0x00004b74   0x00000118   Code   RO         6698    i.Front_AprilTag_Control_Pliot  opticalflow_control.o
    0x00004c8c   0x0000002c   Code   RO         3594    i.GPIO_WriteBit     oled.o
    0x00004cb8   0x00000014   Code   RO         1053    i.GPIO_clearInterruptFlag  gpio.o
    0x00004ccc   0x00000020   Code   RO         1057    i.GPIO_getInputPinValue  gpio.o
    0x00004cec   0x00000020   Code   RO         1059    i.GPIO_interruptEdgeSelect  gpio.o
    0x00004d0c   0x00000028   Code   RO         1061    i.GPIO_setAsInputPin  gpio.o
    0x00004d34   0x0000002c   Code   RO         1062    i.GPIO_setAsInputPinWithPullDownResistor  gpio.o
    0x00004d60   0x0000002c   Code   RO         1063    i.GPIO_setAsInputPinWithPullUpResistor  gpio.o
    0x00004d8c   0x00000020   Code   RO         1064    i.GPIO_setAsOutputPin  gpio.o
    0x00004dac   0x00000014   Code   RO         1069    i.GPIO_setOutputHighOnPin  gpio.o
    0x00004dc0   0x00000014   Code   RO         1070    i.GPIO_setOutputLowOnPin  gpio.o
    0x00004dd4   0x000001a8   Code   RO         6093    i.GY53L1X_Data_Update  gy53l1x.o
    0x00004f7c   0x0000001e   Code   RO         6094    i.GY53L1X_In1_DN    gy53l1x.o
    0x00004f9a   0x00000002   PAD
    0x00004f9c   0x00000084   Code   RO         6095    i.GY53L1X_In1_IRQHandler  gy53l1x.o
    0x00005020   0x00000044   Code   RO         6096    i.GY53L1X_In1_Init  gy53l1x.o
    0x00005064   0x0000001e   Code   RO         6097    i.GY53L1X_In1_UP    gy53l1x.o
    0x00005082   0x0000001e   Code   RO         6098    i.GY53L1X_In2_DN    gy53l1x.o
    0x000050a0   0x00000090   Code   RO         6099    i.GY53L1X_In2_IRQHandler  gy53l1x.o
    0x00005130   0x00000044   Code   RO         6100    i.GY53L1X_In2_Init  gy53l1x.o
    0x00005174   0x0000001e   Code   RO         6101    i.GY53L1X_In2_UP    gy53l1x.o
    0x00005192   0x0000000c   Code   RO         6102    i.GY53L1X_Init      gy53l1x.o
    0x0000519e   0x00000002   PAD
    0x000051a0   0x00000030   Code   RO         6936    i.GankerPilot_Control  wp_ctrl.o
    0x000051d0   0x00000108   Code   RO         6827    i.Get_Baro_Offset   sensor.o
    0x000052d8   0x00000068   Code   RO         4954    i.Get_Battery_Voltage  wp_adc.o
    0x00005340   0x000003cc   Code   RO         6828    i.Get_Status_Feedback  sensor.o
    0x0000570c   0x00000068   Code   RO         5516    i.Get_Systime       license.o
    0x00005774   0x000000ac   Code   RO         3170    i.GildeAverageValueFilter_MAG  filter.o
    0x00005820   0x000001cc   Code   RO         2953    i.Gyro_Calibration_Check  calibration.o
    0x000059ec   0x00000068   Code   RO         6937    i.Gyro_Control      wp_ctrl.o
    0x00005a54   0x00000160   Code   RO         4588    i.HardWave_Init     system.o
    0x00005bb4   0x000002f0   Code   RO         2955    i.Horizontal_Calibration_Check  calibration.o
    0x00005ea4   0x00000048   Code   RO         2956    i.Horizontal_Calibration_Init  calibration.o
    0x00005eec   0x00000042   Code   RO         3364    i.I2C_SendACK       myiic.o
    0x00005f2e   0x0000002a   Code   RO         6009    i.IIC_Init          softiic.o
    0x00005f58   0x0000002c   Code   RO         3373    i.IIC_start         myiic.o
    0x00005f84   0x00000030   Code   RO         3374    i.IIC_stop          myiic.o
    0x00005fb4   0x00000104   Code   RO         3304    i.IMU_Calibration   mpu6050.o
    0x000060b8   0x000000d4   Code   RO         5289    i.IST8310_Read_Data  ist8310.o
    0x0000618c   0x00000064   Code   RO         5233    i.Init_EPWM         wp_pwm.o
    0x000061f0   0x0000002a   Code   RO         3375    i.Init_I2C          myiic.o
    0x0000621a   0x00000002   PAD
    0x0000621c   0x000000f8   Code   RO         3305    i.Init_MPU6050      mpu6050.o
    0x00006314   0x00000064   Code   RO         5234    i.Init_PWM          wp_pwm.o
    0x00006378   0x00000074   Code   RO         1479    i.Interrupt_disableInterrupt  interrupt.o
    0x000063ec   0x00000014   Code   RO         1481    i.Interrupt_disableSleepOnIsrExit  interrupt.o
    0x00006400   0x00000074   Code   RO         1482    i.Interrupt_enableInterrupt  interrupt.o
    0x00006474   0x0000001c   Code   RO         1493    i.Interrupt_setPriorityGrouping  interrupt.o
    0x00006490   0x000003a0   Code   RO         4074    i.KalmanFilter      sins.o
    0x00006830   0x00000048   Code   RO         3243    i.Key_Init          key.o
    0x00006878   0x00000264   Code   RO         3244    i.Key_Scan          key.o
    0x00006adc   0x00000038   Code   RO         3595    i.LCD_CLS           oled.o
    0x00006b14   0x00000048   Code   RO         3597    i.LCD_P6x8Char      oled.o
    0x00006b5c   0x00000064   Code   RO         3598    i.LCD_P6x8Str       oled.o
    0x00006bc0   0x00000088   Code   RO         3600    i.LCD_P8x16Str      oled.o
    0x00006c48   0x00000028   Code   RO         3601    i.LCD_Set_Pos       oled.o
    0x00006c70   0x0000005c   Code   RO         3602    i.LCD_WrCmd         oled.o
    0x00006ccc   0x00000052   Code   RO         3603    i.LCD_WrDat         oled.o
    0x00006d1e   0x00000036   Code   RO         3604    i.LCD_clear_L       oled.o
    0x00006d54   0x00000148   Code   RO         3171    i.LPButterworth     filter.o
    0x00006e9c   0x000000fc   Code   RO         6297    i.LS_Accumulate     calibrationroutines.o
    0x00006f98   0x0000057c   Code   RO         6298    i.LS_Calculate      calibrationroutines.o
    0x00007514   0x0000000e   Code   RO         6299    i.LS_Init           calibrationroutines.o
    0x00007522   0x00000002   PAD
    0x00007524   0x000000d0   Code   RO         3306    i.MPU6050_Read_Data  mpu6050.o
    0x000075f4   0x000000c0   Code   RO         3307    i.MPU6050_Read_Temperature  mpu6050.o
    0x000076b4   0x0000088c   Code   RO         6829    i.Madgwick_AHRS_Update_IMU  sensor.o
    0x00007f40   0x00000462   Code   RO         2958    i.Mag_Calibartion_LS  calibration.o
    0x000083a2   0x00000002   PAD
    0x000083a4   0x00000348   Code   RO         2959    i.Mag_Calibration_Check  calibration.o
    0x000086ec   0x00000118   Code   RO         6938    i.Main_Leading_Control  wp_ctrl.o
    0x00008804   0x00000084   Code   RO         5077    i.Modf              wp_math.o
    0x00008888   0x00000154   Code   RO         7178    i.NCLink_Data_Prase_Prepare  nclink.o
    0x000089dc   0x000010e0   Code   RO         7179    i.NCLink_Data_Prase_Process  nclink.o
    0x00009abc   0x0000013c   Code   RO         6549    i.NCQ_SDK_Run       namelesscotrun_sdk.o
    0x00009bf8   0x0000009c   Code   RO         4690    i.NVIC_Configuration  time_cnt.o
    0x00009c94   0x0000001c   Code   RO         3376    i.Nbyte_ReadI2C     myiic.o
    0x00009cb0   0x00000078   Code   RO         3611    i.OLED_Init         oled.o
    0x00009d28   0x00000074   Code   RO         3612    i.OLED_Init_Fast    oled.o
    0x00009d9c   0x0000015c   Code   RO         6830    i.Observation_Angle_Calculate  sensor.o
    0x00009ef8   0x00000274   Code   RO         4075    i.Observation_Tradeoff  sins.o
    0x0000a16c   0x00000324   Code   RO         6550    i.Openmv_Data_Receive_Anl_1  namelesscotrun_sdk.o
    0x0000a490   0x000002c8   Code   RO         6551    i.Openmv_Data_Receive_Anl_2  namelesscotrun_sdk.o
    0x0000a758   0x00000248   Code   RO         7076    i.Optflow_Prase     namelesscorun_opticalflow.o
    0x0000a9a0   0x00000074   Code   RO         7077    i.Optflow_Statemachine  namelesscorun_opticalflow.o
    0x0000aa14   0x00000320   Code   RO         7078    i.OpticalFlow_CF    namelesscorun_opticalflow.o
    0x0000ad34   0x000001bc   Code   RO         6700    i.OpticalFlow_Control  opticalflow_control.o
    0x0000aef0   0x00000148   Code   RO         6701    i.OpticalFlow_Control_Pure  opticalflow_control.o
    0x0000b038   0x00000048   Code   RO         6702    i.OpticalFlow_Ctrl_Reset  opticalflow_control.o
    0x0000b080   0x00000074   Code   RO         6703    i.OpticalFlow_Expect_Speed_Mapping  opticalflow_control.o
    0x0000b0f4   0x0000002c   Code   RO         7079    i.OpticalFlow_Init  namelesscorun_opticalflow.o
    0x0000b120   0x00000184   Code   RO         6704    i.OpticalFlow_Pos_Control  opticalflow_control.o
    0x0000b2a4   0x0000005c   Code   RO         7080    i.OpticalFlow_Rotate_Complementary_Filter  namelesscorun_opticalflow.o
    0x0000b300   0x0000004c   Code   RO         6705    i.OpticalFlow_SINS_Reset  opticalflow_control.o
    0x0000b34c   0x0000020c   Code   RO         6708    i.OpticalFlow_Vel_Control  opticalflow_control.o
    0x0000b558   0x00000100   Code   RO         2961    i.Other_Parameter_Default  calibration.o
    0x0000b658   0x00000174   Code   RO         2962    i.Other_Parameter_Init  calibration.o
    0x0000b7cc   0x000001f8   Code   RO         3795    i.PID_Control       pid.o
    0x0000b9c4   0x00000224   Code   RO         3796    i.PID_Control_Div_LPF  pid.o
    0x0000bbe8   0x00000284   Code   RO         3797    i.PID_Control_Div_LPF_For_Gyro  pid.o
    0x0000be6c   0x00000248   Code   RO         3799    i.PID_Control_SDK_Err_LPF  pid.o
    0x0000c0b4   0x0000022c   Code   RO         3800    i.PID_Control_Yaw   pid.o
    0x0000c2e0   0x00000174   Code   RO         3801    i.PID_Init          pid.o
    0x0000c454   0x00000010   Code   RO         3802    i.PID_Integrate_Reset  pid.o
    0x0000c464   0x00000048   Code   RO         3803    i.PID_LPF_Reset     pid.o
    0x0000c4ac   0x00000350   Code   RO         3804    i.PID_Paramter_Init_With_Flash  pid.o
    0x0000c7fc   0x0000002c   Code   RO         6103    i.PORT3_IRQHandler  gy53l1x.o
    0x0000c828   0x0000002c   Code   RO         6104    i.PORT5_IRQHandler  gy53l1x.o
    0x0000c854   0x00000034   Code   RO         3921    i.PORT6_IRQHandler  ppm.o
    0x0000c888   0x000000f8   Code   RO         3922    i.PPM_IRQHandler    ppm.o
    0x0000c980   0x00000044   Code   RO         3923    i.PPM_Init          ppm.o
    0x0000c9c4   0x00000034   Code   RO         5235    i.PWM_GPIO_Init     wp_pwm.o
    0x0000c9f8   0x0000005c   Code   RO         5236    i.PWM_Output        wp_pwm.o
    0x0000ca54   0x00000418   Code   RO         2963    i.Parameter_Init    calibration.o
    0x0000ce6c   0x0000002c   Code   RO         7199    i.Pilot_Status_Tick  nclink.o
    0x0000ce98   0x00002bfc   Code   RO         3245    i.QuadShow          key.o
    0x0000fa94   0x0000006c   Code   RO         2760    i.Quad_Start_Bling  bling.o
    0x0000fb00   0x000005ec   Code   RO         6831    i.Quaternion_Init   sensor.o
    0x000100ec   0x0000018c   Code   RO         2964    i.RC_Calibration_Check  calibration.o
    0x00010278   0x000002ac   Code   RO         2965    i.RC_Calibration_Init  calibration.o
    0x00010524   0x0000003c   Code   RO         2966    i.RC_Calibration_RESET  calibration.o
    0x00010560   0x0000006c   Code   RO         2967    i.RC_Calibration_Trigger  calibration.o
    0x000105cc   0x00000054   Code   RO         3964    i.RC_Data_LPF_Filter  rc.o
    0x00010620   0x00000080   Code   RO         3965    i.RC_Scale_Set      rc.o
    0x000106a0   0x0000002e   Code   RO         4996    i.ReadFlashParameterOne  wp_flash.o
    0x000106ce   0x00000078   Code   RO         4997    i.ReadFlashParameterThree  wp_flash.o
    0x00010746   0x0000005e   Code   RO         4998    i.ReadFlashParameterTwo  wp_flash.o
    0x000107a4   0x00000020   Code   RO         3246    i.Read_Button_State_All  key.o
    0x000107c4   0x000000a4   Code   RO         3247    i.Read_Button_State_One  key.o
    0x00010868   0x00000804   Code   RO         3966    i.Remote_Control    rc.o
    0x0001106c   0x00000164   Code   RO         3967    i.Remote_Data_Remap  rc.o
    0x000111d0   0x0000006c   Code   RO         2968    i.Reset_Accel_Calibartion  calibration.o
    0x0001123c   0x00000016   Code   RO         2969    i.Reset_All_Calibartion  calibration.o
    0x00011252   0x00000002   PAD
    0x00011254   0x00000034   Code   RO         3968    i.Reset_Lock_Cnt    rc.o
    0x00011288   0x00000050   Code   RO         2970    i.Reset_Mag_Calibartion  calibration.o
    0x000112d8   0x00000018   Code   RO         2971    i.Reset_RC_Calibartion  calibration.o
    0x000112f0   0x00000064   Code   RO         5517    i.Resume_Factory_Setting  license.o
    0x00011354   0x00000032   Code   RO         4028    i.RingBuf_Write     ringbuf.o
    0x00011386   0x0000000c   Code   RO         3377    i.SDA_IOIN          myiic.o
    0x00011392   0x0000000c   Code   RO         3378    i.SDA_IOOUT         myiic.o
    0x0001139e   0x00000002   PAD
    0x000113a0   0x00000040   Code   RO         6552    i.SDK_DT_Reset      namelesscotrun_sdk.o
    0x000113e0   0x00000054   Code   RO         6553    i.SDK_DT_Send_Check  namelesscotrun_sdk.o
    0x00011434   0x00000060   Code   RO         6555    i.SDK_Data_Prase_1  namelesscotrun_sdk.o
    0x00011494   0x00000060   Code   RO         6556    i.SDK_Data_Prase_2  namelesscotrun_sdk.o
    0x000114f4   0x00000168   Code   RO         6557    i.SDK_Data_Receive_Prepare  namelesscotrun_sdk.o
    0x0001165c   0x00000070   Code   RO         6558    i.SDK_Init          namelesscotrun_sdk.o
    0x000116cc   0x0000001c   Code   RO         7525    i.SDK_OPENMV_Config  myfile.o
    0x000116e8   0x0000021c   Code   RO         4076    i.SINS_Prepare      sins.o
    0x00011904   0x00000030   Code   RO         6010    i.SOFT_IIC_Ack      softiic.o
    0x00011934   0x0000000a   Code   RO         6011    i.SOFT_IIC_Delay    softiic.o
    0x0001193e   0x00000030   Code   RO         6012    i.SOFT_IIC_NAck     softiic.o
    0x0001196e   0x00000050   Code   RO         6013    i.SOFT_IIC_Read_Byte  softiic.o
    0x000119be   0x00000050   Code   RO         6014    i.SOFT_IIC_Send_Byte  softiic.o
    0x00011a0e   0x00000030   Code   RO         6015    i.SOFT_IIC_Start    softiic.o
    0x00011a3e   0x00000030   Code   RO         6016    i.SOFT_IIC_Stop     softiic.o
    0x00011a6e   0x0000004a   Code   RO         6017    i.SOFT_IIC_Wait_Ack  softiic.o
    0x00011ab8   0x0000000c   Code   RO         6018    i.SOFT_SDA_IN       softiic.o
    0x00011ac4   0x0000000c   Code   RO         6019    i.SOFT_SDA_OUT      softiic.o
    0x00011ad0   0x0000001e   Code   RO         4145    i.SPL06_Init        spl06.o
    0x00011aee   0x00000002   PAD
    0x00011af0   0x00000028   Code   RO         4146    i.SPL06_Read_Data   spl06.o
    0x00011b18   0x000006e0   Code   RO         3805    i.Save_Or_Reset_PID_Parameter  pid.o
    0x000121f8   0x0000005c   Code   RO         3806    i.Save_PID_Parameter  pid.o
    0x00012254   0x000001dc   Code   RO         6712    i.Self_Track_Control_Pliot  opticalflow_control.o
    0x00012430   0x0000000c   Code   RO         5326    i.SensorConfig_UartSend  opticalflow_lc306.o
    0x0001243c   0x000001c4   Code   RO         6559    i.Sensor_Parameter_Sort  namelesscotrun_sdk.o
    0x00012600   0x00000424   Code   RO         6832    i.Sensor_Update     sensor.o
    0x00012a24   0x000000d4   Code   RO         3172    i.Set_Cutoff_Frequency  filter.o
    0x00012af8   0x00000020   Code   RO         7024    i.Simulation_PWM_Init  temperature_ctrl.o
    0x00012b18   0x00000048   Code   RO         7025    i.Simulation_PWM_Output  temperature_ctrl.o
    0x00012b60   0x00000010   Code   RO         3379    i.Single_ReadI2C    myiic.o
    0x00012b70   0x00000014   Code   RO         3381    i.Single_WriteI2C   myiic.o
    0x00012b84   0x000000c4   Code   RO         4077    i.Strapdown_INS_High_Kalman  sins.o
    0x00012c48   0x00000010   Code   RO         1730    i.SysCtl_disableNMISource  sysctl.o
    0x00012c58   0x00000010   Code   RO         1735    i.SysCtl_enableNMISource  sysctl.o
    0x00012c68   0x00000010   Code   RO         1740    i.SysCtl_getNMISourceStatus  sysctl.o
    0x00012c78   0x00000050   Code   RO         1742    i.SysCtl_getTLVInfo  sysctl.o
    0x00012cc8   0x00000010   Code   RO         4614    i.SysTick_Handler   time.o
    0x00012cd8   0x000000b4   Code   RO         7588    i.SystemInit        system_msp432p401r.o
    0x00012d8c   0x00000068   Code   RO         5518    i.System_Init       license.o
    0x00012df4   0x00000058   Code   RO         5519    i.T32_INT2_IRQHandler  license.o
    0x00012e4c   0x000000a8   Code   RO         4691    i.TA2_0_IRQHandler  time_cnt.o
    0x00012ef4   0x00000040   Code   RO         4692    i.TIMER_A2_Configuration  time_cnt.o
    0x00012f34   0x00000058   Code   RO         3807    i.Take_Off_Reset    pid.o
    0x00012f8c   0x0000000c   Code   RO         4693    i.Task_200hz_Thread  time_cnt.o
    0x00012f98   0x00000038   Code   RO         4694    i.Task_400hz_Thread  time_cnt.o
    0x00012fd0   0x00000084   Code   RO         7026    i.Temperature_Ctrl  temperature_ctrl.o
    0x00013054   0x00000134   Code   RO         7027    i.Temperature_Ctrl_Init  temperature_ctrl.o
    0x00013188   0x0000003c   Code   RO         7028    i.Temperature_State_Check  temperature_ctrl.o
    0x000131c4   0x00000068   Code   RO         5520    i.Test_Period       license.o
    0x0001322c   0x000000bc   Code   RO         6346    i.Thr_Push_Over_Deadband  control_althold.o
    0x000132e8   0x00000080   Code   RO         6347    i.Thr_Scale_Set     control_althold.o
    0x00013368   0x00000254   Code   RO         6939    i.Throttle_Angle_Compensate  wp_ctrl.o
    0x000135bc   0x00000068   Code   RO         3808    i.Throttle_Control_Reset  pid.o
    0x00013624   0x00000010   Code   RO         4695    i.Time_init         time_cnt.o
    0x00013634   0x0000000a   Code   RO         2118    i.Timer32_clearInterruptFlag  timer32.o
    0x0001363e   0x0000000a   Code   RO         2120    i.Timer32_enableInterrupt  timer32.o
    0x00013648   0x00000006   Code   RO         2122    i.Timer32_getValue  timer32.o
    0x0001364e   0x00000002   PAD
    0x00013650   0x00000034   Code   RO         5521    i.Timer32_init      license.o
    0x00013684   0x0000005e   Code   RO         2124    i.Timer32_initModule  timer32.o
    0x000136e2   0x00000022   Code   RO         2126    i.Timer32_setCount  timer32.o
    0x00013704   0x00000030   Code   RO         2128    i.Timer32_startTimer  timer32.o
    0x00013734   0x00000100   Code   RO         6713    i.Top_APrilTag_Control_Pliot  opticalflow_control.o
    0x00013834   0x000000c0   Code   RO         6940    i.Total_Control     wp_ctrl.o
    0x000138f4   0x00000128   Code   RO         3809    i.Total_PID_Init    pid.o
    0x00013a1c   0x0000001e   Code   RO         4756    i.US100_DN          us_100.o
    0x00013a3a   0x00000002   PAD
    0x00013a3c   0x00000090   Code   RO         4757    i.US100_IRQHandler  us_100.o
    0x00013acc   0x00000088   Code   RO         4759    i.US100_Trigger_Conversion  us_100.o
    0x00013b54   0x0000001e   Code   RO         4760    i.US100_UP          us_100.o
    0x00013b72   0x00000002   PAD
    0x00013b74   0x00000064   Code   RO         4822    i.USART0_Init       usart.o
    0x00013bd8   0x0000001c   Code   RO         4824    i.USART0_Send_Byte  usart.o
    0x00013bf4   0x00000054   Code   RO         4825    i.USART1_Init       usart.o
    0x00013c48   0x00000028   Code   RO         4826    i.USART1_Send       usart.o
    0x00013c70   0x00000054   Code   RO         4828    i.USART2_Init       usart.o
    0x00013cc4   0x00000028   Code   RO         4829    i.USART2_Send       usart.o
    0x00013cec   0x00000054   Code   RO         4830    i.USART3_Init       usart.o
    0x00013d40   0x00000028   Code   RO         4831    i.USART3_Send       usart.o
    0x00013d68   0x00000168   Code   RO         4761    i.US_100_Statemachine  us_100.o
    0x00013ed0   0x00000014   Code   RO         6941    i.Value_Limit       wp_ctrl.o
    0x00013ee4   0x00000098   Code   RO         4833    i.Vcan_Send         usart.o
    0x00013f7c   0x00000080   Code   RO         4079    i.Vector_From_BodyFrame2EarthFrame  sins.o
    0x00013ffc   0x0000007c   Code   RO         6833    i.WP_Quad_Init      sensor.o
    0x00014078   0x0000004c   Code   RO         3385    i.WaitAck           myiic.o
    0x000140c4   0x0000002e   Code   RO         4999    i.WriteFlashParameter  wp_flash.o
    0x000140f2   0x0000004a   Code   RO         5000    i.WriteFlashParameter_Three  wp_flash.o
    0x0001413c   0x0000003c   Code   RO         5001    i.WriteFlashParameter_Two  wp_flash.o
    0x00014178   0x000000d0   Code   RO         6942    i.Yaw_Fault_Check   wp_ctrl.o
    0x00014248   0x000000dc   Code   RO          336    i._CSComputeCLKFrequency  cs.o
    0x00014324   0x0000006c   Code   RO          337    i._CSGetDOCFrequency  cs.o
    0x00014390   0x0000003e   Code   RO          338    i._CSGetDividerValue  cs.o
    0x000143ce   0x00000002   PAD
    0x000143d0   0x000000dc   Code   RO          339    i._CSGetHFXTFrequency  cs.o
    0x000144ac   0x00000054   Code   RO         5523    i._SysTick_Config   license.o
    0x00014500   0x00000030   Code   RO         7918    i.__ARM_fpclassify  m_wm.l(fpclassify.o)
    0x00014530   0x00000026   Code   RO         7863    i.__ARM_fpclassifyf  m_wm.l(fpclassifyf.o)
    0x00014556   0x0000000e   Code   RO         2972    i.__ARM_isnanf      calibration.o
    0x00014564   0x0000000e   Code   RO         3173    i.__ARM_isnanf      filter.o
    0x00014572   0x0000000e   Code   RO         3308    i.__ARM_isnanf      mpu6050.o
    0x00014580   0x0000000e   Code   RO         5002    i.__ARM_isnanf      wp_flash.o
    0x0001458e   0x0000000e   Code   RO         5078    i.__ARM_isnanf      wp_math.o
    0x0001459c   0x0000000e   Code   RO         6560    i.__ARM_isnanf      namelesscotrun_sdk.o
    0x000145aa   0x0000000e   Code   RO         6834    i.__ARM_isnanf      sensor.o
    0x000145b8   0x000000c8   Code   RO         7714    i.__hardfp_cos      m_wm.l(cos.o)
    0x00014680   0x00000150   Code   RO         7726    i.__hardfp_cosf     m_wm.l(cosf.o)
    0x000147d0   0x000000c8   Code   RO         7764    i.__hardfp_sin      m_wm.l(sin.o)
    0x00014898   0x0000007a   Code   RO         7776    i.__hardfp_sqrt     m_wm.l(sqrt.o)
    0x00014912   0x0000003a   Code   RO         7788    i.__hardfp_sqrtf    m_wm.l(sqrtf.o)
    0x0001494c   0x0000017c   Code   RO         7800    i.__hardfp_tanf     m_wm.l(tanf.o)
    0x00014ac8   0x00000438   Code   RO         7880    i.__ieee754_rem_pio2  m_wm.l(rred.o)
    0x00014f00   0x00000170   Code   RO         7846    i.__kernel_cos      m_wm.l(cos_i.o)
    0x00015070   0x000000f8   Code   RO         7920    i.__kernel_poly     m_wm.l(poly.o)
    0x00015168   0x00000130   Code   RO         7888    i.__kernel_sin      m_wm.l(sin_i.o)
    0x00015298   0x00000014   Code   RO         7850    i.__mathlib_dbl_infnan  m_wm.l(dunder.o)
    0x000152ac   0x00000004   PAD
    0x000152b0   0x00000020   Code   RO         7852    i.__mathlib_dbl_invalid  m_wm.l(dunder.o)
    0x000152d0   0x00000020   Code   RO         7855    i.__mathlib_dbl_underflow  m_wm.l(dunder.o)
    0x000152f0   0x00000006   Code   RO         7866    i.__mathlib_flt_infnan  m_wm.l(funder.o)
    0x000152f6   0x00000002   PAD
    0x000152f8   0x00000010   Code   RO         7868    i.__mathlib_flt_invalid  m_wm.l(funder.o)
    0x00015308   0x00000010   Code   RO         7871    i.__mathlib_flt_underflow  m_wm.l(funder.o)
    0x00015318   0x00000154   Code   RO         7885    i.__mathlib_rredf2  m_wm.l(rredf.o)
    0x0001546c   0x000000a0   Code   RO         6455    i.accel_to_lean_angles  control_poshold.o
    0x0001550c   0x00000020   Code   RO         6561    i.auto_altland      namelesscotrun_sdk.o
    0x0001552c   0x00000054   Code   RO         5079    i.constrain_float   wp_math.o
    0x00015580   0x00000016   Code   RO         3969    i.constrain_int16_t  rc.o
    0x00015596   0x00000018   Code   RO         4615    i.delay             time.o
    0x000155ae   0x00000018   Code   RO         4616    i.delayMicroseconds  time.o
    0x000155c6   0x0000000c   Code   RO         4617    i.delay_ms          time.o
    0x000155d2   0x0000000c   Code   RO         4618    i.delay_us          time.o
    0x000155de   0x00000002   PAD
    0x000155e0   0x00000038   Code   RO         4260    i.draw_oled         ssd1306.o
    0x00015618   0x00000018   Code   RO         7740    i.fabs              m_wm.l(fabs.o)
    0x00015630   0x00000038   Code   RO         5083    i.fast_atan         wp_math.o
    0x00015668   0x00000154   Code   RO         2691    i.find_black        my_task.o
    0x000157bc   0x00000220   Code   RO         6835    i.imuComputeRotationMatrix  sensor.o
    0x000159dc   0x0000003c   Code   RO         6836    i.invSqrt           sensor.o
    0x00015a18   0x00000016   Code   RO         3248    i.key_delay         key.o
    0x00015a2e   0x00000002   PAD
    0x00015a30   0x000001ec   Code   RO         6395    i.land_althold      control_land.o
    0x00015c1c   0x000000ec   Code   RO         6396    i.land_nogps_run    control_land.o
    0x00015d08   0x00000060   Code   RO         6397    i.land_reset        control_land.o
    0x00015d68   0x00000008   Code   RO         6398    i.land_run          control_land.o
    0x00015d70   0x000000e0   Code   RO         6399    i.landon_earth_check  control_land.o
    0x00015e50   0x00000078   Code   RO         2427    i.main              main.o
    0x00015ec8   0x00000034   Code   RO         4619    i.micros            time.o
    0x00015efc   0x0000000c   Code   RO         4620    i.millis            time.o
    0x00015f08   0x00000118   Code   RO         6565    i.move_with_xy_target  namelesscotrun_sdk.o
    0x00016020   0x00000274   Code   RO         6566    i.move_with_z_target  namelesscotrun_sdk.o
    0x00016294   0x00000002   Code   RO         3386    i.nc_iic_delay      myiic.o
    0x00016296   0x0000005c   Code   RO         3387    i.nc_iic_read_len   myiic.o
    0x000162f2   0x0000003c   Code   RO         3388    i.nc_iic_read_reg   myiic.o
    0x0001632e   0x0000002a   Code   RO         3391    i.nc_iic_write_reg  myiic.o
    0x00016358   0x00000034   Code   RO         5085    i.pythagorous2      wp_math.o
    0x0001638c   0x00000044   Code   RO         5086    i.pythagorous3      wp_math.o
    0x000163d0   0x00000072   Code   RO         3392    i.read_ch           myiic.o
    0x00016442   0x00000002   PAD
    0x00016444   0x00000034   Code   RO         5089    i.safe_sqrt         wp_math.o
    0x00016478   0x0000004c   Code   RO         3393    i.send_ch           myiic.o
    0x000164c4   0x000001e4   Code   RO         4147    i.spl0601_get_calib_param  spl06.o
    0x000166a8   0x000000dc   Code   RO         4148    i.spl0601_get_pressure  spl06.o
    0x00016784   0x0000006c   Code   RO         4149    i.spl0601_get_raw_pressure  spl06.o
    0x000167f0   0x00000070   Code   RO         4150    i.spl0601_get_raw_temp  spl06.o
    0x00016860   0x00000094   Code   RO         4151    i.spl0601_get_temperature  spl06.o
    0x000168f4   0x000000ec   Code   RO         4152    i.spl0601_init      spl06.o
    0x000169e0   0x00000144   Code   RO         4153    i.spl0601_rateset   spl06.o
    0x00016b24   0x00000014   Code   RO         4154    i.spl0601_read      spl06.o
    0x00016b38   0x00000012   Code   RO         4155    i.spl0601_start_continuous  spl06.o
    0x00016b4a   0x00000014   Code   RO         4158    i.spl0601_write     spl06.o
    0x00016b5e   0x0000000a   Code   RO         5090    i.sq                wp_math.o
    0x00016b68   0x0000015c   Code   RO         4262    i.ssd1306_begin     ssd1306.o
    0x00016cc4   0x00000014   Code   RO         4263    i.ssd1306_clear_display  ssd1306.o
    0x00016cd8   0x0000000c   Code   RO         4264    i.ssd1306_command   ssd1306.o
    0x00016ce4   0x0000002c   Code   RO         4268    i.ssd1306_display   ssd1306.o
    0x00016d10   0x00000104   Code   RO         4272    i.ssd1306_draw_circle  ssd1306.o
    0x00016e14   0x000000bc   Code   RO         4275    i.ssd1306_draw_fast_hline_internal  ssd1306.o
    0x00016ed0   0x000000a8   Code   RO         4276    i.ssd1306_draw_fast_vline  ssd1306.o
    0x00016f78   0x00000190   Code   RO         4277    i.ssd1306_draw_fast_vline_internal  ssd1306.o
    0x00017108   0x000000ce   Code   RO         4278    i.ssd1306_draw_line  ssd1306.o
    0x000171d6   0x00000002   PAD
    0x000171d8   0x0000011c   Code   RO         4279    i.ssd1306_draw_pixel  ssd1306.o
    0x000172f4   0x00000030   Code   RO         4284    i.ssd1306_fill_circle  ssd1306.o
    0x00017324   0x000000c6   Code   RO         4285    i.ssd1306_fill_circle_helper  ssd1306.o
    0x000173ea   0x00000002   PAD
    0x000173ec   0x0000000c   Code   RO         4293    i.ssd1306_height    ssd1306.o
    0x000173f8   0x0000000c   Code   RO         4308    i.ssd1306_width     ssd1306.o
    0x00017404   0x000000c0   Code   RO         5524    i.sys_init          license.o
    0x000174c4   0x00000068   Code   RO         4159    i.user_spl0601_get  spl06.o
    0x0001752c   0x000002d4   Code   RO         3619    i.write_6_8_number  oled.o
    0x00017800   0x00000034   Code   RO         4834    i.wust_sendware     usart.o
    0x00017834   0x00000018   Code   RO         7815    x$fpl$basic         fz_wm.l(basic.o)
    0x0001784c   0x00000062   Code   RO         7652    x$fpl$d2f           fz_wm.l(d2f.o)
    0x000178ae   0x00000002   PAD
    0x000178b0   0x00000150   Code   RO         7654    x$fpl$dadd          fz_wm.l(daddsub_clz.o)
    0x00017a00   0x00000018   Code   RO         7817    x$fpl$dcmpinf       fz_wm.l(dcmpi.o)
    0x00017a18   0x000002b0   Code   RO         7661    x$fpl$ddiv          fz_wm.l(ddiv.o)
    0x00017cc8   0x0000005e   Code   RO         7914    x$fpl$dfix          fz_wm.l(dfix.o)
    0x00017d26   0x0000002e   Code   RO         7665    x$fpl$dflt          fz_wm.l(dflt_clz.o)
    0x00017d54   0x00000026   Code   RO         7664    x$fpl$dfltu         fz_wm.l(dflt_clz.o)
    0x00017d7a   0x00000002   PAD
    0x00017d7c   0x00000078   Code   RO         7670    x$fpl$dleqf         fz_wm.l(dleqf.o)
    0x00017df4   0x00000154   Code   RO         7672    x$fpl$dmul          fz_wm.l(dmul.o)
    0x00017f48   0x0000009c   Code   RO         7819    x$fpl$dnaninf       fz_wm.l(dnaninf.o)
    0x00017fe4   0x0000000c   Code   RO         7821    x$fpl$dretinf       fz_wm.l(dretinf.o)
    0x00017ff0   0x0000006c   Code   RO         7674    x$fpl$drleqf        fz_wm.l(drleqf.o)
    0x0001805c   0x00000016   Code   RO         7655    x$fpl$drsb          fz_wm.l(daddsub_clz.o)
    0x00018072   0x00000002   PAD
    0x00018074   0x00000198   Code   RO         7823    x$fpl$dsqrt         fz_wm.l(dsqrt_umaal.o)
    0x0001820c   0x000001d4   Code   RO         7656    x$fpl$dsub          fz_wm.l(daddsub_clz.o)
    0x000183e0   0x00000056   Code   RO         7676    x$fpl$f2d           fz_wm.l(f2d.o)
    0x00018436   0x0000008c   Code   RO         7825    x$fpl$fnaninf       fz_wm.l(fnaninf.o)
    0x000184c2   0x0000000a   Code   RO         7991    x$fpl$fpinit        fz_wm.l(fpinit.o)
    0x000184cc   0x0000000a   Code   RO         7827    x$fpl$fretinf       fz_wm.l(fretinf.o)
    0x000184d6   0x00000000   Code   RO         7831    x$fpl$usenofp       fz_wm.l(usenofp.o)
    0x000184d6   0x00000002   PAD
    0x000184d8   0x0000004c   Data   RO         1073    .constdata          gpio.o
    0x00018524   0x00000090   Data   RO         1498    .constdata          interrupt.o
    0x000185b4   0x00000090   Data   RO         2974    .constdata          calibration.o
    0x00018644   0x00000c98   Data   RO         3621    .constdata          oled.o
    0x000192dc   0x000005a0   Data   RO         3811    .constdata          pid.o
    0x0001987c   0x00000018   Data   RO         4697    .constdata          time_cnt.o
    0x00019894   0x00000090   Data   RO         4836    .constdata          usart.o
    0x00019924   0x00000880   Data   RO         5091    .constdata          wp_math.o
    0x0001a1a4   0x00000146   Data   RO         5327    .constdata          opticalflow_lc306.o
    0x0001a2ea   0x00000002   PAD
    0x0001a2ec   0x00000050   Data   RO         7029    .constdata          temperature_ctrl.o
    0x0001a33c   0x00000100   Data   RO         7409    .constdata          adrc.o
    0x0001a43c   0x00000004   PAD
    0x0001a440   0x00000030   Data   RO         7847    .constdata          m_wm.l(cos_i.o)
    0x0001a470   0x000000c8   Data   RO         7882    .constdata          m_wm.l(rred.o)
    0x0001a538   0x00000020   Data   RO         7886    .constdata          m_wm.l(rredf.o)
    0x0001a558   0x00000028   Data   RO         7889    .constdata          m_wm.l(sin_i.o)
    0x0001a580   0x00000000   Data   RO         8058    Region$$Table       anon$$obj.o


    Execution Region RW_IRAM1 (Base: 0x20000000, Size: 0x000046f0, Max: 0x00010000, ABSOLUTE)

    Base Addr    Size         Type   Attr      Idx    E Section Name        Object

    0x20000000   0x00000008   Data   RW          340    .data               cs.o
    0x20000008   0x00000008   Data   RW         2692    .data               my_task.o
    0x20000010   0x00000002   Data   RW         2762    .data               bling.o
    0x20000012   0x00000002   PAD
    0x20000014   0x0000013c   Data   RW         2975    .data               calibration.o
    0x20000150   0x00000008   Data   RW         3250    .data               key.o
    0x20000158   0x00000010   Data   RW         3310    .data               mpu6050.o
    0x20000168   0x00000003   Data   RW         3395    .data               myiic.o
    0x2000016b   0x00000002   Data   RW         3812    .data               pid.o
    0x2000016d   0x00000003   PAD
    0x20000170   0x00000010   Data   RW         3925    .data               ppm.o
    0x20000180   0x00000038   Data   RW         3971    .data               rc.o
    0x200001b8   0x0000005a   Data   RW         4082    .data               sins.o
    0x20000212   0x00000002   PAD
    0x20000214   0x00000010   Data   RW         4161    .data               spl06.o
    0x20000224   0x00000427   Data   RW         4311    .data               ssd1306.o
    0x2000064b   0x00000001   PAD
    0x2000064c   0x00000004   Data   RW         4621    .data               time.o
    0x20000650   0x00000008   Data   RW         4698    .data               time_cnt.o
    0x20000658   0x00000019   Data   RW         4763    .data               us_100.o
    0x20000671   0x00000007   PAD
    0x20000678   0x00000012   Data   RW         4956    .data               wp_adc.o
    0x2000068a   0x00000002   PAD
    0x2000068c   0x000000c0   Data   RW         5237    .data               wp_pwm.o
    0x2000074c   0x0000000a   Data   RW         5291    .data               ist8310.o
    0x20000756   0x00000002   Data   RW         5328    .data               opticalflow_lc306.o
    0x20000758   0x000000c4   Data   RW         5526    .data               license.o
    0x2000081c   0x00000005   Data   RW         6106    .data               gy53l1x.o
    0x20000821   0x00000003   PAD
    0x20000824   0x00000027   Data   RW         6350    .data               control_althold.o
    0x2000084b   0x00000001   PAD
    0x2000084c   0x00000039   Data   RW         6400    .data               control_land.o
    0x20000885   0x00000003   PAD
    0x20000888   0x00000038   Data   RW         6460    .data               control_poshold.o
    0x200008c0   0x00000062   Data   RW         6568    .data               namelesscotrun_sdk.o
    0x20000922   0x00000002   PAD
    0x20000924   0x0000006c   Data   RW         6715    .data               opticalflow_control.o
    0x20000990   0x000000b4   Data   RW         6839    .data               sensor.o
    0x20000a44   0x0000003d   Data   RW         6944    .data               wp_ctrl.o
    0x20000a81   0x00000003   PAD
    0x20000a84   0x00000008   Data   RW         7030    .data               temperature_ctrl.o
    0x20000a8c   0x0000005a   Data   RW         7082    .data               namelesscorun_opticalflow.o
    0x20000ae6   0x00000002   PAD
    0x20000ae8   0x0000001c   Data   RW         7137    .data               compass.o
    0x20000b04   0x0000001a   Data   RW         7202    .data               nclink.o
    0x20000b1e   0x00000002   PAD
    0x20000b20   0x00000006   Data   RW         7496    .data               developer_mode.o
    0x20000b26   0x00000002   PAD
    0x20000b28   0x00000024   Data   RW         7530    .data               myfile.o
    0x20000b4c   0x00000004   Data   RW         7589    .data               system_msp432p401r.o
    0x20000b50   0x0000003c   Zero   RW         2761    .bss                bling.o
    0x20000b8c   0x000001bc   Zero   RW         2973    .bss                calibration.o
    0x20000d48   0x00000244   Zero   RW         3174    .bss                filter.o
    0x20000f8c   0x00000040   Zero   RW         3249    .bss                key.o
    0x20000fcc   0x0000006c   Zero   RW         3309    .bss                mpu6050.o
    0x20001038   0x00000e36   Zero   RW         3810    .bss                pid.o
    0x20001e6e   0x00000028   Zero   RW         3924    .bss                ppm.o
    0x20001e96   0x00000002   PAD
    0x20001e98   0x00000198   Zero   RW         3970    .bss                rc.o
    0x20002030   0x00000574   Zero   RW         4081    .bss                sins.o
    0x200025a4   0x00000050   Zero   RW         4160    .bss                spl06.o
    0x200025f4   0x0000008c   Zero   RW         4696    .bss                time_cnt.o
    0x20002680   0x0000002c   Zero   RW         4762    .bss                us_100.o
    0x200026ac   0x000008d8   Zero   RW         4835    .bss                usart.o
    0x20002f84   0x00000320   Zero   RW         5003    .bss                wp_flash.o
    0x200032a4   0x00000024   Zero   RW         5290    .bss                ist8310.o
    0x200032c8   0x00000056   Zero   RW         5525    .bss                license.o
    0x2000331e   0x00000002   PAD
    0x20003320   0x00000068   Zero   RW         6105    .bss                gy53l1x.o
    0x20003388   0x0000004c   Zero   RW         6301    .bss                calibrationroutines.o
    0x200033d4   0x0000002c   Zero   RW         6349    .bss                control_althold.o
    0x20003400   0x00000288   Zero   RW         6567    .bss                namelesscotrun_sdk.o
    0x20003688   0x00000010   Zero   RW         6714    .bss                opticalflow_control.o
    0x20003698   0x000002a0   Zero   RW         6838    .bss                sensor.o
    0x20003938   0x00000030   Zero   RW         6943    .bss                wp_ctrl.o
    0x20003968   0x000005dc   Zero   RW         7081    .bss                namelesscorun_opticalflow.o
    0x20003f44   0x00000494   Zero   RW         7201    .bss                nclink.o
    0x200043d8   0x000000b8   Zero   RW         7408    .bss                adrc.o
    0x20004490   0x00000060   Zero   RW         7923    .bss                c_w.l(libspace.o)
    0x200044f0   0x00000000   Zero   RW         7578    HEAP                startup_msp432p401r_uvision.o
    0x200044f0   0x00000200   Zero   RW         7577    STACK               startup_msp432p401r_uvision.o



  Load Region LR_IROM2 (Base: 0x00200000, Size: 0x00000000, Max: 0x00004000, ABSOLUTE)

    Execution Region ER_IROM2 (Base: 0x00200000, Size: 0x00000000, Max: 0x00004000, ABSOLUTE)

    **** No section assigned to this execution region ****

