Component: ARM Compiler 5.05 update 2 (build 169) Tool: armlink [4d0f33]

==============================================================================

Section Cross References

    adc14.o(i.ADC14_configureConversionMemory) refers to adc14.o(i.ADCIsConversionRunning) for ADCIsConversionRunning
    adc14.o(i.ADC14_configureConversionMemory) refers to adc14.o(i._getIndexForMemRegister) for _getIndexForMemRegister
    adc14.o(i.ADC14_configureConversionMemory) refers to adc14.o(.constdata) for _ctlRegs
    adc14.o(i.ADC14_configureMultiSequenceMode) refers to adc14.o(i.ADCIsConversionRunning) for ADCIsConversionRunning
    adc14.o(i.ADC14_configureMultiSequenceMode) refers to adc14.o(i._getIndexForMemRegister) for _getIndexForMemRegister
    adc14.o(i.ADC14_configureMultiSequenceMode) refers to adc14.o(.constdata) for _ctlRegs
    adc14.o(i.ADC14_configureSingleSampleMode) refers to adc14.o(i.ADCIsConversionRunning) for ADCIsConversionRunning
    adc14.o(i.ADC14_configureSingleSampleMode) refers to adc14.o(i._getIndexForMemRegister) for _getIndexForMemRegister
    adc14.o(i.ADC14_disableComparatorWindow) refers to adc14.o(i.ADCIsConversionRunning) for ADCIsConversionRunning
    adc14.o(i.ADC14_disableComparatorWindow) refers to adc14.o(i._getIndexForMemRegister) for _getIndexForMemRegister
    adc14.o(i.ADC14_disableComparatorWindow) refers to adc14.o(.constdata) for _ctlRegs
    adc14.o(i.ADC14_disableModule) refers to adc14.o(i.ADCIsConversionRunning) for ADCIsConversionRunning
    adc14.o(i.ADC14_disableReferenceBurst) refers to adc14.o(i.ADCIsConversionRunning) for ADCIsConversionRunning
    adc14.o(i.ADC14_disableSampleTimer) refers to adc14.o(i.ADCIsConversionRunning) for ADCIsConversionRunning
    adc14.o(i.ADC14_enableComparatorWindow) refers to adc14.o(i.ADCIsConversionRunning) for ADCIsConversionRunning
    adc14.o(i.ADC14_enableComparatorWindow) refers to adc14.o(i._getIndexForMemRegister) for _getIndexForMemRegister
    adc14.o(i.ADC14_enableComparatorWindow) refers to adc14.o(.constdata) for _ctlRegs
    adc14.o(i.ADC14_enableConversion) refers to adc14.o(i.ADCIsConversionRunning) for ADCIsConversionRunning
    adc14.o(i.ADC14_enableReferenceBurst) refers to adc14.o(i.ADCIsConversionRunning) for ADCIsConversionRunning
    adc14.o(i.ADC14_enableSampleTimer) refers to adc14.o(i.ADCIsConversionRunning) for ADCIsConversionRunning
    adc14.o(i.ADC14_getEnabledInterruptStatus) refers to adc14.o(i.ADC14_getInterruptStatus) for ADC14_getInterruptStatus
    adc14.o(i.ADC14_getMultiSequenceResult) refers to adc14.o(.constdata) for _ctlRegs
    adc14.o(i.ADC14_getResult) refers to adc14.o(i._getIndexForMemRegister) for _getIndexForMemRegister
    adc14.o(i.ADC14_getResult) refers to adc14.o(.constdata) for _ctlRegs
    adc14.o(i.ADC14_getResultArray) refers to adc14.o(i._getIndexForMemRegister) for _getIndexForMemRegister
    adc14.o(i.ADC14_getResultArray) refers to adc14.o(.constdata) for _ctlRegs
    adc14.o(i.ADC14_initModule) refers to adc14.o(i.ADCIsConversionRunning) for ADCIsConversionRunning
    adc14.o(i.ADC14_registerInterrupt) refers to interrupt.o(i.Interrupt_registerInterrupt) for Interrupt_registerInterrupt
    adc14.o(i.ADC14_registerInterrupt) refers to interrupt.o(i.Interrupt_enableInterrupt) for Interrupt_enableInterrupt
    adc14.o(i.ADC14_setComparatorWindowValue) refers to adc14.o(i.ADCIsConversionRunning) for ADCIsConversionRunning
    adc14.o(i.ADC14_setPowerMode) refers to adc14.o(i.ADCIsConversionRunning) for ADCIsConversionRunning
    adc14.o(i.ADC14_setResultFormat) refers to adc14.o(i.ADCIsConversionRunning) for ADCIsConversionRunning
    adc14.o(i.ADC14_setSampleHoldTime) refers to adc14.o(i.ADCIsConversionRunning) for ADCIsConversionRunning
    adc14.o(i.ADC14_setSampleHoldTrigger) refers to adc14.o(i.ADCIsConversionRunning) for ADCIsConversionRunning
    adc14.o(i.ADC14_unregisterInterrupt) refers to interrupt.o(i.Interrupt_disableInterrupt) for Interrupt_disableInterrupt
    adc14.o(i.ADC14_unregisterInterrupt) refers to interrupt.o(i.Interrupt_unregisterInterrupt) for Interrupt_unregisterInterrupt
    cs.o(i.CS_getACLK) refers to cs.o(i._CSComputeCLKFrequency) for _CSComputeCLKFrequency
    cs.o(i.CS_getBCLK) refers to cs.o(i._CSComputeCLKFrequency) for _CSComputeCLKFrequency
    cs.o(i.CS_getDCOFrequency) refers to sysctl.o(i.SysCtl_getTLVInfo) for SysCtl_getTLVInfo
    cs.o(i.CS_getDCOFrequency) refers to cs.o(i._CSGetDOCFrequency) for _CSGetDOCFrequency
    cs.o(i.CS_getEnabledInterruptStatus) refers to cs.o(i.CS_getInterruptStatus) for CS_getInterruptStatus
    cs.o(i.CS_getHSMCLK) refers to cs.o(i._CSComputeCLKFrequency) for _CSComputeCLKFrequency
    cs.o(i.CS_getMCLK) refers to cs.o(i._CSComputeCLKFrequency) for _CSComputeCLKFrequency
    cs.o(i.CS_getSMCLK) refers to cs.o(i._CSComputeCLKFrequency) for _CSComputeCLKFrequency
    cs.o(i.CS_registerInterrupt) refers to interrupt.o(i.Interrupt_registerInterrupt) for Interrupt_registerInterrupt
[...]
    DIVIDER_SCALE                            0x20000680   Data           4  wp_adc.o(.data)
    Battery_Voltage                          0x20000684   Data           4  wp_adc.o(.data)
    curADCResult                             0x20000688   Data           2  wp_adc.o(.data)
    pwmConfig1                               0x2000068c   Data          24  wp_pwm.o(.data)
    pwmConfig2                               0x200006a4   Data          24  wp_pwm.o(.data)
    pwmConfig3                               0x200006bc   Data          24  wp_pwm.o(.data)
    pwmConfig4                               0x200006d4   Data          24  wp_pwm.o(.data)
    pwmConfig5                               0x200006ec   Data          24  wp_pwm.o(.data)
    pwmConfig6                               0x20000704   Data          24  wp_pwm.o(.data)
    pwmConfig7                               0x2000071c   Data          24  wp_pwm.o(.data)
    pwmConfig8                               0x20000734   Data          24  wp_pwm.o(.data)
    magn                                     0x2000074c   Data           8  ist8310.o(.data)
    LC306_Ready_Cnt                          0x20000756   Data           2  opticalflow_lc306.o(.data)
    extern_remain_time                       0x20000808   Data           4  license.o(.data)
    TIME_ISR_CNT                             0x2000080c   Data           4  license.o(.data)
    ALT_VEL_FEEDFORWARD_ENABLE_Output        0x20000824   Data           4  control_althold.o(.data)
    ALT_VEL_FEEDFORWARD_ENABLE_Rate          0x20000828   Data           4  control_althold.o(.data)
    ALT_VEL_FEEDFORWARD_ENABLE_Delta         0x2000082c   Data           4  control_althold.o(.data)
    Last_Yaw_Vel_Target                      0x20000830   Data           4  control_althold.o(.data)
    Yaw_Vel_Target                           0x20000834   Data           4  control_althold.o(.data)
    Deadband                                 0x20000838   Data           2  control_althold.o(.data)
    Deadzone_Min                             0x2000083a   Data           2  control_althold.o(.data)
    Deadzone_Max                             0x2000083c   Data           2  control_althold.o(.data)
    Thr_Top                                  0x2000083e   Data           2  control_althold.o(.data)
    Thr_Buttom                               0x20000840   Data           2  control_althold.o(.data)
    Thr_Middle                               0x20000842   Data           2  control_althold.o(.data)
    Thr_Push_Over_State                      0x20000844   Data           1  control_althold.o(.data)
    land_pos_target                          0x2000084c   Data           8  control_land.o(.data)
    land_pos_now                             0x20000854   Data           8  control_land.o(.data)
    land_home_pos                            0x2000085c   Data           8  control_land.o(.data)
    target_yaw_rate                          0x20000864   Data           4  control_land.o(.data)
    target_yaw_alt                           0x20000868   Data           4  control_land.o(.data)
    Landon_Earth_Cnt                         0x2000086c   Data           2  control_land.o(.data)
    Last_Landon_Earth_Flag                   0x2000086e   Data           1  control_land.o(.data)
    Landon_Earth_Flag                        0x2000086f   Data           1  control_land.o(.data)
    Landon_Earth_Flag_Set                    0x20000870   Data           1  control_land.o(.data)
    last_handmove_change_mode                0x20000871   Data           1  control_land.o(.data)
    handmove_change_mode                     0x20000872   Data           1  control_land.o(.data)
    nav_transition_cnt                       0x20000874   Data           2  control_land.o(.data)
    nav_transition_flag                      0x20000876   Data           2  control_land.o(.data)
    nav_climb_rate_cnt                       0x20000878   Data           2  control_land.o(.data)
    nav_decline_rate_cnt                     0x2000087a   Data           2  control_land.o(.data)
    first_switch_flag                        0x2000087c   Data           2  control_land.o(.data)
    distance_land_mode                       0x2000087e   Data           1  control_land.o(.data)
    last_distance_land_mode                  0x2000087f   Data           1  control_land.o(.data)
    climb_safe_alt_flag                      0x20000880   Data           1  control_land.o(.data)
    home_fixed_flag                          0x20000881   Data           1  control_land.o(.data)
    check_pos_handmove                       0x20000882   Data           1  control_land.o(.data)
    check_alt_handmove                       0x20000883   Data           1  control_land.o(.data)
    Body_Frame_Accel_Target                  0x20000888   Data           8  control_poshold.o(.data)
    Body_Frame_Speed_Feedback                0x20000890   Data           8  control_poshold.o(.data)
    Body_Frame_Pos_Err                       0x20000898   Data           8  control_poshold.o(.data)
    Body_Frame_Brake_Speed                   0x200008a0   Data           8  control_poshold.o(.data)
    GPS_Speed_Control_Mode                   0x200008a8   Data           1  control_poshold.o(.data)
    accel_target                             0x200008ac   Data           8  control_poshold.o(.data)
    angle_target                             0x200008b4   Data           8  control_poshold.o(.data)
    SDK_Duty_Cnt                             0x200008c0   Data           2  namelesscotrun_sdk.o(.data)
    SDK_Transition_Time                      0x200008c2   Data           2  namelesscotrun_sdk.o(.data)
    SDK_Target_Yaw_Gyro                      0x200008d0   Data           4  namelesscotrun_sdk.o(.data)
    _Pixel_Image_View_Angle_X                0x200008d4   Data           4  namelesscotrun_sdk.o(.data)
    _Pixel_Image_View_Angle_Y                0x200008d8   Data           4  namelesscotrun_sdk.o(.data)
    _P1                                      0x200008dc   Data           4  namelesscotrun_sdk.o(.data)
    _P2                                      0x200008e0   Data           4  namelesscotrun_sdk.o(.data)
    _CX                                      0x200008e4   Data           2  namelesscotrun_sdk.o(.data)
    _CY                                      0x200008e6   Data           2  namelesscotrun_sdk.o(.data)
    _TX                                      0x200008e8   Data           4  namelesscotrun_sdk.o(.data)
    _TY                                      0x200008ec   Data           4  namelesscotrun_sdk.o(.data)
    _DX                                      0x200008f0   Data           4  namelesscotrun_sdk.o(.data)
    _DY                                      0x200008f4   Data           4  namelesscotrun_sdk.o(.data)
    err_cnt                                  0x200008f8   Data           4  namelesscotrun_sdk.o(.data)
    SDK_Data_Offset                          0x200008fe   Data           2  namelesscotrun_sdk.o(.data)
    OpticalFlow_Pos_Ctrl_Expect              0x20000924   Data           8  opticalflow_control.o(.data)
    OpticalFlow_Pos_Ctrl_Err                 0x2000092c   Data           8  opticalflow_control.o(.data)
    OpticalFlow_Pos_Ctrl_Last_Err            0x20000934   Data           8  opticalflow_control.o(.data)
    OpticalFlow_Pos_Ctrl_Integrate           0x2000093c   Data           8  opticalflow_control.o(.data)
    OpticalFlow_Pos_Ctrl_Output              0x20000944   Data           8  opticalflow_control.o(.data)
    OpticalFlow_Ctrl_Expect                  0x2000094c   Data           8  opticalflow_control.o(.data)
    OpticalFlow_Ctrl_Err                     0x20000954   Data           8  opticalflow_control.o(.data)
    OpticalFlow_Ctrl_Integrate               0x2000095c   Data           8  opticalflow_control.o(.data)
    OpticalFlow_Ctrl_Output                  0x20000964   Data           8  opticalflow_control.o(.data)
    ccnt                                     0x2000096c   Data           4  opticalflow_control.o(.data)
    Pitch                                    0x20000990   Data           4  sensor.o(.data)
    Roll                                     0x20000994   Data           4  sensor.o(.data)
    Yaw                                      0x20000998   Data           4  sensor.o(.data)
    Yaw_Gyro                                 0x2000099c   Data           4  sensor.o(.data)
    Pitch_Gyro                               0x200009a0   Data           4  sensor.o(.data)
    Roll_Gyro                                0x200009a4   Data           4  sensor.o(.data)
    Pitch_Observation                        0x200009a8   Data           4  sensor.o(.data)
    Roll_Observation                         0x200009ac   Data           4  sensor.o(.data)
    Yaw_Observation                          0x200009b0   Data           4  sensor.o(.data)
    Inclination_Rate                         0x200009b4   Data           4  sensor.o(.data)
    Gyro_Length                              0x200009b8   Data           4  sensor.o(.data)
    K                                        0x200009bc   Data          12  sensor.o(.data)
    Sensor_Flag                              0x200009c8   Data           6  sensor.o(.data)
    Sin_Pitch                                0x200009d0   Data           4  sensor.o(.data)
    Sin_Roll                                 0x200009d4   Data           4  sensor.o(.data)
    Sin_Yaw                                  0x200009d8   Data           4  sensor.o(.data)
    Cos_Pitch                                0x200009dc   Data           4  sensor.o(.data)
    Cos_Roll                                 0x200009e0   Data           4  sensor.o(.data)
    Cos_Yaw                                  0x200009e4   Data           4  sensor.o(.data)
    mag_update_flag                          0x200009e8   Data           1  sensor.o(.data)
    euler_roll_init                          0x200009ec   Data           4  sensor.o(.data)
    euler_pitch_init                         0x200009f0   Data           4  sensor.o(.data)
    euler_yaw_init                           0x200009f4   Data           4  sensor.o(.data)
    q0_init                                  0x200009f8   Data           4  sensor.o(.data)
    q1_init                                  0x200009fc   Data           4  sensor.o(.data)
    q2_init                                  0x20000a00   Data           4  sensor.o(.data)
    q3_init                                  0x20000a04   Data           4  sensor.o(.data)
    IMU_Dt                                   0x20000a08   Data           4  sensor.o(.data)
    Yaw_Gyro_Earth_Frame                     0x20000a0c   Data           4  sensor.o(.data)
    q0                                       0x20000a10   Data           4  sensor.o(.data)
    q1                                       0x20000a14   Data           4  sensor.o(.data)
    q2                                       0x20000a18   Data           4  sensor.o(.data)
    q3                                       0x20000a1c   Data           4  sensor.o(.data)
    beta                                     0x20000a20   Data           4  sensor.o(.data)
    gx_delta                                 0x20000a24   Data           4  sensor.o(.data)
    gy_delta                                 0x20000a28   Data           4  sensor.o(.data)
    gz_delta                                 0x20000a2c   Data           4  sensor.o(.data)
    kp                                       0x20000a30   Data           4  sensor.o(.data)
    Inertia_Yaw                              0x20000a34   Data           4  sensor.o(.data)
    Sensor_Time                              0x20000a38   Data           4  sensor.o(.data)
    Yaw_Fusion_Beta                          0x20000a3c   Data           4  sensor.o(.data)
    Motor_PWM_1                              0x20000a44   Data           2  wp_ctrl.o(.data)
    Motor_PWM_2                              0x20000a46   Data           2  wp_ctrl.o(.data)
    Motor_PWM_3                              0x20000a48   Data           2  wp_ctrl.o(.data)
    Motor_PWM_4                              0x20000a4a   Data           2  wp_ctrl.o(.data)
    Last_Motor_PWM_1                         0x20000a4c   Data           2  wp_ctrl.o(.data)
    Last_Motor_PWM_2                         0x20000a4e   Data           2  wp_ctrl.o(.data)
    Last_Motor_PWM_3                         0x20000a50   Data           2  wp_ctrl.o(.data)
    Last_Motor_PWM_4                         0x20000a52   Data           2  wp_ctrl.o(.data)
    Controler_High_Mode                      0x20000a54   Data           1  wp_ctrl.o(.data)
    Last_Controler_High_Mode                 0x20000a55   Data           1  wp_ctrl.o(.data)
    Controler_Horizontal_Mode                0x20000a56   Data           1  wp_ctrl.o(.data)
    Last_Controler_Horizontal_Mode           0x20000a57   Data           1  wp_ctrl.o(.data)
    Controler_SDK1_Mode                      0x20000a58   Data           1  wp_ctrl.o(.data)
    Last_Controler_SDK1_Mode                 0x20000a59   Data           1  wp_ctrl.o(.data)
    Controler_Land_Mode                      0x20000a5a   Data           1  wp_ctrl.o(.data)
    Last_Controler_Land_Mode                 0x20000a5b   Data           1  wp_ctrl.o(.data)
    Control_Mode_Change                      0x20000a5c   Data           1  wp_ctrl.o(.data)
    High_Hold_Throttle                       0x20000a5e   Data           2  wp_ctrl.o(.data)
    Throttle                                 0x20000a60   Data           2  wp_ctrl.o(.data)
    Active_Para1                             0x20000a64   Data           4  wp_ctrl.o(.data)
    Active_Para2                             0x20000a68   Data           4  wp_ctrl.o(.data)
    start_cnt                                0x20000a6c   Data           2  wp_ctrl.o(.data)
    time_cnt_jiangluo                        0x20000a70   Data           4  wp_ctrl.o(.data)
    flag_jiangluo                            0x20000a74   Data           4  wp_ctrl.o(.data)
    Throttle_Output                          0x20000a78   Data           2  wp_ctrl.o(.data)
    Idel_Cnt                                 0x20000a7a   Data           2  wp_ctrl.o(.data)
    Thr_Idle_Transition_Cnt                  0x20000a7c   Data           2  wp_ctrl.o(.data)
    Temperature_Setpoint                     0x20000a84   Data           4  temperature_ctrl.o(.data)
    OpticalFlow_Is_Work                      0x20000a8c   Data           1  namelesscorun_opticalflow.o(.data)
    opticalflow_high                         0x20000a90   Data           4  namelesscorun_opticalflow.o(.data)
    opt_filter_data                          0x20000a94   Data           8  namelesscorun_opticalflow.o(.data)
    opt_gyro_data                            0x20000a9c   Data           8  namelesscorun_opticalflow.o(.data)
    opt_gyro_filter_data                     0x20000aa4   Data           8  namelesscorun_opticalflow.o(.data)
    gyro_filter_data                         0x20000aac   Data           8  namelesscorun_opticalflow.o(.data)
    Optflow_Is_Okay                          0x20000ab4   Data           1  namelesscorun_opticalflow.o(.data)
    OpticalFlow_Position                     0x20000ab8   Data           8  namelesscorun_opticalflow.o(.data)
    OpticalFlow_Speed                        0x20000ac0   Data           8  namelesscorun_opticalflow.o(.data)
    OpticalFlow_Speed_Err                    0x20000ac8   Data           8  namelesscorun_opticalflow.o(.data)
    OpticalFlow_Position_Err                 0x20000ad0   Data           8  namelesscorun_opticalflow.o(.data)
    Optflow_Sync_Cnt                         0x20000ad8   Data           2  namelesscorun_opticalflow.o(.data)
    CF_Parameter                             0x20000adc   Data           8  namelesscorun_opticalflow.o(.data)
    compass_fault_cnt                        0x20000afe   Data           2  compass.o(.data)
    rc_update_flag                           0x20000b08   Data           1  nclink.o(.data)
    unlock_flag                              0x20000b09   Data           1  nclink.o(.data)
    takeoff_flag                             0x20000b0a   Data           1  nclink.o(.data)
    move_flag                                0x20000b0b   Data           1  nclink.o(.data)
    mode_order                               0x20000b0c   Data           1  nclink.o(.data)
    move_distance                            0x20000b0e   Data           2  nclink.o(.data)
    cal_flag                                 0x20000b10   Data           1  nclink.o(.data)
    cal_step                                 0x20000b11   Data           1  nclink.o(.data)
    cal_cmd                                  0x20000b12   Data           1  nclink.o(.data)
    shutdown_now_cal_flag                    0x20000b13   Data           1  nclink.o(.data)
    FloatUnion                               0x20000b14   Data           4  nclink.o(.data)
    sdk_cnt                                  0x20000b20   Data           4  developer_mode.o(.data)
    SDK1_Mode_Setup                          0x20000b24   Data           1  developer_mode.o(.data)
    SDK2_Mode_Setup                          0x20000b25   Data           1  developer_mode.o(.data)
    Flag1                                    0x20000b28   Data           1  myfile.o(.data)
    Flag2                                    0x20000b29   Data           1  myfile.o(.data)
    Flag3                                    0x20000b2a   Data           1  myfile.o(.data)
    Value1                                   0x20000b2c   Data           4  myfile.o(.data)
    Value2                                   0x20000b30   Data           4  myfile.o(.data)
    Value3                                   0x20000b34   Data           4  myfile.o(.data)
    PID_count                                0x20000b38   Data           2  myfile.o(.data)
    SDK_Ground_updata                        0x20000b3a   Data           1  myfile.o(.data)
    SDK_Front_updata                         0x20000b3b   Data           1  myfile.o(.data)
    Ground_OPENMV_mode                       0x20000b3c   Data           1  myfile.o(.data)
    Front_OPENMV_mode                        0x20000b3d   Data           1  myfile.o(.data)
    SystemCoreClock                          0x20000b4c   Data           4  system_msp432p401r.o(.data)
    Light_1                                  0x20000b50   Data          20  bling.o(.bss)
    Light_2                                  0x20000b64   Data          20  bling.o(.bss)
    Light_3                                  0x20000b78   Data          20  bling.o(.bss)
    Mag_Data                                 0x20000b8c   Data          12  calibration.o(.bss)
    Accel_Hor_Read                           0x20000b98   Data          12  calibration.o(.bss)
    new_offset                               0x20000ba4   Data          12  calibration.o(.bss)
    Accel_Offset_Read                        0x20000bb0   Data          12  calibration.o(.bss)
    Accel_Scale_Read                         0x20000bbc   Data          12  calibration.o(.bss)
    acce_sample                              0x20000bc8   Data          72  calibration.o(.bss)
    Flash_Buf                                0x20000c10   Data          12  calibration.o(.bss)
    Last_Mag_360_Flag                        0x20000c1c   Data         108  calibration.o(.bss)
    Mag_360_Flag                             0x20000c88   Data         108  calibration.o(.bss)
    Mag                                      0x20000cf4   Data          24  calibration.o(.bss)
    DataMag                                  0x20000d0c   Data          12  calibration.o(.bss)
    Mag_Offset_Read                          0x20000d18   Data          12  calibration.o(.bss)
    Hor_Accel_Offset                         0x20000d24   Data          12  calibration.o(.bss)
    Ce                                       0x20000d48   Data          40  filter.o(.bss)
    Butter_80HZ_Parameter_Acce               0x20000d70   Data          24  filter.o(.bss)
    Butter_60HZ_Parameter_Acce               0x20000d88   Data          24  filter.o(.bss)
    Butter_51HZ_Parameter_Acce               0x20000da0   Data          24  filter.o(.bss)
    Butter_30HZ_Parameter_Acce               0x20000db8   Data          24  filter.o(.bss)
    Butter_20HZ_Parameter_Acce               0x20000dd0   Data          24  filter.o(.bss)
    Butter_15HZ_Parameter_Acce               0x20000de8   Data          24  filter.o(.bss)
    Butter_10HZ_Parameter_Acce               0x20000e00   Data          24  filter.o(.bss)
    Butter_5HZ_Parameter_Acce                0x20000e18   Data          24  filter.o(.bss)
    Butter_2HZ_Parameter_Acce                0x20000e30   Data          24  filter.o(.bss)
    Butter_Buffer                            0x20000e48   Data          72  filter.o(.bss)
    Butter_Buffer_Feedback                   0x20000e90   Data          72  filter.o(.bss)
    Butter_Buffer_SINS                       0x20000ed8   Data          72  filter.o(.bss)
    Butter_5HZ_Parameter_RC                  0x20000f20   Data          24  filter.o(.bss)
    Butter_Parameter_THR                     0x20000f38   Data          24  filter.o(.bss)
    Butter_Buffer_THR                        0x20000f50   Data          24  filter.o(.bss)
    Data_X_MAG                               0x20000f68   Data          12  filter.o(.bss)
    Data_Y_MAG                               0x20000f74   Data          12  filter.o(.bss)
    Data_Z_MAG                               0x20000f80   Data          12  filter.o(.bss)
    _button                                  0x20000f8c   Data          64  key.o(.bss)
    Ins_Accel_Parameter                      0x20000fcc   Data          24  mpu6050.o(.bss)
    Accel_Parameter                          0x20000fe4   Data          24  mpu6050.o(.bss)
    Gyro_Parameter                           0x20000ffc   Data          24  mpu6050.o(.bss)
    Calibrate_Parameter                      0x20001014   Data          24  mpu6050.o(.bss)
    gyro_offset                              0x2000102c   Data          12  mpu6050.o(.bss)
    Control_Device_Div_LPF_Parameter_For_Gyro 0x20001038   Data          24  pid.o(.bss)
    Control_Device_Div_LPF_Parameter         0x20001050   Data          24  pid.o(.bss)
    Control_Device_Err_LPF_Parameter         0x20001068   Data          24  pid.o(.bss)
    Control_Device_SDK_Err_LPF_Parameter     0x20001080   Data          24  pid.o(.bss)
    Total_Controller                         0x20001098   Data        3360  pid.o(.bss)
    PID_Parameter                            0x20001db8   Data         168  pid.o(.bss)
    PID_Parameter_Read_Flag                  0x20001e60   Data          14  pid.o(.bss)
    PPM_Databuf                              0x20001e82   Data          20  ppm.o(.bss)
    RC_Data                                  0x20001e98   Data         216  rc.o(.bss)
    RC_LPF_Buf                               0x20001f70   Data         192  rc.o(.bss)
    NamelessQuad                             0x20002030   Data        1296  sins.o(.bss)
    accel_feedback_filter_buf                0x20002540   Data          72  sins.o(.bss)
    Acceleration_Feedback                    0x20002588   Data          12  sins.o(.bss)
    SINS_High_Delta                          0x20002594   Data          16  sins.o(.bss)
    spl_cal_data                             0x200025a4   Data          36  spl06.o(.bss)
    spl0601                                  0x200025c8   Data          44  spl06.o(.bss)
    WP_Sensor                                0x200025f4   Data         108  time_cnt.o(.bss)
    Time0_Delta                              0x20002660   Data          16  time_cnt.o(.bss)
    Time0_Delta1                             0x20002670   Data          16  time_cnt.o(.bss)
    us100                                    0x20002680   Data          44  us_100.o(.bss)
    COM0_Rx_Buf                              0x200026ac   Data         206  usart.o(.bss)
    COM1_Rx_Buf                              0x2000277a   Data         206  usart.o(.bss)
    COM2_Rx_Buf                              0x20002848   Data         206  usart.o(.bss)
    COM3_Rx_Buf                              0x20002916   Data         206  usart.o(.bss)
    COM4_Rx_Buf                              0x200029e4   Data         206  usart.o(.bss)
    COM5_Rx_Buf                              0x20002ab2   Data         206  usart.o(.bss)
    COM6_Rx_Buf                              0x20002b80   Data         206  usart.o(.bss)
    COM7_Rx_Buf                              0x20002c4e   Data         206  usart.o(.bss)
    controlTable                             0x20002d1c   Data         512  usart.o(.bss)
    VCAN_DataBuf                             0x20002f1c   Data          32  usart.o(.bss)
    Vcan_Buff                                0x20002f3c   Data          40  usart.o(.bss)
    Table_Parameter                          0x20002f84   Data         800  wp_flash.o(.bss)
    mag_offset                               0x200032a4   Data          12  ist8310.o(.bss)
    Mag_Parameter                            0x200032b0   Data          24  ist8310.o(.bss)
    Copyright_License_Data                   0x200032c8   Data          32  license.o(.bss)
    vl53l1x_in1                              0x20003320   Data          44  gy53l1x.o(.bss)
    vl53l1x_in2                              0x2000334c   Data          44  gy53l1x.o(.bss)
    GY53L1_t                                 0x20003378   Data          16  gy53l1x.o(.bss)
    Mag_LS                                   0x20003388   Data          76  calibrationroutines.o(.bss)
    UAV_Cushion_Stop_Point                   0x200033d4   Data          12  control_althold.o(.bss)
    SDK_Duty_Status                          0x20003400   Data          50  namelesscotrun_sdk.o(.bss)
    circle_pos_x_delta                       0x20003480   Data         100  namelesscotrun_sdk.o(.bss)
    circle_pos_y_delta                       0x200034e4   Data         100  namelesscotrun_sdk.o(.bss)
    sdk_data_to_send                         0x20003548   Data          50  namelesscotrun_sdk.o(.bss)
    Opv_Top_View_Target                      0x2000357c   Data          84  namelesscotrun_sdk.o(.bss)
    Opv_Front_View_Target                    0x200035d0   Data          84  namelesscotrun_sdk.o(.bss)
    _buf                                     0x20003624   Data         100  namelesscotrun_sdk.o(.bss)
    Circle_Angle                             0x20003698   Data          12  sensor.o(.bss)
    B                                        0x200036a4   Data          12  sensor.o(.bss)
    rMat                                     0x200036b0   Data          36  sensor.o(.bss)
    Accel_For_Cal                            0x200036d4   Data          12  sensor.o(.bss)
    gyro                                     0x200036e0   Data          12  sensor.o(.bss)
    gyro_last                                0x200036ec   Data          12  sensor.o(.bss)
    accel                                    0x200036f8   Data          12  sensor.o(.bss)
    accel_last                               0x20003704   Data          12  sensor.o(.bss)
    mag                                      0x20003710   Data          12  sensor.o(.bss)
    gyro_radps                               0x2000371c   Data          12  sensor.o(.bss)
    accel_g                                  0x20003728   Data          12  sensor.o(.bss)
    gyro_filter                              0x20003734   Data          12  sensor.o(.bss)
    accel_filter                             0x20003740   Data          12  sensor.o(.bss)
    mag_filter                               0x2000374c   Data          12  sensor.o(.bss)
    gyro_bpf_filter                          0x20003758   Data          12  sensor.o(.bss)
    accel_bpf_filter                         0x20003764   Data          12  sensor.o(.bss)
    ins_accel_filter                         0x20003770   Data          12  sensor.o(.bss)
    ins_accel_filter_mid                     0x2000377c   Data          12  sensor.o(.bss)
    ins_accel_filter_buf                     0x20003788   Data          72  sensor.o(.bss)
    gyro_filter_buf_bug                      0x200037d0   Data          72  sensor.o(.bss)
    accel_filter_buf                         0x20003818   Data          72  sensor.o(.bss)
    accel_cal_filter_buf                     0x20003860   Data          72  sensor.o(.bss)
    accel_for_cal_filter_buf                 0x200038a8   Data          72  sensor.o(.bss)
    _temperature                             0x200038f0   Data          24  sensor.o(.bss)
    Imu_Delta                                0x20003908   Data          16  sensor.o(.bss)
    T1                                       0x20003918   Data          16  sensor.o(.bss)
    T2                                       0x20003928   Data          16  sensor.o(.bss)
    Controller                               0x20003938   Data          48  wp_ctrl.o(.bss)
    opt_data                                 0x20003968   Data          16  namelesscorun_opticalflow.o(.bss)
    opt_origin_data                          0x20003978   Data          28  namelesscorun_opticalflow.o(.bss)
    OpticalFlow_Parameter                    0x20003994   Data          24  namelesscorun_opticalflow.o(.bss)
    OpticalFlow_Gyro_Parameter               0x200039ac   Data          24  namelesscorun_opticalflow.o(.bss)
    Buffer_OpticalFlow                       0x200039c4   Data          48  namelesscorun_opticalflow.o(.bss)
    Buffer_OpticalFlow_Gyro                  0x200039f4   Data          48  namelesscorun_opticalflow.o(.bss)
    OpticalFlow_SINS                         0x20003a24   Data        1296  namelesscorun_opticalflow.o(.bss)
    Optical_Delta                            0x20003f34   Data          16  namelesscorun_opticalflow.o(.bss)
    NCLink_Send_Ask_Flag                     0x20003f44   Data          10  nclink.o(.bss)
    NCLink_Send_Check_Flag                   0x20003f4e   Data          20  nclink.o(.bss)
    nclink_databuf                           0x20003f62   Data         100  nclink.o(.bss)
    ngs_sdk                                  0x20003fc8   Data          16  nclink.o(.bss)
    ADRC_Alt_Vel_Controller                  0x200043d8   Data         184  adrc.o(.bss)
    __libspace_start                         0x20004490   Data          96  libspace.o(.bss)
    __temporary_stack_top$libspace           0x200044f0   Data           0  libspace.o(.bss)



==============================================================================

Memory Map of the image

  Image Entry point : 0x00000145

  Load Region LR_IROM1 (Base: 0x00000000, Size: 0x0001b1a0, Max: 0x00040000, ABSOLUTE, COMPRESSED[0x0001a90c])

    Execution Region ER_IROM1 (Base: 0x00000000, Size: 0x0001a650, Max: 0x00040000, ABSOLUTE)

    Base Addr    Size         Type   Attr      Idx    E Section Name        Object

    0x00000000   0x00000144   Data   RO         7536    RESET               startup_msp432p401r_uvision.o
    0x00000144   0x00000008   Code   RO         7607  * !!!main             c_w.l(__main.o)
    0x0000014c   0x00000034   Code   RO         8019    !!!scatter          c_w.l(__scatter.o)
    0x00000180   0x0000005a   Code   RO         8017    !!dczerorl2         c_w.l(__dczerorl2.o)
    0x000001da   0x00000002   PAD
    0x000001dc   0x0000001c   Code   RO         8021    !!handler_zi        c_w.l(__scatter_zi.o)
    0x000001f8   0x00000002   Code   RO         7891    .ARM.Collect$$libinit$$00000000  c_w.l(libinit.o)
    0x000001fa   0x00000004   Code   RO         7894    .ARM.Collect$$libinit$$00000001  c_w.l(libinit2.o)
    0x000001fe   0x00000000   Code   RO         7897    .ARM.Collect$$libinit$$00000004  c_w.l(libinit2.o)
    0x000001fe   0x00000000   Code   RO         7900    .ARM.Collect$$libinit$$0000000A  c_w.l(libinit2.o)
    0x000001fe   0x00000000   Code   RO         7902    .ARM.Collect$$libinit$$0000000C  c_w.l(libinit2.o)
    0x000001fe   0x00000000   Code   RO         7904    .ARM.Collect$$libinit$$0000000E  c_w.l(libinit2.o)
    0x000001fe   0x00000000   Code   RO         7907    .ARM.Collect$$libinit$$00000011  c_w.l(libinit2.o)
    0x000001fe   0x00000000   Code   RO         7909    .ARM.Collect$$libinit$$00000013  c_w.l(libinit2.o)
    0x000001fe   0x00000000   Code   RO         7911    .ARM.Collect$$libinit$$00000015  c_w.l(libinit2.o)
    0x000001fe   0x00000000   Code   RO         7913    .ARM.Collect$$libinit$$00000017  c_w.l(libinit2.o)
    0x000001fe   0x00000000   Code   RO         7915    .ARM.Collect$$libinit$$00000019  c_w.l(libinit2.o)
    0x000001fe   0x00000000   Code   RO         7917    .ARM.Collect$$libinit$$0000001B  c_w.l(libinit2.o)
    0x000001fe   0x00000000   Code   RO         7919    .ARM.Collect$$libinit$$0000001D  c_w.l(libinit2.o)
    0x000001fe   0x00000000   Code   RO         7921    .ARM.Collect$$libinit$$0000001F  c_w.l(libinit2.o)
    0x000001fe   0x00000000   Code   RO         7923    .ARM.Collect$$libinit$$00000021  c_w.l(libinit2.o)
    0x000001fe   0x00000000   Code   RO         7925    .ARM.Collect$$libinit$$00000023  c_w.l(libinit2.o)
    0x000001fe   0x00000000   Code   RO         7927    .ARM.Collect$$libinit$$00000025  c_w.l(libinit2.o)
    0x000001fe   0x00000000   Code   RO         7931    .ARM.Collect$$libinit$$0000002C  c_w.l(libinit2.o)
    0x000001fe   0x00000000   Code   RO         7933    .ARM.Collect$$libinit$$0000002E  c_w.l(libinit2.o)
    0x000001fe   0x00000000   Code   RO         7935    .ARM.Collect$$libinit$$00000030  c_w.l(libinit2.o)
    0x000001fe   0x00000000   Code   RO         7937    .ARM.Collect$$libinit$$00000032  c_w.l(libinit2.o)
    0x000001fe   0x00000002   Code   RO         7938    .ARM.Collect$$libinit$$00000033  c_w.l(libinit2.o)
    0x00000200   0x00000002   Code   RO         7958    .ARM.Collect$$libshutdown$$00000000  c_w.l(libshutdown.o)
    0x00000202   0x00000000   Code   RO         7972    .ARM.Collect$$libshutdown$$00000003  c_w.l(libshutdown2.o)
    0x00000202   0x00000000   Code   RO         7975    .ARM.Collect$$libshutdown$$00000006  c_w.l(libshutdown2.o)
    0x00000202   0x00000000   Code   RO         7978    .ARM.Collect$$libshutdown$$00000009  c_w.l(libshutdown2.o)
    0x00000202   0x00000000   Code   RO         7980    .ARM.Collect$$libshutdown$$0000000B  c_w.l(libshutdown2.o)
    0x00000202   0x00000000   Code   RO         7983    .ARM.Collect$$libshutdown$$0000000E  c_w.l(libshutdown2.o)
    0x00000202   0x00000002   Code   RO         7984    .ARM.Collect$$libshutdown$$0000000F  c_w.l(libshutdown2.o)
    0x00000204   0x00000000   Code   RO         7769    .ARM.Collect$$rtentry$$00000000  c_w.l(__rtentry.o)
    0x00000204   0x00000000   Code   RO         7852    .ARM.Collect$$rtentry$$00000002  c_w.l(__rtentry2.o)
    0x00000204   0x00000006   Code   RO         7864    .ARM.Collect$$rtentry$$00000004  c_w.l(__rtentry4.o)
    0x0000020a   0x00000000   Code   RO         7854    .ARM.Collect$$rtentry$$00000009  c_w.l(__rtentry2.o)
    0x0000020a   0x00000004   Code   RO         7855    .ARM.Collect$$rtentry$$0000000A  c_w.l(__rtentry2.o)
    0x0000020e   0x00000000   Code   RO         7857    .ARM.Collect$$rtentry$$0000000C  c_w.l(__rtentry2.o)
    0x0000020e   0x00000008   Code   RO         7858    .ARM.Collect$$rtentry$$0000000D  c_w.l(__rtentry2.o)
    0x00000216   0x00000002   Code   RO         7892    .ARM.Collect$$rtexit$$00000000  c_w.l(rtexit.o)
    0x00000218   0x00000000   Code   RO         7940    .ARM.Collect$$rtexit$$00000002  c_w.l(rtexit2.o)
    0x00000218   0x00000004   Code   RO         7941    .ARM.Collect$$rtexit$$00000003  c_w.l(rtexit2.o)
    0x0000021c   0x00000006   Code   RO         7942    .ARM.Collect$$rtexit$$00000004  c_w.l(rtexit2.o)
    0x00000222   0x00000002   PAD
    0x00000224   0x0000003c   Code   RO         7537    .text               startup_msp432p401r_uvision.o
    0x00000260   0x0000008a   Code   RO         7595    .text               c_w.l(rt_memcpy_v6.o)
    0x000002ea   0x00000064   Code   RO         7599    .text               c_w.l(rt_memcpy_w.o)
    0x0000034e   0x00000044   Code   RO         7601    .text               c_w.l(rt_memclr.o)
    0x00000392   0x0000004e   Code   RO         7603    .text               c_w.l(rt_memclr_w.o)
    0x000003e0   0x00000006   Code   RO         7605    .text               c_w.l(heapauxi.o)
    0x000003e6   0x00000016   Code   RO         7770    .text               c_w.l(_rserrno.o)
    0x000003fc   0x00000008   Code   RO         7869    .text               c_w.l(rt_errno_addr_intlibspace.o)
    0x00000404   0x00000008   Code   RO         7879    .text               c_w.l(libspace.o)
    0x0000040c   0x0000004a   Code   RO         7882    .text               c_w.l(sys_stackheap_outer.o)
    0x00000456   0x0000000c   Code   RO         7884    .text               c_w.l(exit.o)
    0x00000462   0x00000002   PAD
    0x00000464   0x0000000c   Code   RO         7950    .text               c_w.l(sys_exit.o)
    0x00000470   0x00000002   Code   RO         7961    .text               c_w.l(use_no_semi.o)
    0x00000472   0x00000000   Code   RO         7963    .text               c_w.l(indicate_semi.o)
    0x00000472   0x00000002   PAD
    0x00000474   0x00000044   Code   RO         4909    i.ADC14_IRQHandler  wp_adc.o
    0x000004b8   0x00000080   Code   RO         4910    i.ADC_Init          wp_adc.o
    0x00000538   0x000000f4   Code   RO         7354    i.ADRC_Init         adrc.o
    0x0000062c   0x000000c0   Code   RO         5458    i.AT24CXX_Check     license.o
    0x000006ec   0x0000001a   Code   RO         5460    i.AT24CXX_Init      license.o
    0x00000706   0x00000022   Code   RO         5461    i.AT24CXX_Read      license.o
    0x00000728   0x00000058   Code   RO         5463    i.AT24CXX_ReadOneByte  license.o
    0x00000780   0x0000001a   Code   RO         5464    i.AT24CXX_Read_Float  license.o
    0x0000079a   0x00000024   Code   RO         5465    i.AT24CXX_Write     license.o
    0x000007be   0x00000050   Code   RO         5467    i.AT24CXX_WriteOneByte  license.o
    0x0000080e   0x00000030   Code   RO         5468    i.AT24CXX_Write_Data  license.o
    0x0000083e   0x00000002   PAD
    0x00000840   0x0000024c   Code   RO         2898    i.Accel_Calibartion  calibration.o
    0x00000a8c   0x000004a8   Code   RO         2899    i.Accel_Calibration_Check  calibration.o
    0x00000f34   0x000000f0   Code   RO         6889    i.Angle_Control_Target  wp_ctrl.o
    0x00001024   0x0000002c   Code   RO         6890    i.Attitude_Control  wp_ctrl.o
    0x00001050   0x000001a4   Code   RO         7452    i.Auto_Flight_Ctrl  developer_mode.o
    0x000011f4   0x0000002c   Code   RO         2716    i.Bling_Init        bling.o
    0x00001220   0x00000088   Code   RO         2717    i.Bling_Process     bling.o
    0x000012a8   0x0000001e   Code   RO         2718    i.Bling_Set         bling.o
    0x000012c6   0x00000002   PAD
    0x000012c8   0x00000218   Code   RO         2719    i.Bling_Working     bling.o
    0x000014e0   0x000000e0   Code   RO         3126    i.Butterworth_Parameter_Init  filter.o
    0x000015c0   0x00000028   Code   RO          304    i.CS_clearInterruptFlag  cs.o
    0x000015e8   0x00000024   Code   RO          313    i.CS_getACLK        cs.o
    0x0000160c   0x000000d4   Code   RO          315    i.CS_getDCOFrequency  cs.o
    0x000016e0   0x00000024   Code   RO          319    i.CS_getMCLK        cs.o
    0x00001704   0x00000020   Code   RO          320    i.CS_getSMCLK       cs.o
    0x00001724   0x00000014   Code   RO          327    i.CS_setExternalClockSourceFrequency  cs.o
    0x00001738   0x0000000e   Code   RO          330    i.CS_startHFXT      cs.o
    0x00001746   0x00000002   PAD
    0x00001748   0x000000c0   Code   RO          331    i.CS_startHFXTWithTimeout  cs.o
    0x00001808   0x00000164   Code   RO         2900    i.Calibrate_Find_Delta  calibration.o
    0x0000196c   0x00000044   Code   RO         2901    i.Calibrate_Reset_Matrices  calibration.o
    0x000019b0   0x000000f6   Code   RO         2902    i.Calibrate_Update_Matrices  calibration.o
    0x00001aa6   0x00000002   PAD
    0x00001aa8   0x000002a8   Code   RO         2903    i.Calibrate_accel   calibration.o
    0x00001d50   0x00000014   Code   RO         2905    i.Check_All_Calibartion  calibration.o
    0x00001d64   0x00000034   Code   RO         2906    i.Check_Calibration_Flag  calibration.o
    0x00001d98   0x000001c8   Code   RO         2907    i.Check_Plane_Sampling_Okay  calibration.o
    0x00001f60   0x00000110   Code   RO         6654    i.Color_Block_Control_Pliot  opticalflow_control.o
    0x00002070   0x000000dc   Code   RO         7091    i.Compass_Fault_Check  compass.o
    0x0000214c   0x0000012c   Code   RO         5282    i.Config_Init_Uart  opticalflow_lc306.o
    0x00002278   0x0000006e   Code   RO         3750    i.Control_Device_LPF  pid.o
    0x000022e6   0x00000002   PAD
    0x000022e8   0x0000059c   Code   RO         6891    i.Control_Output    wp_ctrl.o
    0x00002884   0x00000120   Code   RO         6892    i.Controler_Mode_Select  wp_ctrl.o
    0x000029a4   0x000001fc   Code   RO         5469    i.Copyright_Show    license.o
    0x00002ba0   0x0000000c   Code   RO         4569    i.Delay_Ms          time.o
    0x00002bac   0x00000022   Code   RO         3315    i.Double_ReadI2C    myiic.o
    0x00002bce   0x00000002   PAD
    0x00002bd0   0x00000038   Code   RO         3550    i.Draw_Logo1        oled.o
    0x00002c08   0x0000002a   Code   RO         5470    i.EEPROM_Read_N_Data  license.o
    0x00002c32   0x00000028   Code   RO         5471    i.EEPROM_Write_N_Data  license.o
    0x00002c5a   0x00000002   PAD
    0x00002c5c   0x00000018   Code   RO         5188    i.EPWM_GPIO_Init    wp_pwm.o
    0x00002c74   0x00000050   Code   RO         5189    i.EPWM_Output       wp_pwm.o
    0x00002cc4   0x00000018   Code   RO         2908    i.ESC_Calibration   calibration.o
    0x00002cdc   0x0000017c   Code   RO         2909    i.ESC_Calibration_Check  calibration.o
    0x00002e58   0x00000100   Code   RO         5472    i.ESC_HardWave_Init  license.o
    0x00002f58   0x00000044   Code   RO         4774    i.EUSCIA0_IRQHandler  usart.o
    0x00002f9c   0x00000054   Code   RO         4775    i.EUSCIA1_IRQHandler  usart.o
    0x00002ff0   0x00000040   Code   RO         4776    i.EUSCIA2_IRQHandler  usart.o
    0x00003030   0x00000054   Code   RO         4777    i.EUSCIA3_IRQHandler  usart.o
    0x00003084   0x0000004c   Code   RO         3317    i.EUSCIB1_IRQHandler  myiic.o
    0x000030d0   0x0000039c   Code   RO         6782    i.Euler_Angle_Init  sensor.o
    0x0000346c   0x0000098c   Code   RO         6783    i.Euler_Angle_Init_Again  sensor.o
    0x00003df8   0x00000014   Code   RO          980    i.FPU_enableLazyStacking  fpu.o
    0x00003e0c   0x00000014   Code   RO          981    i.FPU_enableModule  fpu.o
    0x00003e20   0x00000140   Code   RO         5024    i.FastAsin          wp_math.o
    0x00003f60   0x000001b4   Code   RO         5025    i.FastAtan2         wp_math.o
    0x00004114   0x00000090   Code   RO         5026    i.FastCos           wp_math.o
    0x000041a4   0x00000486   Code   RO         5028    i.FastPow           wp_math.o
    0x0000462a   0x00000002   PAD
    0x0000462c   0x0000008c   Code   RO         5029    i.FastSin           wp_math.o
    0x000046b8   0x00000014   Code   RO         5031    i.FastSqrt          wp_math.o
    0x000046cc   0x00000048   Code   RO         5032    i.FastSqrtI         wp_math.o
    0x00004714   0x00000194   Code   RO         5033    i.FastTan           wp_math.o
    0x000048a8   0x00000378   Code   RO         6302    i.Flight_Alt_Hold_Control  control_althold.o
    0x00004c20   0x00000118   Code   RO         6655    i.Front_AprilTag_Control_Pliot  opticalflow_control.o
    0x00004d38   0x0000002c   Code   RO         3551    i.GPIO_WriteBit     oled.o
    0x00004d64   0x00000014   Code   RO         1053    i.GPIO_clearInterruptFlag  gpio.o
    0x00004d78   0x00000020   Code   RO         1057    i.GPIO_getInputPinValue  gpio.o
    0x00004d98   0x00000020   Code   RO         1059    i.GPIO_interruptEdgeSelect  gpio.o
    0x00004db8   0x00000028   Code   RO         1061    i.GPIO_setAsInputPin  gpio.o
    0x00004de0   0x0000002c   Code   RO         1062    i.GPIO_setAsInputPinWithPullDownResistor  gpio.o
    0x00004e0c   0x0000002c   Code   RO         1063    i.GPIO_setAsInputPinWithPullUpResistor  gpio.o
    0x00004e38   0x00000020   Code   RO         1064    i.GPIO_setAsOutputPin  gpio.o
    0x00004e58   0x00000014   Code   RO         1069    i.GPIO_setOutputHighOnPin  gpio.o
    0x00004e6c   0x00000014   Code   RO         1070    i.GPIO_setOutputLowOnPin  gpio.o
    0x00004e80   0x000001a8   Code   RO         6050    i.GY53L1X_Data_Update  gy53l1x.o
    0x00005028   0x0000001e   Code   RO         6051    i.GY53L1X_In1_DN    gy53l1x.o
    0x00005046   0x00000002   PAD
    0x00005048   0x00000084   Code   RO         6052    i.GY53L1X_In1_IRQHandler  gy53l1x.o
    0x000050cc   0x00000044   Code   RO         6053    i.GY53L1X_In1_Init  gy53l1x.o
    0x00005110   0x0000001e   Code   RO         6054    i.GY53L1X_In1_UP    gy53l1x.o
    0x0000512e   0x0000001e   Code   RO         6055    i.GY53L1X_In2_DN    gy53l1x.o
    0x0000514c   0x00000090   Code   RO         6056    i.GY53L1X_In2_IRQHandler  gy53l1x.o
    0x000051dc   0x00000044   Code   RO         6057    i.GY53L1X_In2_Init  gy53l1x.o
    0x00005220   0x0000001e   Code   RO         6058    i.GY53L1X_In2_UP    gy53l1x.o
    0x0000523e   0x0000000c   Code   RO         6059    i.GY53L1X_Init      gy53l1x.o
    0x0000524a   0x00000002   PAD
    0x0000524c   0x00000030   Code   RO         6893    i.GankerPilot_Control  wp_ctrl.o
    0x0000527c   0x00000108   Code   RO         6784    i.Get_Baro_Offset   sensor.o
    0x00005384   0x00000068   Code   RO         4911    i.Get_Battery_Voltage  wp_adc.o
    0x000053ec   0x000003cc   Code   RO         6785    i.Get_Status_Feedback  sensor.o
    0x000057b8   0x00000068   Code   RO         5473    i.Get_Systime       license.o
    0x00005820   0x000000ac   Code   RO         3127    i.GildeAverageValueFilter_MAG  filter.o
    0x000058cc   0x000001cc   Code   RO         2910    i.Gyro_Calibration_Check  calibration.o
    0x00005a98   0x00000068   Code   RO         6894    i.Gyro_Control      wp_ctrl.o
    0x00005b00   0x00000160   Code   RO         4545    i.HardWave_Init     system.o
    0x00005c60   0x000002f0   Code   RO         2912    i.Horizontal_Calibration_Check  calibration.o
    0x00005f50   0x00000048   Code   RO         2913    i.Horizontal_Calibration_Init  calibration.o
    0x00005f98   0x00000042   Code   RO         3321    i.I2C_SendACK       myiic.o
    0x00005fda   0x0000002a   Code   RO         5966    i.IIC_Init          softiic.o
    0x00006004   0x0000002c   Code   RO         3330    i.IIC_start         myiic.o
    0x00006030   0x00000030   Code   RO         3331    i.IIC_stop          myiic.o
    0x00006060   0x00000104   Code   RO         3261    i.IMU_Calibration   mpu6050.o
    0x00006164   0x000000d4   Code   RO         5246    i.IST8310_Read_Data  ist8310.o
    0x00006238   0x00000064   Code   RO         5190    i.Init_EPWM         wp_pwm.o
    0x0000629c   0x0000002a   Code   RO         3332    i.Init_I2C          myiic.o
    0x000062c6   0x00000002   PAD
    0x000062c8   0x000000f8   Code   RO         3262    i.Init_MPU6050      mpu6050.o
    0x000063c0   0x00000064   Code   RO         5191    i.Init_PWM          wp_pwm.o
    0x00006424   0x00000074   Code   RO         1479    i.Interrupt_disableInterrupt  interrupt.o
    0x00006498   0x00000014   Code   RO         1481    i.Interrupt_disableSleepOnIsrExit  interrupt.o
    0x000064ac   0x00000074   Code   RO         1482    i.Interrupt_enableInterrupt  interrupt.o
    0x00006520   0x0000001c   Code   RO         1493    i.Interrupt_setPriorityGrouping  interrupt.o
    0x0000653c   0x000003a0   Code   RO         4031    i.KalmanFilter      sins.o
    0x000068dc   0x00000048   Code   RO         3200    i.Key_Init          key.o
    0x00006924   0x00000264   Code   RO         3201    i.Key_Scan          key.o
    0x00006b88   0x00000038   Code   RO         3552    i.LCD_CLS           oled.o
    0x00006bc0   0x00000048   Code   RO         3554    i.LCD_P6x8Char      oled.o
    0x00006c08   0x00000064   Code   RO         3555    i.LCD_P6x8Str       oled.o
    0x00006c6c   0x00000088   Code   RO         3557    i.LCD_P8x16Str      oled.o
    0x00006cf4   0x00000028   Code   RO         3558    i.LCD_Set_Pos       oled.o
    0x00006d1c   0x0000005c   Code   RO         3559    i.LCD_WrCmd         oled.o
    0x00006d78   0x00000052   Code   RO         3560    i.LCD_WrDat         oled.o
    0x00006dca   0x00000036   Code   RO         3561    i.LCD_clear_L       oled.o
    0x00006e00   0x00000148   Code   RO         3128    i.LPButterworth     filter.o
    0x00006f48   0x000000fc   Code   RO         6254    i.LS_Accumulate     calibrationroutines.o
    0x00007044   0x0000057c   Code   RO         6255    i.LS_Calculate      calibrationroutines.o
    0x000075c0   0x0000000e   Code   RO         6256    i.LS_Init           calibrationroutines.o
    0x000075ce   0x00000002   PAD
    0x000075d0   0x000000d0   Code   RO         3263    i.MPU6050_Read_Data  mpu6050.o
    0x000076a0   0x000000c0   Code   RO         3264    i.MPU6050_Read_Temperature  mpu6050.o
    0x00007760   0x0000088c   Code   RO         6786    i.Madgwick_AHRS_Update_IMU  sensor.o
    0x00007fec   0x00000462   Code   RO         2915    i.Mag_Calibartion_LS  calibration.o
    0x0000844e   0x00000002   PAD
    0x00008450   0x00000348   Code   RO         2916    i.Mag_Calibration_Check  calibration.o
    0x00008798   0x00000118   Code   RO         6895    i.Main_Leading_Control  wp_ctrl.o
    0x000088b0   0x00000084   Code   RO         5034    i.Modf              wp_math.o
    0x00008934   0x00000154   Code   RO         7135    i.NCLink_Data_Prase_Prepare  nclink.o
    0x00008a88   0x000010e0   Code   RO         7136    i.NCLink_Data_Prase_Process  nclink.o
    0x00009b68   0x0000013c   Code   RO         6506    i.NCQ_SDK_Run       namelesscotrun_sdk.o
    0x00009ca4   0x0000009c   Code   RO         4647    i.NVIC_Configuration  time_cnt.o
    0x00009d40   0x0000001c   Code   RO         3333    i.Nbyte_ReadI2C     myiic.o
    0x00009d5c   0x00000078   Code   RO         3568    i.OLED_Init         oled.o
    0x00009dd4   0x00000074   Code   RO         3569    i.OLED_Init_Fast    oled.o
    0x00009e48   0x0000015c   Code   RO         6787    i.Observation_Angle_Calculate  sensor.o
    0x00009fa4   0x00000274   Code   RO         4032    i.Observation_Tradeoff  sins.o
    0x0000a218   0x00000324   Code   RO         6507    i.Openmv_Data_Receive_Anl_1  namelesscotrun_sdk.o
    0x0000a53c   0x000002c8   Code   RO         6508    i.Openmv_Data_Receive_Anl_2  namelesscotrun_sdk.o
    0x0000a804   0x00000248   Code   RO         7033    i.Optflow_Prase     namelesscorun_opticalflow.o
    0x0000aa4c   0x00000074   Code   RO         7034    i.Optflow_Statemachine  namelesscorun_opticalflow.o
    0x0000aac0   0x00000320   Code   RO         7035    i.OpticalFlow_CF    namelesscorun_opticalflow.o
    0x0000ade0   0x000001bc   Code   RO         6657    i.OpticalFlow_Control  opticalflow_control.o
    0x0000af9c   0x00000148   Code   RO         6658    i.OpticalFlow_Control_Pure  opticalflow_control.o
    0x0000b0e4   0x00000048   Code   RO         6659    i.OpticalFlow_Ctrl_Reset  opticalflow_control.o
    0x0000b12c   0x00000074   Code   RO         6660    i.OpticalFlow_Expect_Speed_Mapping  opticalflow_control.o
    0x0000b1a0   0x0000002c   Code   RO         7036    i.OpticalFlow_Init  namelesscorun_opticalflow.o
    0x0000b1cc   0x00000184   Code   RO         6661    i.OpticalFlow_Pos_Control  opticalflow_control.o
    0x0000b350   0x0000005c   Code   RO         7037    i.OpticalFlow_Rotate_Complementary_Filter  namelesscorun_opticalflow.o
    0x0000b3ac   0x0000004c   Code   RO         6662    i.OpticalFlow_SINS_Reset  opticalflow_control.o
    0x0000b3f8   0x0000020c   Code   RO         6665    i.OpticalFlow_Vel_Control  opticalflow_control.o
    0x0000b604   0x00000100   Code   RO         2918    i.Other_Parameter_Default  calibration.o
    0x0000b704   0x00000174   Code   RO         2919    i.Other_Parameter_Init  calibration.o
    0x0000b878   0x000001f8   Code   RO         3752    i.PID_Control       pid.o
    0x0000ba70   0x00000224   Code   RO         3753    i.PID_Control_Div_LPF  pid.o
    0x0000bc94   0x00000284   Code   RO         3754    i.PID_Control_Div_LPF_For_Gyro  pid.o
    0x0000bf18   0x00000248   Code   RO         3756    i.PID_Control_SDK_Err_LPF  pid.o
    0x0000c160   0x0000022c   Code   RO         3757    i.PID_Control_Yaw   pid.o
    0x0000c38c   0x00000174   Code   RO         3758    i.PID_Init          pid.o
    0x0000c500   0x00000010   Code   RO         3759    i.PID_Integrate_Reset  pid.o
    0x0000c510   0x00000048   Code   RO         3760    i.PID_LPF_Reset     pid.o
    0x0000c558   0x00000350   Code   RO         3761    i.PID_Paramter_Init_With_Flash  pid.o
    0x0000c8a8   0x0000002c   Code   RO         6060    i.PORT3_IRQHandler  gy53l1x.o
    0x0000c8d4   0x0000002c   Code   RO         6061    i.PORT5_IRQHandler  gy53l1x.o
    0x0000c900   0x00000034   Code   RO         3878    i.PORT6_IRQHandler  ppm.o
    0x0000c934   0x000000f8   Code   RO         3879    i.PPM_IRQHandler    ppm.o
    0x0000ca2c   0x00000044   Code   RO         3880    i.PPM_Init          ppm.o
    0x0000ca70   0x00000034   Code   RO         5192    i.PWM_GPIO_Init     wp_pwm.o
    0x0000caa4   0x0000005c   Code   RO         5193    i.PWM_Output        wp_pwm.o
    0x0000cb00   0x00000418   Code   RO         2920    i.Parameter_Init    calibration.o
    0x0000cf18   0x0000002c   Code   RO         7156    i.Pilot_Status_Tick  nclink.o
    0x0000cf44   0x00002bfc   Code   RO         3202    i.QuadShow          key.o
    0x0000fb40   0x0000006c   Code   RO         2720    i.Quad_Start_Bling  bling.o
    0x0000fbac   0x000005ec   Code   RO         6788    i.Quaternion_Init   sensor.o
    0x00010198   0x0000018c   Code   RO         2921    i.RC_Calibration_Check  calibration.o
    0x00010324   0x000002ac   Code   RO         2922    i.RC_Calibration_Init  calibration.o
    0x000105d0   0x0000003c   Code   RO         2923    i.RC_Calibration_RESET  calibration.o
    0x0001060c   0x0000006c   Code   RO         2924    i.RC_Calibration_Trigger  calibration.o
    0x00010678   0x00000054   Code   RO         3921    i.RC_Data_LPF_Filter  rc.o
    0x000106cc   0x00000080   Code   RO         3922    i.RC_Scale_Set      rc.o
    0x0001074c   0x0000002e   Code   RO         4953    i.ReadFlashParameterOne  wp_flash.o
    0x0001077a   0x00000078   Code   RO         4954    i.ReadFlashParameterThree  wp_flash.o
    0x000107f2   0x0000005e   Code   RO         4955    i.ReadFlashParameterTwo  wp_flash.o
    0x00010850   0x00000020   Code   RO         3203    i.Read_Button_State_All  key.o
    0x00010870   0x000000a4   Code   RO         3204    i.Read_Button_State_One  key.o
    0x00010914   0x00000804   Code   RO         3923    i.Remote_Control    rc.o
    0x00011118   0x00000164   Code   RO         3924    i.Remote_Data_Remap  rc.o
    0x0001127c   0x0000006c   Code   RO         2925    i.Reset_Accel_Calibartion  calibration.o
    0x000112e8   0x00000016   Code   RO         2926    i.Reset_All_Calibartion  calibration.o
    0x000112fe   0x00000002   PAD
    0x00011300   0x00000034   Code   RO         3925    i.Reset_Lock_Cnt    rc.o
    0x00011334   0x00000050   Code   RO         2927    i.Reset_Mag_Calibartion  calibration.o
    0x00011384   0x00000018   Code   RO         2928    i.Reset_RC_Calibartion  calibration.o
    0x0001139c   0x00000064   Code   RO         5474    i.Resume_Factory_Setting  license.o
    0x00011400   0x00000032   Code   RO         3985    i.RingBuf_Write     ringbuf.o
    0x00011432   0x0000000c   Code   RO         3334    i.SDA_IOIN          myiic.o
    0x0001143e   0x0000000c   Code   RO         3335    i.SDA_IOOUT         myiic.o
    0x0001144a   0x00000002   PAD
    0x0001144c   0x00000040   Code   RO         6509    i.SDK_DT_Reset      namelesscotrun_sdk.o
    0x0001148c   0x00000054   Code   RO         6510    i.SDK_DT_Send_Check  namelesscotrun_sdk.o
    0x000114e0   0x00000060   Code   RO         6512    i.SDK_Data_Prase_1  namelesscotrun_sdk.o
    0x00011540   0x00000060   Code   RO         6513    i.SDK_Data_Prase_2  namelesscotrun_sdk.o
    0x000115a0   0x00000168   Code   RO         6514    i.SDK_Data_Receive_Prepare  namelesscotrun_sdk.o
    0x00011708   0x00000070   Code   RO         6515    i.SDK_Init          namelesscotrun_sdk.o
    0x00011778   0x0000001c   Code   RO         7482    i.SDK_OPENMV_Config  myfile.o
    0x00011794   0x0000021c   Code   RO         4033    i.SINS_Prepare      sins.o
    0x000119b0   0x00000030   Code   RO         5967    i.SOFT_IIC_Ack      softiic.o
    0x000119e0   0x0000000a   Code   RO         5968    i.SOFT_IIC_Delay    softiic.o
    0x000119ea   0x00000030   Code   RO         5969    i.SOFT_IIC_NAck     softiic.o
    0x00011a1a   0x00000050   Code   RO         5970    i.SOFT_IIC_Read_Byte  softiic.o
    0x00011a6a   0x00000050   Code   RO         5971    i.SOFT_IIC_Send_Byte  softiic.o
    0x00011aba   0x00000030   Code   RO         5972    i.SOFT_IIC_Start    softiic.o
    0x00011aea   0x00000030   Code   RO         5973    i.SOFT_IIC_Stop     softiic.o
    0x00011b1a   0x0000004a   Code   RO         5974    i.SOFT_IIC_Wait_Ack  softiic.o
    0x00011b64   0x0000000c   Code   RO         5975    i.SOFT_SDA_IN       softiic.o
    0x00011b70   0x0000000c   Code   RO         5976    i.SOFT_SDA_OUT      softiic.o
    0x00011b7c   0x0000001e   Code   RO         4102    i.SPL06_Init        spl06.o
    0x00011b9a   0x00000002   PAD
    0x00011b9c   0x00000028   Code   RO         4103    i.SPL06_Read_Data   spl06.o
    0x00011bc4   0x000006e0   Code   RO         3762    i.Save_Or_Reset_PID_Parameter  pid.o
    0x000122a4   0x0000005c   Code   RO         3763    i.Save_PID_Parameter  pid.o
    0x00012300   0x000001dc   Code   RO         6669    i.Self_Track_Control_Pliot  opticalflow_control.o
    0x000124dc   0x0000000c   Code   RO         5283    i.SensorConfig_UartSend  opticalflow_lc306.o
    0x000124e8   0x000001c4   Code   RO         6516    i.Sensor_Parameter_Sort  namelesscotrun_sdk.o
    0x000126ac   0x00000424   Code   RO         6789    i.Sensor_Update     sensor.o
    0x00012ad0   0x000000d4   Code   RO         3129    i.Set_Cutoff_Frequency  filter.o
    0x00012ba4   0x00000020   Code   RO         6981    i.Simulation_PWM_Init  temperature_ctrl.o
    0x00012bc4   0x00000048   Code   RO         6982    i.Simulation_PWM_Output  temperature_ctrl.o
    0x00012c0c   0x00000010   Code   RO         3336    i.Single_ReadI2C    myiic.o
    0x00012c1c   0x00000014   Code   RO         3338    i.Single_WriteI2C   myiic.o
    0x00012c30   0x000000c4   Code   RO         4034    i.Strapdown_INS_High_Kalman  sins.o
    0x00012cf4   0x00000010   Code   RO         1730    i.SysCtl_disableNMISource  sysctl.o
    0x00012d04   0x00000010   Code   RO         1735    i.SysCtl_enableNMISource  sysctl.o
    0x00012d14   0x00000010   Code   RO         1740    i.SysCtl_getNMISourceStatus  sysctl.o
    0x00012d24   0x00000050   Code   RO         1742    i.SysCtl_getTLVInfo  sysctl.o
    0x00012d74   0x00000010   Code   RO         4571    i.SysTick_Handler   time.o
    0x00012d84   0x000000b4   Code   RO         7545    i.SystemInit        system_msp432p401r.o
    0x00012e38   0x00000068   Code   RO         5475    i.System_Init       license.o
    0x00012ea0   0x00000058   Code   RO         5476    i.T32_INT2_IRQHandler  license.o
    0x00012ef8   0x000000a8   Code   RO         4648    i.TA2_0_IRQHandler  time_cnt.o
    0x00012fa0   0x00000040   Code   RO         4649    i.TIMER_A2_Configuration  time_cnt.o
    0x00012fe0   0x00000058   Code   RO         3764    i.Take_Off_Reset    pid.o
    0x00013038   0x0000000c   Code   RO         4650    i.Task_200hz_Thread  time_cnt.o
    0x00013044   0x00000038   Code   RO         4651    i.Task_400hz_Thread  time_cnt.o
    0x0001307c   0x00000084   Code   RO         6983    i.Temperature_Ctrl  temperature_ctrl.o
    0x00013100   0x00000134   Code   RO         6984    i.Temperature_Ctrl_Init  temperature_ctrl.o
    0x00013234   0x0000003c   Code   RO         6985    i.Temperature_State_Check  temperature_ctrl.o
    0x00013270   0x00000068   Code   RO         5477    i.Test_Period       license.o
    0x000132d8   0x000000bc   Code   RO         6303    i.Thr_Push_Over_Deadband  control_althold.o
    0x00013394   0x00000080   Code   RO         6304    i.Thr_Scale_Set     control_althold.o
    0x00013414   0x00000254   Code   RO         6896    i.Throttle_Angle_Compensate  wp_ctrl.o
    0x00013668   0x00000068   Code   RO         3765    i.Throttle_Control_Reset  pid.o
    0x000136d0   0x00000010   Code   RO         4652    i.Time_init         time_cnt.o
    0x000136e0   0x0000000a   Code   RO         2118    i.Timer32_clearInterruptFlag  timer32.o
    0x000136ea   0x0000000a   Code   RO         2120    i.Timer32_enableInterrupt  timer32.o
    0x000136f4   0x00000006   Code   RO         2122    i.Timer32_getValue  timer32.o
    0x000136fa   0x00000002   PAD
    0x000136fc   0x00000034   Code   RO         5478    i.Timer32_init      license.o
    0x00013730   0x0000005e   Code   RO         2124    i.Timer32_initModule  timer32.o
    0x0001378e   0x00000022   Code   RO         2126    i.Timer32_setCount  timer32.o
    0x000137b0   0x00000030   Code   RO         2128    i.Timer32_startTimer  timer32.o
    0x000137e0   0x00000100   Code   RO         6670    i.Top_APrilTag_Control_Pliot  opticalflow_control.o
    0x000138e0   0x000000c0   Code   RO         6897    i.Total_Control     wp_ctrl.o
    0x000139a0   0x00000128   Code   RO         3766    i.Total_PID_Init    pid.o
    0x00013ac8   0x0000001e   Code   RO         4713    i.US100_DN          us_100.o
    0x00013ae6   0x00000002   PAD
    0x00013ae8   0x00000090   Code   RO         4714    i.US100_IRQHandler  us_100.o
    0x00013b78   0x00000088   Code   RO         4716    i.US100_Trigger_Conversion  us_100.o
    0x00013c00   0x0000001e   Code   RO         4717    i.US100_UP          us_100.o
    0x00013c1e   0x00000002   PAD
    0x00013c20   0x00000064   Code   RO         4779    i.USART0_Init       usart.o
    0x00013c84   0x0000001c   Code   RO         4781    i.USART0_Send_Byte  usart.o
    0x00013ca0   0x00000054   Code   RO         4782    i.USART1_Init       usart.o
    0x00013cf4   0x00000028   Code   RO         4783    i.USART1_Send       usart.o
    0x00013d1c   0x00000054   Code   RO         4785    i.USART2_Init       usart.o
    0x00013d70   0x00000028   Code   RO         4786    i.USART2_Send       usart.o
    0x00013d98   0x00000054   Code   RO         4787    i.USART3_Init       usart.o
    0x00013dec   0x00000028   Code   RO         4788    i.USART3_Send       usart.o
    0x00013e14   0x00000168   Code   RO         4718    i.US_100_Statemachine  us_100.o
    0x00013f7c   0x00000014   Code   RO         6898    i.Value_Limit       wp_ctrl.o
    0x00013f90   0x00000098   Code   RO         4790    i.Vcan_Send         usart.o
    0x00014028   0x00000080   Code   RO         4036    i.Vector_From_BodyFrame2EarthFrame  sins.o
    0x000140a8   0x0000007c   Code   RO         6790    i.WP_Quad_Init      sensor.o
    0x00014124   0x0000004c   Code   RO         3342    i.WaitAck           myiic.o
    0x00014170   0x0000002e   Code   RO         4956    i.WriteFlashParameter  wp_flash.o
    0x0001419e   0x0000004a   Code   RO         4957    i.WriteFlashParameter_Three  wp_flash.o
    0x000141e8   0x0000003c   Code   RO         4958    i.WriteFlashParameter_Two  wp_flash.o
    0x00014224   0x000000d0   Code   RO         6899    i.Yaw_Fault_Check   wp_ctrl.o
    0x000142f4   0x000000dc   Code   RO          336    i._CSComputeCLKFrequency  cs.o
    0x000143d0   0x0000006c   Code   RO          337    i._CSGetDOCFrequency  cs.o
    0x0001443c   0x0000003e   Code   RO          338    i._CSGetDividerValue  cs.o
    0x0001447a   0x00000002   PAD
    0x0001447c   0x000000dc   Code   RO          339    i._CSGetHFXTFrequency  cs.o
    0x00014558   0x00000054   Code   RO         5480    i._SysTick_Config   license.o
    0x000145ac   0x00000030   Code   RO         7875    i.__ARM_fpclassify  m_wm.l(fpclassify.o)
    0x000145dc   0x00000026   Code   RO         7820    i.__ARM_fpclassifyf  m_wm.l(fpclassifyf.o)
    0x00014602   0x0000000e   Code   RO         2929    i.__ARM_isnanf      calibration.o
    0x00014610   0x0000000e   Code   RO         3130    i.__ARM_isnanf      filter.o
    0x0001461e   0x0000000e   Code   RO         3265    i.__ARM_isnanf      mpu6050.o
    0x0001462c   0x0000000e   Code   RO         4959    i.__ARM_isnanf      wp_flash.o
    0x0001463a   0x0000000e   Code   RO         5035    i.__ARM_isnanf      wp_math.o
    0x00014648   0x0000000e   Code   RO         6517    i.__ARM_isnanf      namelesscotrun_sdk.o
    0x00014656   0x0000000e   Code   RO         6791    i.__ARM_isnanf      sensor.o
    0x00014664   0x00000004   PAD
    0x00014668   0x000000c8   Code   RO         7671    i.__hardfp_cos      m_wm.l(cos.o)
    0x00014730   0x00000150   Code   RO         7683    i.__hardfp_cosf     m_wm.l(cosf.o)
    0x00014880   0x000000c8   Code   RO         7721    i.__hardfp_sin      m_wm.l(sin.o)
    0x00014948   0x0000007a   Code   RO         7733    i.__hardfp_sqrt     m_wm.l(sqrt.o)
    0x000149c2   0x0000003a   Code   RO         7745    i.__hardfp_sqrtf    m_wm.l(sqrtf.o)
    0x000149fc   0x0000017c   Code   RO         7757    i.__hardfp_tanf     m_wm.l(tanf.o)
    0x00014b78   0x00000438   Code   RO         7837    i.__ieee754_rem_pio2  m_wm.l(rred.o)
    0x00014fb0   0x00000170   Code   RO         7803    i.__kernel_cos      m_wm.l(cos_i.o)
    0x00015120   0x000000f8   Code   RO         7877    i.__kernel_poly     m_wm.l(poly.o)
    0x00015218   0x00000130   Code   RO         7845    i.__kernel_sin      m_wm.l(sin_i.o)
    0x00015348   0x00000014   Code   RO         7807    i.__mathlib_dbl_infnan  m_wm.l(dunder.o)
    0x0001535c   0x00000004   PAD
    0x00015360   0x00000020   Code   RO         7809    i.__mathlib_dbl_invalid  m_wm.l(dunder.o)
    0x00015380   0x00000020   Code   RO         7812    i.__mathlib_dbl_underflow  m_wm.l(dunder.o)
    0x000153a0   0x00000006   Code   RO         7823    i.__mathlib_flt_infnan  m_wm.l(funder.o)
    0x000153a6   0x00000002   PAD
    0x000153a8   0x00000010   Code   RO         7825    i.__mathlib_flt_invalid  m_wm.l(funder.o)
    0x000153b8   0x00000010   Code   RO         7828    i.__mathlib_flt_underflow  m_wm.l(funder.o)
    0x000153c8   0x00000154   Code   RO         7842    i.__mathlib_rredf2  m_wm.l(rredf.o)
    0x0001551c   0x000000a0   Code   RO         6412    i.accel_to_lean_angles  control_poshold.o
    0x000155bc   0x00000020   Code   RO         6518    i.auto_altland      namelesscotrun_sdk.o
    0x000155dc   0x00000054   Code   RO         5036    i.constrain_float   wp_math.o
    0x00015630   0x00000016   Code   RO         3926    i.constrain_int16_t  rc.o
    0x00015646   0x00000018   Code   RO         4572    i.delay             time.o
    0x0001565e   0x00000018   Code   RO         4573    i.delayMicroseconds  time.o
    0x00015676   0x0000000c   Code   RO         4574    i.delay_ms          time.o
    0x00015682   0x0000000c   Code   RO         4575    i.delay_us          time.o
    0x0001568e   0x00000002   PAD
    0x00015690   0x00000038   Code   RO         4217    i.draw_oled         ssd1306.o
    0x000156c8   0x00000018   Code   RO         7697    i.fabs              m_wm.l(fabs.o)
    0x000156e0   0x00000038   Code   RO         5040    i.fast_atan         wp_math.o
    0x00015718   0x00000154   Code   RO         2688    i.find_black        my_task.o
    0x0001586c   0x00000220   Code   RO         6792    i.imuComputeRotationMatrix  sensor.o
    0x00015a8c   0x0000003c   Code   RO         6793    i.invSqrt           sensor.o
    0x00015ac8   0x00000016   Code   RO         3205    i.key_delay         key.o
    0x00015ade   0x00000002   PAD
    0x00015ae0   0x000001ec   Code   RO         6352    i.land_althold      control_land.o
    0x00015ccc   0x000000ec   Code   RO         6353    i.land_nogps_run    control_land.o
    0x00015db8   0x00000060   Code   RO         6354    i.land_reset        control_land.o
    0x00015e18   0x00000008   Code   RO         6355    i.land_run          control_land.o
    0x00015e20   0x000000e0   Code   RO         6356    i.landon_earth_check  control_land.o
    0x00015f00   0x00000078   Code   RO         2427    i.main              main.o
    0x00015f78   0x00000034   Code   RO         4576    i.micros            time.o
    0x00015fac   0x0000000c   Code   RO         4577    i.millis            time.o
    0x00015fb8   0x00000118   Code   RO         6522    i.move_with_xy_target  namelesscotrun_sdk.o
    0x000160d0   0x00000274   Code   RO         6523    i.move_with_z_target  namelesscotrun_sdk.o
    0x00016344   0x00000002   Code   RO         3343    i.nc_iic_delay      myiic.o
    0x00016346   0x0000005c   Code   RO         3344    i.nc_iic_read_len   myiic.o
    0x000163a2   0x0000003c   Code   RO         3345    i.nc_iic_read_reg   myiic.o
    0x000163de   0x0000002a   Code   RO         3348    i.nc_iic_write_reg  myiic.o
    0x00016408   0x00000034   Code   RO         5042    i.pythagorous2      wp_math.o
    0x0001643c   0x00000044   Code   RO         5043    i.pythagorous3      wp_math.o
    0x00016480   0x00000072   Code   RO         3349    i.read_ch           myiic.o
    0x000164f2   0x00000002   PAD
    0x000164f4   0x00000034   Code   RO         5046    i.safe_sqrt         wp_math.o
    0x00016528   0x0000004c   Code   RO         3350    i.send_ch           myiic.o
    0x00016574   0x000001e4   Code   RO         4104    i.spl0601_get_calib_param  spl06.o
    0x00016758   0x000000dc   Code   RO         4105    i.spl0601_get_pressure  spl06.o
    0x00016834   0x0000006c   Code   RO         4106    i.spl0601_get_raw_pressure  spl06.o
    0x000168a0   0x00000070   Code   RO         4107    i.spl0601_get_raw_temp  spl06.o
    0x00016910   0x00000094   Code   RO         4108    i.spl0601_get_temperature  spl06.o
    0x000169a4   0x000000ec   Code   RO         4109    i.spl0601_init      spl06.o
    0x00016a90   0x00000144   Code   RO         4110    i.spl0601_rateset   spl06.o
    0x00016bd4   0x00000014   Code   RO         4111    i.spl0601_read      spl06.o
    0x00016be8   0x00000012   Code   RO         4112    i.spl0601_start_continuous  spl06.o
    0x00016bfa   0x00000014   Code   RO         4115    i.spl0601_write     spl06.o
    0x00016c0e   0x0000000a   Code   RO         5047    i.sq                wp_math.o
    0x00016c18   0x0000015c   Code   RO         4219    i.ssd1306_begin     ssd1306.o
    0x00016d74   0x00000014   Code   RO         4220    i.ssd1306_clear_display  ssd1306.o
    0x00016d88   0x0000000c   Code   RO         4221    i.ssd1306_command   ssd1306.o
    0x00016d94   0x0000002c   Code   RO         4225    i.ssd1306_display   ssd1306.o
    0x00016dc0   0x00000104   Code   RO         4229    i.ssd1306_draw_circle  ssd1306.o
    0x00016ec4   0x000000bc   Code   RO         4232    i.ssd1306_draw_fast_hline_internal  ssd1306.o
    0x00016f80   0x000000a8   Code   RO         4233    i.ssd1306_draw_fast_vline  ssd1306.o
    0x00017028   0x00000190   Code   RO         4234    i.ssd1306_draw_fast_vline_internal  ssd1306.o
    0x000171b8   0x000000ce   Code   RO         4235    i.ssd1306_draw_line  ssd1306.o
    0x00017286   0x00000002   PAD
    0x00017288   0x0000011c   Code   RO         4236    i.ssd1306_draw_pixel  ssd1306.o
    0x000173a4   0x00000030   Code   RO         4241    i.ssd1306_fill_circle  ssd1306.o
    0x000173d4   0x000000c6   Code   RO         4242    i.ssd1306_fill_circle_helper  ssd1306.o
    0x0001749a   0x00000002   PAD
    0x0001749c   0x0000000c   Code   RO         4250    i.ssd1306_height    ssd1306.o
    0x000174a8   0x0000000c   Code   RO         4265    i.ssd1306_width     ssd1306.o
    0x000174b4   0x000000c0   Code   RO         5481    i.sys_init          license.o
    0x00017574   0x00000068   Code   RO         4116    i.user_spl0601_get  spl06.o
    0x000175dc   0x000002d4   Code   RO         3576    i.write_6_8_number  oled.o
    0x000178b0   0x00000034   Code   RO         4791    i.wust_sendware     usart.o
    0x000178e4   0x00000018   Code   RO         7772    x$fpl$basic         fz_wm.l(basic.o)
    0x000178fc   0x00000062   Code   RO         7609    x$fpl$d2f           fz_wm.l(d2f.o)
    0x0001795e   0x00000002   PAD
    0x00017960   0x00000150   Code   RO         7611    x$fpl$dadd          fz_wm.l(daddsub_clz.o)
    0x00017ab0   0x00000018   Code   RO         7774    x$fpl$dcmpinf       fz_wm.l(dcmpi.o)
    0x00017ac8   0x000002b0   Code   RO         7618    x$fpl$ddiv          fz_wm.l(ddiv.o)
    0x00017d78   0x0000005e   Code   RO         7871    x$fpl$dfix          fz_wm.l(dfix.o)
    0x00017dd6   0x0000002e   Code   RO         7622    x$fpl$dflt          fz_wm.l(dflt_clz.o)
    0x00017e04   0x00000026   Code   RO         7621    x$fpl$dfltu         fz_wm.l(dflt_clz.o)
    0x00017e2a   0x00000002   PAD
    0x00017e2c   0x00000078   Code   RO         7627    x$fpl$dleqf         fz_wm.l(dleqf.o)
    0x00017ea4   0x00000154   Code   RO         7629    x$fpl$dmul          fz_wm.l(dmul.o)
    0x00017ff8   0x0000009c   Code   RO         7776    x$fpl$dnaninf       fz_wm.l(dnaninf.o)
    0x00018094   0x0000000c   Code   RO         7778    x$fpl$dretinf       fz_wm.l(dretinf.o)
    0x000180a0   0x0000006c   Code   RO         7631    x$fpl$drleqf        fz_wm.l(drleqf.o)
    0x0001810c   0x00000016   Code   RO         7612    x$fpl$drsb          fz_wm.l(daddsub_clz.o)
    0x00018122   0x00000002   PAD
    0x00018124   0x00000198   Code   RO         7780    x$fpl$dsqrt         fz_wm.l(dsqrt_umaal.o)
    0x000182bc   0x000001d4   Code   RO         7613    x$fpl$dsub          fz_wm.l(daddsub_clz.o)
    0x00018490   0x00000056   Code   RO         7633    x$fpl$f2d           fz_wm.l(f2d.o)
    0x000184e6   0x0000008c   Code   RO         7782    x$fpl$fnaninf       fz_wm.l(fnaninf.o)
    0x00018572   0x0000000a   Code   RO         7948    x$fpl$fpinit        fz_wm.l(fpinit.o)
    0x0001857c   0x0000000a   Code   RO         7784    x$fpl$fretinf       fz_wm.l(fretinf.o)
    0x00018586   0x00000000   Code   RO         7788    x$fpl$usenofp       fz_wm.l(usenofp.o)
    0x00018586   0x00000002   PAD
    0x00018588   0x0000004c   Data   RO         1073    .constdata          gpio.o
    0x000185d4   0x00000090   Data   RO         1498    .constdata          interrupt.o
    0x00018664   0x00000090   Data   RO         2931    .constdata          calibration.o
    0x000186f4   0x00000c98   Data   RO         3578    .constdata          oled.o
    0x0001938c   0x000005a0   Data   RO         3768    .constdata          pid.o
    0x0001992c   0x00000018   Data   RO         4654    .constdata          time_cnt.o
    0x00019944   0x00000090   Data   RO         4793    .constdata          usart.o
    0x000199d4   0x00000880   Data   RO         5048    .constdata          wp_math.o
    0x0001a254   0x00000146   Data   RO         5284    .constdata          opticalflow_lc306.o
    0x0001a39a   0x00000002   PAD
    0x0001a39c   0x00000050   Data   RO         6986    .constdata          temperature_ctrl.o
    0x0001a3ec   0x00000100   Data   RO         7366    .constdata          adrc.o
    0x0001a4ec   0x00000004   PAD
    0x0001a4f0   0x00000030   Data   RO         7804    .constdata          m_wm.l(cos_i.o)
    0x0001a520   0x000000c8   Data   RO         7839    .constdata          m_wm.l(rred.o)
    0x0001a5e8   0x00000020   Data   RO         7843    .constdata          m_wm.l(rredf.o)
    0x0001a608   0x00000028   Data   RO         7846    .constdata          m_wm.l(sin_i.o)
    0x0001a630   0x00000020   Data   RO         8015    Region$$Table       anon$$obj.o


    Execution Region RW_IRAM1 (Base: 0x20000000, Size: 0x000046f0, Max: 0x00010000, ABSOLUTE, COMPRESSED[0x000002bc])

    Base Addr    Size         Type   Attr      Idx    E Section Name        Object

    0x20000000   0x00000008   Data   RW          340    .data               cs.o
    0x20000008   0x00000008   Data   RW         2689    .data               my_task.o
    0x20000010   0x00000002   Data   RW         2722    .data               bling.o
    0x20000012   0x00000002   PAD
    0x20000014   0x0000013c   Data   RW         2932    .data               calibration.o
    0x20000150   0x00000008   Data   RW         3207    .data               key.o
    0x20000158   0x00000010   Data   RW         3267    .data               mpu6050.o
    0x20000168   0x00000003   Data   RW         3352    .data               myiic.o
    0x2000016b   0x00000002   Data   RW         3769    .data               pid.o
    0x2000016d   0x00000003   PAD
    0x20000170   0x00000010   Data   RW         3882    .data               ppm.o
    0x20000180   0x00000038   Data   RW         3928    .data               rc.o
    0x200001b8   0x0000005a   Data   RW         4039    .data               sins.o
    0x20000212   0x00000002   PAD
    0x20000214   0x00000010   Data   RW         4118    .data               spl06.o
    0x20000224   0x00000427   Data   RW         4268    .data               ssd1306.o
    0x2000064b   0x00000001   PAD
    0x2000064c   0x00000004   Data   RW         4578    .data               time.o
    0x20000650   0x00000008   Data   RW         4655    .data               time_cnt.o
    0x20000658   0x00000019   Data   RW         4720    .data               us_100.o
    0x20000671   0x00000007   PAD
    0x20000678   0x00000012   Data   RW         4913    .data               wp_adc.o
    0x2000068a   0x00000002   PAD
    0x2000068c   0x000000c0   Data   RW         5194    .data               wp_pwm.o
    0x2000074c   0x0000000a   Data   RW         5248    .data               ist8310.o
    0x20000756   0x00000002   Data   RW         5285    .data               opticalflow_lc306.o
    0x20000758   0x000000c4   Data   RW         5483    .data               license.o
    0x2000081c   0x00000005   Data   RW         6063    .data               gy53l1x.o
    0x20000821   0x00000003   PAD
    0x20000824   0x00000027   Data   RW         6307    .data               control_althold.o
    0x2000084b   0x00000001   PAD
    0x2000084c   0x00000039   Data   RW         6357    .data               control_land.o
    0x20000885   0x00000003   PAD
    0x20000888   0x00000038   Data   RW         6417    .data               control_poshold.o
    0x200008c0   0x00000062   Data   RW         6525    .data               namelesscotrun_sdk.o
    0x20000922   0x00000002   PAD
    0x20000924   0x0000006c   Data   RW         6672    .data               opticalflow_control.o
    0x20000990   0x000000b4   Data   RW         6796    .data               sensor.o
    0x20000a44   0x0000003d   Data   RW         6901    .data               wp_ctrl.o
    0x20000a81   0x00000003   PAD
    0x20000a84   0x00000008   Data   RW         6987    .data               temperature_ctrl.o
    0x20000a8c   0x0000005a   Data   RW         7039    .data               namelesscorun_opticalflow.o
    0x20000ae6   0x00000002   PAD
    0x20000ae8   0x0000001c   Data   RW         7094    .data               compass.o
    0x20000b04   0x0000001a   Data   RW         7159    .data               nclink.o
    0x20000b1e   0x00000002   PAD
    0x20000b20   0x00000006   Data   RW         7453    .data               developer_mode.o
    0x20000b26   0x00000002   PAD
    0x20000b28   0x00000024   Data   RW         7487    .data               myfile.o
    0x20000b4c   0x00000004   Data   RW         7546    .data               system_msp432p401r.o
    0x20000b50   0x0000003c   Zero   RW         2721    .bss                bling.o
    0x20000b8c   0x000001bc   Zero   RW         2930    .bss                calibration.o
    0x20000d48   0x00000244   Zero   RW         3131    .bss                filter.o
    0x20000f8c   0x00000040   Zero   RW         3206    .bss                key.o
    0x20000fcc   0x0000006c   Zero   RW         3266    .bss                mpu6050.o
    0x20001038   0x00000e36   Zero   RW         3767    .bss                pid.o
    0x20001e6e   0x00000028   Zero   RW         3881    .bss                ppm.o
    0x20001e96   0x00000002   PAD
    0x20001e98   0x00000198   Zero   RW         3927    .bss                rc.o
    0x20002030   0x00000574   Zero   RW         4038    .bss                sins.o
    0x200025a4   0x00000050   Zero   RW         4117    .bss                spl06.o
    0x200025f4   0x0000008c   Zero   RW         4653    .bss                time_cnt.o
    0x20002680   0x0000002c   Zero   RW         4719    .bss                us_100.o
    0x200026ac   0x000008d8   Zero   RW         4792    .bss                usart.o
    0x20002f84   0x00000320   Zero   RW         4960    .bss                wp_flash.o
    0x200032a4   0x00000024   Zero   RW         5247    .bss                ist8310.o
    0x200032c8   0x00000056   Zero   RW         5482    .bss                license.o
    0x2000331e   0x00000002   PAD
    0x20003320   0x00000068   Zero   RW         6062    .bss                gy53l1x.o
    0x20003388   0x0000004c   Zero   RW         6258    .bss                calibrationroutines.o
    0x200033d4   0x0000002c   Zero   RW         6306    .bss                control_althold.o
    0x20003400   0x00000288   Zero   RW         6524    .bss                namelesscotrun_sdk.o
    0x20003688   0x00000010   Zero   RW         6671    .bss                opticalflow_control.o
    0x20003698   0x000002a0   Zero   RW         6795    .bss                sensor.o
    0x20003938   0x00000030   Zero   RW         6900    .bss                wp_ctrl.o
    0x20003968   0x000005dc   Zero   RW         7038    .bss                namelesscorun_opticalflow.o
    0x20003f44   0x00000494   Zero   RW         7158    .bss                nclink.o
    0x200043d8   0x000000b8   Zero   RW         7365    .bss                adrc.o
    0x20004490   0x00000060   Zero   RW         7880    .bss                c_w.l(libspace.o)
    0x200044f0   0x00000000   Zero   RW         7535    HEAP                startup_msp432p401r_uvision.o
    0x200044f0   0x00000200   Zero   RW         7534    STACK               startup_msp432p401r_uvision.o



  Load Region LR_IROM2 (Base: 0x00200000, Size: 0x00000000, Max: 0x00004000, ABSOLUTE)

    Execution Region ER_IROM2 (Base: 0x00200000, Size: 0x00000000, Max: 0x00004000, ABSOLUTE)

    **** No section assigned to this execution region ****


==============================================================================

Image component sizes


      Code (inc. data)   RO Data    RW Data    ZI Data      Debug   Object Name

         0          0          0          0          0       4528   adc14.o
       244          4        256          0        184       2260   adrc.o
       854         44          0          2         60      12057   bling.o
     10480        918        144        316        444      30831   calibration.o
      1670          0          0          0         76       4910   calibrationroutines.o
       220         24          0         28          0       1898   compass.o
      1204        130          0         39         44       4237   control_althold.o
      1056        196          0         57          0       4586   control_land.o
       160         12          0         56          0       2713   control_poshold.o
      1192        174          0          8          0      11975   cs.o
       420         40          0          6          0       1033   developer_mode.o
       950         74          0          0        580      10493   filter.o
        40         12          0          0          0       1032   fpu.o
       284         46         76          0          0       6851   gpio.o
      1056        110          0          5        104       7274   gy53l1x.o
         0          0          0          0          0       4904   i2c.o
       280         34        144          0          0       3371   interrupt.o
       212          4          0         10         36       1320   ist8310.o
     12162       1482          0          8         64       9185   key.o
      2204        352          0        196         86     245532   license.o
       120         38          0          0          0       4688   main.o
       922        102          0         16        108       3957   mpu6050.o
       340         32          0          8          0       1345   my_task.o
        28          0          0         36          0       3081   myfile.o
       860         18          0          3          0      11287   myiic.o
      1636        186          0         90       1500       6684   namelesscorun_opticalflow.o
      4050        294          0         98        648      16404   namelesscotrun_sdk.o
      4704        200          0         26       1172       7479   nclink.o
      1692         62       3224          0          0       9195   oled.o
      3232        340          0        108         16       9770   opticalflow_control.o
       312         22        326          2          0       2081   opticalflow_lc306.o
      6594        326       1440          2       3638      14792   pid.o
       368         52          0         16         40       2353   ppm.o
      2694        280          0         56        408       6838   rc.o
        50          0          0          0          0        980   ringbuf.o
     10458        784          0        180        672      13566   sensor.o
      2420        224          0         90       1396       6217   sins.o
       502          0          0          0          0       5955   softiic.o
      1864         86          0         16         80       9430   spl06.o
      2256        140          0       1063          0      12513   ssd1306.o
        60         22        324          0        512        920   startup_msp432p401r_uvision.o
       128         22          0          0          0       2971   sysctl.o
       352         50          0          0          0        704   system.o
       180         30          0          4          0        811   system_msp432p401r.o
       604         58         80          8          0       3600   temperature_ctrl.o
       164         16          0          4          0       4653   time.o
       472         54         24          8        140       3934   time_cnt.o
       202          0          0          0          0       3707   timer32.o
         0          0          0          0          0       5580   timer_a.o
         0          0          0          0          0       3528   uart.o
       700         84          0         25         44       3848   us_100.o
      1004        176        144          0       2264       9431   usart.o
       300         46          0         18          0       2428   wp_adc.o
      3456        396          0         61         48      10668   wp_ctrl.o
       454          0          0          0        800       8412   wp_flash.o
      3162        260       2176          0          0      13521   wp_math.o
       448         74          0        192          0       3797   wp_pwm.o

    ----------------------------------------------------------------------
     91530       8130       8396       2896      15168     602118   Object Totals
         0          0         32          0          0          0   (incl. Generated)
        54          0          6         35          4          0   (incl. Padding)

    ----------------------------------------------------------------------

      Code (inc. data)   RO Data    RW Data    ZI Data      Debug   Library Member Name

        90          0          0          0          0          0   __dczerorl2.o
         8          0          0          0          0         68   __main.o
         0          0          0          0          0          0   __rtentry.o
        12          0          0          0          0          0   __rtentry2.o
         6          0          0          0          0          0   __rtentry4.o
        52          8          0          0          0          0   __scatter.o
        28          0          0          0          0          0   __scatter_zi.o
        22          0          0          0          0        100   _rserrno.o
        12          0          0          0          0         72   exit.o
         6          0          0          0          0        152   heapauxi.o
         0          0          0          0          0          0   indicate_semi.o
         2          0          0          0          0          0   libinit.o
         6          0          0          0          0          0   libinit2.o
         2          0          0          0          0          0   libshutdown.o
         2          0          0          0          0          0   libshutdown2.o
         8          4          0          0         96         68   libspace.o
         8          4          0          0          0         68   rt_errno_addr_intlibspace.o
        68          0          0          0          0         68   rt_memclr.o
        78          0          0          0          0         80   rt_memclr_w.o
       138          0          0          0          0         68   rt_memcpy_v6.o
       100          0          0          0          0         80   rt_memcpy_w.o
         2          0          0          0          0          0   rtexit.o
        10          0          0          0          0          0   rtexit2.o
        12          4          0          0          0         68   sys_exit.o
        74          0          0          0          0         80   sys_stackheap_outer.o
         2          0          0          0          0         68   use_no_semi.o
        24          0          0          0          0        164   basic.o
        98          4          0          0          0        140   d2f.o
       826         16          0          0          0        492   daddsub_clz.o
        24          0          0          0          0        116   dcmpi.o
       688        140          0          0          0        256   ddiv.o
        94          4          0          0          0        140   dfix.o
        84          0          0          0          0        232   dflt_clz.o
       120          4          0          0          0        140   dleqf.o
       340         12          0          0          0        152   dmul.o
       156          4          0          0          0        140   dnaninf.o
        12          0          0          0          0        116   dretinf.o
       108          0          0          0          0        128   drleqf.o
       408         56          0          0          0        168   dsqrt_umaal.o
        86          4          0          0          0        132   f2d.o
       140          4          0          0          0        132   fnaninf.o
        10          0          0          0          0        116   fpinit.o
        10          0          0          0          0        116   fretinf.o
         0          0          0          0          0          0   usenofp.o
       200         20          0          0          0        164   cos.o
       368         46         48          0          0        200   cos_i.o
       336         56          0          0          0        136   cosf.o
        84         16          0          0          0        372   dunder.o
        24          0          0          0          0        124   fabs.o
        48          0          0          0          0        124   fpclassify.o
        38          0          0          0          0        116   fpclassifyf.o
        38         12          0          0          0        348   funder.o
       248          0          0          0          0        152   poly.o
      1080        142        200          0          0        188   rred.o
       340         24         32          0          0        160   rredf.o
       200         20          0          0          0        164   sin.o
       304         24         40          0          0        208   sin_i.o
       122          0          0          0          0        148   sqrt.o
        58          0          0          0          0        136   sqrtf.o
       380         58          0          0          0        200   tanf.o

    ----------------------------------------------------------------------
      7866        686        320          0         96       6860   Library Totals
        22          0          0          0          0          0   (incl. Padding)

    ----------------------------------------------------------------------

      Code (inc. data)   RO Data    RW Data    ZI Data      Debug   Library Name

       748         20          0          0         96       1040   c_w.l
      3228        248          0          0          0       2880   fz_wm.l
      3868        418        320          0          0       2940   m_wm.l

    ----------------------------------------------------------------------
      7866        686        320          0         96       6860   Library Totals

    ----------------------------------------------------------------------

==============================================================================


      Code (inc. data)   RO Data    RW Data    ZI Data      Debug   

     99396       8816       8716       2896      15264     570610   Grand Totals
     99396       8816       8716        700      15264     570610   ELF Image Totals (compressed)
     99396       8816       8716        700          0          0   ROM Totals

==============================================================================

    Total RO  Size (Code + RO Data)               108112 ( 105.58kB)
    Total RW  Size (RW Data + ZI Data)             18160 (  17.73kB)
    Total ROM Size (Code + RO Data + RW Data)     108812 ( 106.26kB)

==============================================================================

